Component: ARM Compiler 5.06 update 6 (build 750) Tool: armlink [4d35ed]

==============================================================================

Section Cross References

    main.o(i.ADBEGIN) refers to main.o(i.NVIC_EnableIRQ) for NVIC_EnableIRQ
    main.o(i.ADBEGIN) refers to main.o(.data) for COUNT
    main.o(i.ADC0_IRQHandler) refers to mkl_adc.o(i.adcGetUint) for adcGetUint
    main.o(i.ADC0_IRQHandler) refers to llmul.o(.text) for __aeabi_lmul
    main.o(i.ADC0_IRQHandler) refers to main.o(.data) for value
    main.o(i.ADOVER) refers to main.o(i.NVIC_DisableIRQ) for NVIC_DisableIRQ
    main.o(i.ADanalogyinit) refers to mkl_adc.o(i.adcInit) for adcInit
    main.o(i.ADanalogyinit) refers to mkl_pit.o(i.pitInit) for pitInit
    main.o(i.ADanalogyinit) refers to main.o(i.NVIC_SetPriority) for NVIC_SetPriority
    main.o(i.ConnectIndication) refers to main.o(i.LED_SIGNAL) for LED_SIGNAL
    main.o(i.ConnectIndication) refers to mkl_lptmr.o(i.time_delay_ms) for time_delay_ms
    main.o(i.Connectfail) refers to main.o(i.LED_POWER) for LED_POWER
    main.o(i.Connectfail) refers to mkl_lptmr.o(i.time_delay_ms) for time_delay_ms
    main.o(i.EMU) refers to main.o(i.int_sqrt) for int_sqrt
    main.o(i.EMU) refers to fflti.o(.text) for __aeabi_ui2f
    main.o(i.EMU) refers to f2d.o(.text) for __aeabi_f2d
    main.o(i.EMU) refers to dmul.o(.text) for __aeabi_dmul
    main.o(i.EMU) refers to d2f.o(.text) for __aeabi_d2f
    main.o(i.EMU) refers to fmul.o(x$fpl$fmul) for __aeabi_fmul
    main.o(i.EMU) refers to fdiv.o(.text) for __aeabi_fdiv
    main.o(i.EMU) refers to clog.o(i.Clog_Float) for Clog_Float
    main.o(i.EMU) refers to main.o(.data) for AD_ASquare
    main.o(i.ENTER_VLPS) refers to segger_rtt_printf.o(i.SEGGER_RTT_printf) for SEGGER_RTT_printf
    main.o(i.ENTER_VLPS) refers to main.o(i.enter_vlps) for enter_vlps
    main.o(i.ENTER_VLPS) refers to mcg.o(i.what_mcg_mode) for what_mcg_mode
    main.o(i.ENTER_VLPS) refers to mcg.o(i.pbe_pee) for pbe_pee
    main.o(i.ENTER_VLPS) refers to main.o(i.clockMonitor) for clockMonitor
    main.o(i.ENTER_VLPS) refers to main.o(.data) for mcg_clk_hz
    main.o(i.IOinit) refers to main.o(i.NVIC_EnableIRQ) for NVIC_EnableIRQ
    main.o(i.Init_temp_parameter) refers to main.o(.data) for tx_condition
    main.o(i.LPTMR_init) refers to main.o(i.NVIC_EnableIRQ) for NVIC_EnableIRQ
    main.o(i.PORTC_PORTD_IRQHandler) refers to main.o(.data) for temp_data
    main.o(i.RTCBEGIN) refers to mkl_lpo_rtc.o(i.rtcInit) for rtcInit
    main.o(i.RTCBEGIN) refers to mkl_lpo_rtc.o(i.RTC_SetTime) for RTC_SetTime
    main.o(i.RTCBEGIN) refers to main.o(.bss) for td
    main.o(i.TPM1_IRQHandler) refers to fflti.o(.text) for __aeabi_ui2f
    main.o(i.TPM1_IRQHandler) refers to fdiv.o(.text) for __aeabi_fdiv
    main.o(i.TPM1_IRQHandler) refers to fmul.o(x$fpl$fmul) for __aeabi_fmul
    main.o(i.TPM1_IRQHandler) refers to faddsub.o(x$fpl$fsub) for __aeabi_fsub
    main.o(i.TPM1_IRQHandler) refers to main.o(.data) for outsidenum
    main.o(i.TPM1_init) refers to main.o(i.NVIC_EnableIRQ) for NVIC_EnableIRQ
    main.o(i.W25Qinit) refers to main.o(i.spigpioInit) for spigpioInit
    main.o(i.W25Qinit) refers to mkl_spi.o(i.spiInit) for spiInit
    main.o(i.WRW32Q128) refers to fmul.o(x$fpl$fmul) for __aeabi_fmul
    main.o(i.WRW32Q128) refers to f2d.o(.text) for __aeabi_f2d
    main.o(i.WRW32Q128) refers to daddsub.o(.text) for __aeabi_dadd
    main.o(i.WRW32Q128) refers to dfixui.o(.text) for __aeabi_d2uiz
    main.o(i.WRW32Q128) refers to mkl_lpo_rtc.o(i.RTC_GetTime) for RTC_GetTime
    main.o(i.WRW32Q128) refers to w25qxx.o(i.flash_write_data) for flash_write_data
    main.o(i.WRW32Q128) refers to flash.o(i.saveConfig) for saveConfig
    main.o(i.WRW32Q128) refers to main.o(.data) for Parameter
    main.o(i.WRW32Q128) refers to main.o(.bss) for td
    main.o(i.main) refers to segger_rtt_printf.o(i.SEGGER_RTT_printf) for SEGGER_RTT_printf
    main.o(i.main) refers to system8m.o(i.SystemCoreClockUpdate) for SystemCoreClockUpdate
    main.o(i.main) refers to main.o(i.IOinit) for IOinit
    main.o(i.main) refers to main.o(i.LED_POWER) for LED_POWER
    main.o(i.main) refers to flash.o(i.Configinit) for Configinit
    main.o(i.main) refers to main.o(i.ADanalogyinit) for ADanalogyinit
    main.o(i.main) refers to main.o(i.TPM1_init) for TPM1_init
    main.o(i.main) refers to mkl_uart.o(i.uart0Init) for uart0Init
    main.o(i.main) refers to mkl_uart.o(i.uart2Init) for uart2Init
    main.o(i.main) refers to main.o(i.RTCBEGIN) for RTCBEGIN
    main.o(i.main) refers to main.o(i.ADPowerSelect) for ADPowerSelect
    main.o(i.main) refers to main.o(i.GDPowerSelect) for GDPowerSelect
    main.o(i.main) refers to lm005a.o(i.LM005A_ADR_SET) for LM005A_ADR_SET
    main.o(i.main) refers to lm005a.o(i.LM005A_DR_SET) for LM005A_DR_SET
    main.o(i.main) refers to lm005a.o(i.LM005A_MODE_SET) for LM005A_MODE_SET
    main.o(i.main) refers to lm005a.o(i.LM005A_CLASS_SET) for LM005A_CLASS_SET
[...]
    i.NVIC_SetPriority                       0x00002c60   Section        0  mkl_uart.o(i.NVIC_SetPriority)
    NVIC_SetPriority                         0x00002c61   Thumb Code   110  mkl_uart.o(i.NVIC_SetPriority)
    i.OnOrganizeData1                        0x00002cd8   Section        0  modbus.o(i.OnOrganizeData1)
    i.OnOrganizeData2                        0x00002d5c   Section        0  modbus.o(i.OnOrganizeData2)
    i.PORTC_PORTD_IRQHandler                 0x00002de0   Section        0  main.o(i.PORTC_PORTD_IRQHandler)
    i.RDBYTES                                0x00002e10   Section        0  flash.o(i.RDBYTES)
    i.RTCBEGIN                               0x00002e2c   Section        0  main.o(i.RTCBEGIN)
    i.RTC_DateTimeToSecond                   0x00002e5c   Section        0  mkl_lpo_rtc.o(i.RTC_DateTimeToSecond)
    i.RTC_GetTime                            0x00002ee0   Section        0  mkl_lpo_rtc.o(i.RTC_GetTime)
    i.RTC_IRQHandler                         0x00002f00   Section        0  main.o(i.RTC_IRQHandler)
    i.RTC_SecondToDateTime                   0x00002f1c   Section        0  mkl_lpo_rtc.o(i.RTC_SecondToDateTime)
    i.RTC_SetTime                            0x00002fdc   Section        0  mkl_lpo_rtc.o(i.RTC_SetTime)
    i.RxdByte_uart2                          0x00003014   Section        0  modbus.o(i.RxdByte_uart2)
    i.SEGGER_RTT_Write                       0x000030c8   Section        0  segger_rtt.o(i.SEGGER_RTT_Write)
    i.SEGGER_RTT_WriteNoLock                 0x00003110   Section        0  segger_rtt.o(i.SEGGER_RTT_WriteNoLock)
    i.SEGGER_RTT_printf                      0x00003194   Section        0  segger_rtt_printf.o(i.SEGGER_RTT_printf)
    i.SEGGER_RTT_vprintf                     0x000031b8   Section        0  segger_rtt_printf.o(i.SEGGER_RTT_vprintf)
    i.SystemCoreClockUpdate                  0x000033d0   Section        0  system8m.o(i.SystemCoreClockUpdate)
    i.SystemInit                             0x0000352c   Section        0  system8m.o(i.SystemInit)
    i.TPM1_IRQHandler                        0x000035fc   Section        0  main.o(i.TPM1_IRQHandler)
    i.TPM1_init                              0x000036e4   Section        0  main.o(i.TPM1_init)
    i.UART0_IRQHandler                       0x00003730   Section        0  modbus.o(i.UART0_IRQHandler)
    i.UART1_IRQHandler                       0x000037b8   Section        0  mkl_uart.o(i.UART1_IRQHandler)
    i.UART2_IRQHandler                       0x000037d4   Section        0  modbus.o(i.UART2_IRQHandler)
    i.USART_CMD_LM005A                       0x00003840   Section        0  lm005a.o(i.USART_CMD_LM005A)
    i.USART_CMD_LM005A_data                  0x00003904   Section        0  lm005a.o(i.USART_CMD_LM005A_data)
    i.WRBYTES                                0x00003a1c   Section        0  flash.o(i.WRBYTES)
    i._DoInit                                0x00003ab0   Section        0  segger_rtt.o(i._DoInit)
    _DoInit                                  0x00003ab1   Thumb Code    74  segger_rtt.o(i._DoInit)
    i._GetAvailWriteSpace                    0x00003b20   Section        0  segger_rtt.o(i._GetAvailWriteSpace)
    _GetAvailWriteSpace                      0x00003b21   Thumb Code    28  segger_rtt.o(i._GetAvailWriteSpace)
    i._PrintInt                              0x00003b3c   Section        0  segger_rtt_printf.o(i._PrintInt)
    _PrintInt                                0x00003b3d   Thumb Code   270  segger_rtt_printf.o(i._PrintInt)
    i._PrintUnsigned                         0x00003c4c   Section        0  segger_rtt_printf.o(i._PrintUnsigned)
    _PrintUnsigned                           0x00003c4d   Thumb Code   280  segger_rtt_printf.o(i._PrintUnsigned)
    i._StoreChar                             0x00003d68   Section        0  segger_rtt_printf.o(i._StoreChar)
    _StoreChar                               0x00003d69   Thumb Code    68  segger_rtt_printf.o(i._StoreChar)
    i._WriteBlocking                         0x00003dac   Section        0  segger_rtt.o(i._WriteBlocking)
    _WriteBlocking                           0x00003dad   Thumb Code   122  segger_rtt.o(i._WriteBlocking)
    i._WriteNoCheck                          0x00003e26   Section        0  segger_rtt.o(i._WriteNoCheck)
    _WriteNoCheck                            0x00003e27   Thumb Code    74  segger_rtt.o(i._WriteNoCheck)
    i.__ARM_common_ll_muluu                  0x00003e70   Section        0  btod.o(i.__ARM_common_ll_muluu)
    i.__ARM_common_switch8                   0x00003ea0   Section        0  mkl_uart.o(i.__ARM_common_switch8)
    i.__ARM_fpclassify                       0x00003ebc   Section        0  fpclassify.o(i.__ARM_fpclassify)
    i.adcGetUint                             0x00003ee8   Section        0  mkl_adc.o(i.adcGetUint)
    i.adcInit                                0x00003f04   Section        0  mkl_adc.o(i.adcInit)
    i.clockMonitor                           0x00003f74   Section        0  main.o(i.clockMonitor)
    i.enter_vlps                             0x00003f98   Section        0  main.o(i.enter_vlps)
    i.getModbusData1                         0x00003fdc   Section        0  modbus.o(i.getModbusData1)
    i.getModbusData2                         0x000041b4   Section        0  modbus.o(i.getModbusData2)
    i.getTelLength_uart2                     0x000043f4   Section        0  modbus.o(i.getTelLength_uart2)
    i.getTxdByte_uart0                       0x00004458   Section        0  modbus.o(i.getTxdByte_uart0)
    i.getTxdByte_uart2                       0x00004494   Section        0  modbus.o(i.getTxdByte_uart2)
    i.hasByteToTxd_uart0                     0x000044d0   Section        0  modbus.o(i.hasByteToTxd_uart0)
    i.hasByteToTxd_uart2                     0x000044f8   Section        0  modbus.o(i.hasByteToTxd_uart2)
    i.int_sqrt                               0x00004520   Section        0  main.o(i.int_sqrt)
    i.isTelComplete_uart2                    0x00004550   Section        0  modbus.o(i.isTelComplete_uart2)
    i.isVaildTel_uart2                       0x000045ac   Section        0  modbus.o(i.isVaildTel_uart2)
    i.itoa                                   0x0000466c   Section        0  lm005a.o(i.itoa)
    itoa                                     0x0000466d   Thumb Code   122  lm005a.o(i.itoa)
    i.leftRxdTel_uart2                       0x000046ec   Section        0  modbus.o(i.leftRxdTel_uart2)
    i.loadConfig                             0x00004728   Section        0  flash.o(i.loadConfig)
    i.main                                   0x00004770   Section        0  main.o(i.main)
    i.pbe_pee                                0x00004bb8   Section        0  mcg.o(i.pbe_pee)
    i.pitInit                                0x00004c88   Section        0  mkl_pit.o(i.pitInit)
    i.receiveloop_uart2                      0x00004cc4   Section        0  modbus.o(i.receiveloop_uart2)
    i.reply_ack_uart2                        0x00004d48   Section        0  modbus.o(i.reply_ack_uart2)
    i.reply_adc_uart2                        0x00004db4   Section        0  modbus.o(i.reply_adc_uart2)
    i.reply_addr_uart2                       0x00004e38   Section        0  modbus.o(i.reply_addr_uart2)
    i.reply_crt_uart2                        0x00004eac   Section        0  modbus.o(i.reply_crt_uart2)
    i.reply_displacement_uart2               0x00004f30   Section        0  modbus.o(i.reply_displacement_uart2)
    i.reply_lmd_uart2                        0x00004f9c   Section        0  modbus.o(i.reply_lmd_uart2)
    i.reply_measure_uart2                    0x00005020   Section        0  modbus.o(i.reply_measure_uart2)
    i.reply_rate_uart2                       0x00005108   Section        0  modbus.o(i.reply_rate_uart2)
    i.rtcInit                                0x0000517c   Section        0  mkl_lpo_rtc.o(i.rtcInit)
    i.rtcIntConfig                           0x00005204   Section        0  main.o(i.rtcIntConfig)
    i.saveConfig                             0x0000529c   Section        0  flash.o(i.saveConfig)
    i.set_ack_uart2                          0x000052bc   Section        0  modbus.o(i.set_ack_uart2)
    i.set_adc_uart2                          0x000052e4   Section        0  modbus.o(i.set_adc_uart2)
    i.set_addr_uart2                         0x00005334   Section        0  modbus.o(i.set_addr_uart2)
    i.set_crt_uart2                          0x00005364   Section        0  modbus.o(i.set_crt_uart2)
    i.set_displacement_uart2                 0x000053b4   Section        0  modbus.o(i.set_displacement_uart2)
    i.set_lmd_uart2                          0x000053dc   Section        0  modbus.o(i.set_lmd_uart2)
    i.set_rate_uart2                         0x0000542c   Section        0  modbus.o(i.set_rate_uart2)
    i.startTxd_uart0                         0x00005460   Section        0  modbus.o(i.startTxd_uart0)
    i.startTxd_uart2                         0x00005472   Section        0  modbus.o(i.startTxd_uart2)
    i.time_delay_ms                          0x00005484   Section        0  mkl_lptmr.o(i.time_delay_ms)
    i.uart0GetChar                           0x000054d0   Section        0  mkl_uart.o(i.uart0GetChar)
    i.uart0Init                              0x000054e8   Section        0  mkl_uart.o(i.uart0Init)
    i.uart0SendChar                          0x0000563c   Section        0  mkl_uart.o(i.uart0SendChar)
    i.uart0TranControl                       0x00005654   Section        0  mkl_uart.o(i.uart0TranControl)
    i.uart1SendChar                          0x00005674   Section        0  mkl_uart.o(i.uart1SendChar)
    i.uart2GetChar                           0x0000568c   Section        0  mkl_uart.o(i.uart2GetChar)
    i.uart2Init                              0x000056a4   Section        0  mkl_uart.o(i.uart2Init)
    i.uart2SendChar                          0x00005780   Section        0  mkl_uart.o(i.uart2SendChar)
    i.uart2TranControl                       0x00005798   Section        0  mkl_uart.o(i.uart2TranControl)
    i.uart_send_data_uart0                   0x000057b8   Section        0  modbus.o(i.uart_send_data_uart0)
    i.uart_send_data_uart2                   0x000057ec   Section        0  modbus.o(i.uart_send_data_uart2)
    i.what_mcg_mode                          0x00005820   Section        0  mcg.o(i.what_mcg_mode)
    locale$$code                             0x000059a8   Section       44  lc_numeric_c.o(locale$$code)
    x$fpl$fadd                               0x000059d4   Section      140  faddsub.o(x$fpl$fadd)
    _fadd1                                   0x000059e1   Thumb Code     0  faddsub.o(x$fpl$fadd)
    x$fpl$fleqf                              0x00005a60   Section       84  flef.o(x$fpl$fleqf)
    x$fpl$fmul                               0x00005ab4   Section      176  fmul.o(x$fpl$fmul)
    x$fpl$frleqf                             0x00005b64   Section       88  frlef.o(x$fpl$frleqf)
    x$fpl$fsub                               0x00005bbc   Section      208  faddsub.o(x$fpl$fsub)
    _fsub1                                   0x00005bc9   Thumb Code     0  faddsub.o(x$fpl$fsub)
    x$fpl$printf1                            0x00005c8c   Section       16  printf1.o(x$fpl$printf1)
    .constdata                               0x00005c9c   Section       52  mkl_lpo_rtc.o(.constdata)
    x$fpl$usenofp                            0x00005c9c   Section        0  usenofp.o(x$fpl$usenofp)
    ULY                                      0x00005c9c   Data          13  mkl_lpo_rtc.o(.constdata)
    LY                                       0x00005ca9   Data          13  mkl_lpo_rtc.o(.constdata)
    MONTH_DAYS                               0x00005cb6   Data          26  mkl_lpo_rtc.o(.constdata)
    .constdata                               0x00005cd0   Section      512  modbus.o(.constdata)
    .constdata                               0x00005ed0   Section       16  segger_rtt_printf.o(.constdata)
    _aV2C                                    0x00005ed0   Data          16  segger_rtt_printf.o(.constdata)
    .constdata                               0x00005ee0   Section       64  fdiv.o(.constdata)
    fdiv_tab                                 0x00005ee0   Data          64  fdiv.o(.constdata)
    .constdata                               0x00005f20   Section      148  bigflt0.o(.constdata)
    tenpwrs_x                                0x00005f20   Data          60  bigflt0.o(.constdata)
    tenpwrs_i                                0x00005f5c   Data          64  bigflt0.o(.constdata)
    locale$$data                             0x00005fd4   Section       28  lc_numeric_c.o(locale$$data)
    __lcnum_c_name                           0x00005fd8   Data           2  lc_numeric_c.o(locale$$data)
    __lcnum_c_start                          0x00005fe0   Data           0  lc_numeric_c.o(locale$$data)
    __lcnum_c_point                          0x00005fec   Data           0  lc_numeric_c.o(locale$$data)
    __lcnum_c_thousands                      0x00005fee   Data           0  lc_numeric_c.o(locale$$data)
    __lcnum_c_grouping                       0x00005fef   Data           0  lc_numeric_c.o(locale$$data)
    __lcnum_c_end                            0x00005ff0   Data           0  lc_numeric_c.o(locale$$data)
    .data                                    0x1ffff800   Section     1052  main.o(.data)
    .data                                    0x1ffffc1c   Section        4  lm005a.o(.data)
    .data                                    0x1ffffc20   Section        8  system8m.o(.data)
    .data                                    0x1ffffc28   Section       12  modbus.o(.data)
    .data                                    0x1ffffc34   Section       20  flash.o(.data)
    .bss                                     0x1ffffc48   Section      896  main.o(.bss)
    .bss                                     0x1fffffc8   Section     1124  lm005a.o(.bss)
    .bss                                     0x2000042c   Section      256  modbus.o(.bss)
    .bss                                     0x2000052c   Section     1208  segger_rtt.o(.bss)
    _acUpBuffer                              0x200005d4   Data        1024  segger_rtt.o(.bss)
    _acDownBuffer                            0x200009d4   Data          16  segger_rtt.o(.bss)
    .bss                                     0x200009e4   Section       96  libspace.o(.bss)
    HEAP                                     0x20000a48   Section        0  startup_mkl25z4.o(HEAP)
    STACK                                    0x20000a48   Section     2048  startup_mkl25z4.o(STACK)
    Heap_Mem                                 0x20000a48   Data           0  startup_mkl25z4.o(HEAP)
    Stack_Mem                                0x20000a48   Data        2048  startup_mkl25z4.o(STACK)
    __initial_sp                             0x20001248   Data           0  startup_mkl25z4.o(STACK)

    Global Symbols

    Symbol Name                              Value     Ov Type        Size  Object(Section)

    BuildAttributes$$THM_ISAv3M$S$PE$A:L22$X:L11$S22$IEEE1$IW$USESV6$~STKCKD$USESV7$~SHL$OTIME$ROPI$IEEEJ$EBA8$UX$STANDARDLIB$REQ8$PRES8$EABIv2 0x00000000   Number         0  anon$$obj.o ABSOLUTE
    __ARM_use_no_argv                        0x00000000   Number         0  main.o ABSOLUTE
    __Vectors                                0x00000000   Data           4  startup_mkl25z4.o(RESET)
    __ARM_exceptions_init                     - Undefined Weak Reference
    __alloca_initialize                       - Undefined Weak Reference
    __arm_preinit_                            - Undefined Weak Reference
    __cpp_initialize__aeabi_                  - Undefined Weak Reference
    __cxa_finalize                            - Undefined Weak Reference
    __sigvec_lookup                           - Undefined Weak Reference
    _atexit_init                              - Undefined Weak Reference
    _call_atexit_fns                          - Undefined Weak Reference
    _clock_init                               - Undefined Weak Reference
    _fp_trap_init                             - Undefined Weak Reference
    _fp_trap_shutdown                         - Undefined Weak Reference
    _get_lc_collate                           - Undefined Weak Reference
    _get_lc_ctype                             - Undefined Weak Reference
    _get_lc_monetary                          - Undefined Weak Reference
    _get_lc_time                              - Undefined Weak Reference
    _getenv_init                              - Undefined Weak Reference
    _handle_redirection                       - Undefined Weak Reference
    _init_alloc                               - Undefined Weak Reference
    _init_user_alloc                          - Undefined Weak Reference
    _initio                                   - Undefined Weak Reference
    _printf_mbtowc                            - Undefined Weak Reference
    _printf_post_padding                      - Undefined Weak Reference
    _printf_pre_padding                       - Undefined Weak Reference
    _printf_truncate_signed                   - Undefined Weak Reference
    _printf_truncate_unsigned                 - Undefined Weak Reference
    _rand_init                                - Undefined Weak Reference
    _signal_finish                            - Undefined Weak Reference
    _signal_init                              - Undefined Weak Reference
    _terminate_alloc                          - Undefined Weak Reference
    _terminate_user_alloc                     - Undefined Weak Reference
    _terminateio                              - Undefined Weak Reference
    __Vectors_End                            0x000000c0   Data           0  startup_mkl25z4.o(RESET)
    __Vectors_Size                           0x000000c0   Number         0  startup_mkl25z4.o ABSOLUTE
    __main                                   0x000000c1   Thumb Code     8  __main.o(!!!main)
    __scatterload                            0x000000c9   Thumb Code     0  __scatter.o(!!!scatter)
    __scatterload_rt2                        0x000000c9   Thumb Code    52  __scatter.o(!!!scatter)
    __scatterload_rt2_thumb_only             0x000000c9   Thumb Code     0  __scatter.o(!!!scatter)
    __scatterload_null                       0x000000d9   Thumb Code     0  __scatter.o(!!!scatter)
    __scatterload_zeroinit                   0x00000105   Thumb Code    28  __scatter_zi.o(!!handler_zi)
    _printf_percent                          0x00000121   Thumb Code     0  _printf_percent.o(.ARM.Collect$$_printf_percent$$00000000)
    _printf_f                                0x00000123   Thumb Code     0  _printf_f.o(.ARM.Collect$$_printf_percent$$00000003)
    _printf_d                                0x0000012d   Thumb Code     0  _printf_d.o(.ARM.Collect$$_printf_percent$$00000009)
    _printf_s                                0x00000137   Thumb Code     0  _printf_s.o(.ARM.Collect$$_printf_percent$$00000014)
    _printf_percent_end                      0x00000141   Thumb Code     0  _printf_percent_end.o(.ARM.Collect$$_printf_percent$$00000017)
    __rt_lib_init                            0x00000145   Thumb Code     0  libinit.o(.ARM.Collect$$libinit$$00000000)
    __rt_lib_init_fp_1                       0x00000147   Thumb Code     0  libinit2.o(.ARM.Collect$$libinit$$00000002)
    __rt_lib_init_heap_1                     0x00000147   Thumb Code     0  libinit2.o(.ARM.Collect$$libinit$$0000000A)
    __rt_lib_init_lc_common                  0x00000147   Thumb Code     0  libinit2.o(.ARM.Collect$$libinit$$0000000F)
    __rt_lib_init_preinit_1                  0x00000147   Thumb Code     0  libinit2.o(.ARM.Collect$$libinit$$00000004)
    __rt_lib_init_rand_1                     0x00000147   Thumb Code     0  libinit2.o(.ARM.Collect$$libinit$$0000000E)
    __rt_lib_init_user_alloc_1               0x00000147   Thumb Code     0  libinit2.o(.ARM.Collect$$libinit$$0000000C)
    __rt_lib_init_lc_collate_1               0x0000014d   Thumb Code     0  libinit2.o(.ARM.Collect$$libinit$$00000011)
    __rt_lib_init_lc_ctype_1                 0x0000014d   Thumb Code     0  libinit2.o(.ARM.Collect$$libinit$$00000013)
    __rt_lib_init_lc_monetary_1              0x0000014d   Thumb Code     0  libinit2.o(.ARM.Collect$$libinit$$00000015)
    __rt_lib_init_lc_numeric_2               0x0000014d   Thumb Code     0  libinit2.o(.ARM.Collect$$libinit$$00000016)
    __rt_lib_init_alloca_1                   0x00000157   Thumb Code     0  libinit2.o(.ARM.Collect$$libinit$$0000002E)
    __rt_lib_init_argv_1                     0x00000157   Thumb Code     0  libinit2.o(.ARM.Collect$$libinit$$0000002C)
    __rt_lib_init_atexit_1                   0x00000157   Thumb Code     0  libinit2.o(.ARM.Collect$$libinit$$0000001B)
    __rt_lib_init_clock_1                    0x00000157   Thumb Code     0  libinit2.o(.ARM.Collect$$libinit$$00000021)
    __rt_lib_init_cpp_1                      0x00000157   Thumb Code     0  libinit2.o(.ARM.Collect$$libinit$$00000032)
    __rt_lib_init_exceptions_1               0x00000157   Thumb Code     0  libinit2.o(.ARM.Collect$$libinit$$00000030)
    __rt_lib_init_fp_trap_1                  0x00000157   Thumb Code     0  libinit2.o(.ARM.Collect$$libinit$$0000001F)
    __rt_lib_init_getenv_1                   0x00000157   Thumb Code     0  libinit2.o(.ARM.Collect$$libinit$$00000023)
    __rt_lib_init_lc_numeric_1               0x00000157   Thumb Code     0  libinit2.o(.ARM.Collect$$libinit$$00000017)
    __rt_lib_init_lc_time_1                  0x00000157   Thumb Code     0  libinit2.o(.ARM.Collect$$libinit$$00000019)
    __rt_lib_init_return                     0x00000157   Thumb Code     0  libinit2.o(.ARM.Collect$$libinit$$00000033)
    __rt_lib_init_signal_1                   0x00000157   Thumb Code     0  libinit2.o(.ARM.Collect$$libinit$$0000001D)
    __rt_lib_init_stdio_1                    0x00000157   Thumb Code     0  libinit2.o(.ARM.Collect$$libinit$$00000025)
    __rt_lib_shutdown                        0x00000159   Thumb Code     0  libshutdown.o(.ARM.Collect$$libshutdown$$00000000)
    __rt_lib_shutdown_cpp_1                  0x0000015b   Thumb Code     0  libshutdown2.o(.ARM.Collect$$libshutdown$$00000002)
    __rt_lib_shutdown_fp_trap_1              0x0000015b   Thumb Code     0  libshutdown2.o(.ARM.Collect$$libshutdown$$00000007)
    __rt_lib_shutdown_heap_1                 0x0000015b   Thumb Code     0  libshutdown2.o(.ARM.Collect$$libshutdown$$0000000F)
    __rt_lib_shutdown_return                 0x0000015b   Thumb Code     0  libshutdown2.o(.ARM.Collect$$libshutdown$$00000010)
    __rt_lib_shutdown_signal_1               0x0000015b   Thumb Code     0  libshutdown2.o(.ARM.Collect$$libshutdown$$0000000A)
    __rt_lib_shutdown_stdio_1                0x0000015b   Thumb Code     0  libshutdown2.o(.ARM.Collect$$libshutdown$$00000004)
    __rt_lib_shutdown_user_alloc_1           0x0000015b   Thumb Code     0  libshutdown2.o(.ARM.Collect$$libshutdown$$0000000C)
    __rt_entry                               0x0000015d   Thumb Code     0  __rtentry.o(.ARM.Collect$$rtentry$$00000000)
    __rt_entry_presh_1                       0x0000015d   Thumb Code     0  __rtentry2.o(.ARM.Collect$$rtentry$$00000002)
    __rt_entry_sh                            0x0000015d   Thumb Code     0  __rtentry4.o(.ARM.Collect$$rtentry$$00000004)
    __rt_entry_li                            0x00000163   Thumb Code     0  __rtentry2.o(.ARM.Collect$$rtentry$$0000000A)
    __rt_entry_postsh_1                      0x00000163   Thumb Code     0  __rtentry2.o(.ARM.Collect$$rtentry$$00000009)
    __rt_entry_main                          0x00000167   Thumb Code     0  __rtentry2.o(.ARM.Collect$$rtentry$$0000000D)
    __rt_entry_postli_1                      0x00000167   Thumb Code     0  __rtentry2.o(.ARM.Collect$$rtentry$$0000000C)
    __rt_exit                                0x0000016f   Thumb Code     0  rtexit.o(.ARM.Collect$$rtexit$$00000000)
    __rt_exit_ls                             0x00000171   Thumb Code     0  rtexit2.o(.ARM.Collect$$rtexit$$00000003)
    __rt_exit_prels_1                        0x00000171   Thumb Code     0  rtexit2.o(.ARM.Collect$$rtexit$$00000002)
    __rt_exit_exit                           0x00000175   Thumb Code     0  rtexit2.o(.ARM.Collect$$rtexit$$00000004)
    __aeabi_memcpy4                          0x0000017d   Thumb Code    56  rt_memcpy.o(.emb_text)
    __aeabi_memcpy8                          0x0000017d   Thumb Code     0  rt_memcpy.o(.emb_text)
    Reset_Handler                            0x000001b5   Thumb Code     8  startup_mkl25z4.o(.text)
    HardFault_Handler                        0x000001bf   Thumb Code     2  startup_mkl25z4.o(.text)
    SVC_Handler                              0x000001c1   Thumb Code     2  startup_mkl25z4.o(.text)
    PendSV_Handler                           0x000001c3   Thumb Code     2  startup_mkl25z4.o(.text)
    SysTick_Handler                          0x000001c5   Thumb Code     2  startup_mkl25z4.o(.text)
    CMP0_IRQHandler                          0x000001c7   Thumb Code     0  startup_mkl25z4.o(.text)
    DAC0_IRQHandler                          0x000001c7   Thumb Code     0  startup_mkl25z4.o(.text)
    DMA0_IRQHandler                          0x000001c7   Thumb Code     0  startup_mkl25z4.o(.text)
    DMA1_IRQHandler                          0x000001c7   Thumb Code     0  startup_mkl25z4.o(.text)
    DMA2_IRQHandler                          0x000001c7   Thumb Code     0  startup_mkl25z4.o(.text)
    DMA3_IRQHandler                          0x000001c7   Thumb Code     0  startup_mkl25z4.o(.text)
    DefaultISR                               0x000001c7   Thumb Code     0  startup_mkl25z4.o(.text)
    FTFA_IRQHandler                          0x000001c7   Thumb Code     0  startup_mkl25z4.o(.text)
    I2C0_IRQHandler                          0x000001c7   Thumb Code     0  startup_mkl25z4.o(.text)
    I2C1_IRQHandler                          0x000001c7   Thumb Code     0  startup_mkl25z4.o(.text)
    I2S_IRQHandler                           0x000001c7   Thumb Code     0  startup_mkl25z4.o(.text)
    LLW_IRQHandler                           0x000001c7   Thumb Code     0  startup_mkl25z4.o(.text)
    LVD_LVW_IRQHandler                       0x000001c7   Thumb Code     0  startup_mkl25z4.o(.text)
    MCG_IRQHandler                           0x000001c7   Thumb Code     0  startup_mkl25z4.o(.text)
    PIT_IRQHandler                           0x000001c7   Thumb Code     0  startup_mkl25z4.o(.text)
    PORTA_IRQHandler                         0x000001c7   Thumb Code     0  startup_mkl25z4.o(.text)
    RTC_Seconds_IRQHandler                   0x000001c7   Thumb Code     0  startup_mkl25z4.o(.text)
    Reserved20_IRQHandler                    0x000001c7   Thumb Code     0  startup_mkl25z4.o(.text)
    Reserved45_IRQHandler                    0x000001c7   Thumb Code     0  startup_mkl25z4.o(.text)
    SPI0_IRQHandler                          0x000001c7   Thumb Code     0  startup_mkl25z4.o(.text)
    SPI1_IRQHandler                          0x000001c7   Thumb Code     0  startup_mkl25z4.o(.text)
    TPM0_IRQHandler                          0x000001c7   Thumb Code     0  startup_mkl25z4.o(.text)
    TPM2_IRQHandler                          0x000001c7   Thumb Code     0  startup_mkl25z4.o(.text)
    TSI0_IRQHandler                          0x000001c7   Thumb Code     0  startup_mkl25z4.o(.text)
    USB0_IRQHandler                          0x000001c7   Thumb Code     0  startup_mkl25z4.o(.text)
    __user_initial_stackheap                 0x000001c9   Thumb Code     0  startup_mkl25z4.o(.text)
    __aeabi_lmul                             0x000001e9   Thumb Code    48  llmul.o(.text)
    _ll_mul                                  0x000001e9   Thumb Code     0  llmul.o(.text)
    __2sprintf                               0x00000219   Thumb Code    36  noretval__2sprintf.o(.text)
    __2snprintf                              0x00000241   Thumb Code    50  noretval__2snprintf.o(.text)
    __printf                                 0x00000279   Thumb Code   108  __printf.o(.text)
    _printf_str                              0x000002e5   Thumb Code    82  _printf_str.o(.text)
    _printf_int_dec                          0x00000339   Thumb Code    90  _printf_dec.o(.text)
    strstr                                   0x000003a5   Thumb Code    40  strstr.o(.text)
    __use_two_region_memory                  0x000003cd   Thumb Code     2  heapauxi.o(.text)
    __rt_heap_escrow$2region                 0x000003cf   Thumb Code     2  heapauxi.o(.text)
    __rt_heap_expand$2region                 0x000003d1   Thumb Code     2  heapauxi.o(.text)
    _sputc                                   0x000003d3   Thumb Code    10  _sputc.o(.text)
    _snputc                                  0x000003dd   Thumb Code    16  _snputc.o(.text)
    __rt_locale                              0x000003ed   Thumb Code     8  rt_locale_intlibspace.o(.text)
    __user_libspace                          0x000003f5   Thumb Code     8  libspace.o(.text)
    __user_perproc_libspace                  0x000003f5   Thumb Code     0  libspace.o(.text)
    __user_perthread_libspace                0x000003f5   Thumb Code     0  libspace.o(.text)
    __I$use$semihosting                      0x000003fd   Thumb Code     0  use_no_semi.o(.text)
    __use_no_semihosting_swi                 0x000003fd   Thumb Code     2  use_no_semi.o(.text)
    NMI_Handler                              0x000003ff   Thumb Code     2  system8m.o(i.NMI_Handler)
    __semihosting_library_function           0x000003ff   Thumb Code     0  indicate_semi.o(.text)
    strcpy                                   0x00000411   Thumb Code    70  strcpy.o(.text)
    __aeabi_memcpy                           0x0000045d   Thumb Code   130  rt_memcpy.o(.text)
    __rt_memcpy                              0x0000045d   Thumb Code     0  rt_memcpy.o(.text)
    _memset_w                                0x000004df   Thumb Code    26  rt_memclr.o(.text)
    _memset                                  0x000004f9   Thumb Code    30  rt_memclr.o(.text)
    __aeabi_memclr                           0x00000517   Thumb Code     4  rt_memclr.o(.text)
    __rt_memclr                              0x00000517   Thumb Code     0  rt_memclr.o(.text)
    __aeabi_memclr4                          0x0000051b   Thumb Code     0  rt_memclr.o(.text)
    __aeabi_memclr8                          0x0000051b   Thumb Code     0  rt_memclr.o(.text)
    __rt_memclr_w                            0x0000051b   Thumb Code     4  rt_memclr.o(.text)
    __aeabi_uidiv                            0x0000051f   Thumb Code     0  aeabi_sdiv.o(.text)
    __aeabi_uidivmod                         0x0000051f   Thumb Code    20  aeabi_sdiv.o(.text)
    __aeabi_idiv                             0x00000533   Thumb Code     0  aeabi_sdiv.o(.text)
    __aeabi_idivmod                          0x00000533   Thumb Code   326  aeabi_sdiv.o(.text)
    __aeabi_d2f                              0x00000679   Thumb Code     0  d2f.o(.text)
    _d2f                                     0x00000679   Thumb Code   120  d2f.o(.text)
    __aeabi_dadd                             0x000009ed   Thumb Code     0  daddsub.o(.text)
    _dadd                                    0x000009ed   Thumb Code    26  daddsub.o(.text)
    __aeabi_dsub                             0x00000a07   Thumb Code     0  daddsub.o(.text)
    _dsub                                    0x00000a07   Thumb Code    22  daddsub.o(.text)
    __aeabi_drsub                            0x00000a1d   Thumb Code     0  daddsub.o(.text)
    _drsb                                    0x00000a1d   Thumb Code    28  daddsub.o(.text)
    __aeabi_d2uiz                            0x00000a4d   Thumb Code     0  dfixui.o(.text)
    _dfixu                                   0x00000a4d   Thumb Code    68  dfixui.o(.text)
    __aeabi_dmul                             0x00000a95   Thumb Code     0  dmul.o(.text)
    _dmul                                    0x00000a95   Thumb Code   558  dmul.o(.text)
    __aeabi_f2d                              0x00000cdd   Thumb Code     0  f2d.o(.text)
    _f2d                                     0x00000cdd   Thumb Code    80  f2d.o(.text)
    __aeabi_fdiv                             0x00000d31   Thumb Code     0  fdiv.o(.text)
    _fdiv                                    0x00000d31   Thumb Code   334  fdiv.o(.text)
    _frdiv                                   0x00000e7f   Thumb Code     8  fdiv.o(.text)
    __aeabi_i2f_normalise                    0x00000e91   Thumb Code    72  fflti.o(.text)
    __aeabi_i2f                              0x00000ed9   Thumb Code    16  fflti.o(.text)
    _fflt                                    0x00000ed9   Thumb Code     0  fflti.o(.text)
    __aeabi_ui2f                             0x00000ee9   Thumb Code     6  fflti.o(.text)
    _ffltu                                   0x00000ee9   Thumb Code     0  fflti.o(.text)
    _printf_int_common                       0x00000eef   Thumb Code   176  _printf_intcommon.o(.text)
    __lib_sel_fp_printf                      0x00000fa1   Thumb Code     2  _printf_fp_dec.o(.text)
    _printf_fp_dec_real                      0x0000113f   Thumb Code   620  _printf_fp_dec.o(.text)
    _printf_char_common                      0x000013c3   Thumb Code    32  _printf_char_common.o(.text)
    _printf_cs_common                        0x000013e9   Thumb Code    22  _printf_char.o(.text)
    _printf_char                             0x000013ff   Thumb Code    16  _printf_char.o(.text)
    _printf_string                           0x0000140f   Thumb Code     8  _printf_char.o(.text)
    __rt_udiv10                              0x00001417   Thumb Code    40  rtudiv10.o(.text)
    __fpl_fcmp_InfNaN                        0x00001441   Thumb Code    96  fcmpin.o(.text)
    _ll_udiv10                               0x000014a5   Thumb Code   122  lludiv10.o(.text)
    _printf_fp_infnan                        0x00001521   Thumb Code   120  _printf_fp_infnan.o(.text)
    _btod_etento                             0x000015a9   Thumb Code   210  bigflt0.o(.text)
    _btod_d2e                                0x00001681   Thumb Code    64  btod.o(.text)
    _btod_emul                               0x00001ab5   Thumb Code    28  btod.o(.text)
    _btod_emuld                              0x00001ad1   Thumb Code   144  btod.o(.text)
    _btod_ediv                               0x00001b61   Thumb Code    26  btod.o(.text)
    _btod_edivd                              0x00001b7b   Thumb Code   124  btod.o(.text)
    __fpl_cmpreturn                          0x00001c01   Thumb Code    46  cmpret.o(.text)
    __fpl_fcheck_NaN2                        0x00001c31   Thumb Code    10  fnan2.o(.text)
    __user_setup_stackheap                   0x00001c41   Thumb Code    62  sys_stackheap_outer.o(.text)
    exit                                     0x00001c7f   Thumb Code    16  exit.o(.text)
    strcmp                                   0x00001c91   Thumb Code   132  strcmp.o(.text)
    __fpl_return_NaN                         0x00001d19   Thumb Code    94  retnan.o(.text)
    _sys_exit                                0x00001d79   Thumb Code     8  sys_exit.o(.text)
    __decompress                             0x00001d85   Thumb Code     0  __dczerorl2.o(.text)
    __decompress1                            0x00001d85   Thumb Code    86  __dczerorl2.o(.text)
    ADBEGIN                                  0x00001ddd   Thumb Code    16  main.o(i.ADBEGIN)
    ADC0_IRQHandler                          0x00001df1   Thumb Code   446  main.o(i.ADC0_IRQHandler)
    ADOVER                                   0x00001fed   Thumb Code    10  main.o(i.ADOVER)
    ADPowerSelect                            0x00001ff9   Thumb Code    22  main.o(i.ADPowerSelect)
    ADanalogyinit                            0x00002015   Thumb Code    56  main.o(i.ADanalogyinit)
    CRC16ISR0                                0x00002051   Thumb Code    46  modbus.o(i.CRC16ISR0)
    CRC16ISR1                                0x00002089   Thumb Code    46  modbus.o(i.CRC16ISR1)
    Clog_Float                               0x000020c1   Thumb Code    44  clog.o(i.Clog_Float)
    Configinit                               0x000020f9   Thumb Code     8  flash.o(i.Configinit)
    ConnectIndication                        0x00002101   Thumb Code    52  main.o(i.ConnectIndication)
    Connectfail                              0x00002135   Thumb Code    52  main.o(i.Connectfail)
    Disable485TXD_uart0                      0x00002169   Thumb Code    12  modbus.o(i.Disable485TXD_uart0)
    Disable485TXD_uart2                      0x00002179   Thumb Code    12  modbus.o(i.Disable485TXD_uart2)
    EMU                                      0x00002189   Thumb Code   376  main.o(i.EMU)
    ENTER_VLPS                               0x00002371   Thumb Code   120  main.o(i.ENTER_VLPS)
    Enable485TXD_uart0                       0x00002409   Thumb Code    12  modbus.o(i.Enable485TXD_uart0)
    Enable485TXD_uart2                       0x00002419   Thumb Code    12  modbus.o(i.Enable485TXD_uart2)
    FLASH_EraseSector                        0x00002429   Thumb Code    44  flash.o(i.FLASH_EraseSector)
    FlashCmdStart                            0x00002459   Thumb Code    40  flash.o(i.FlashCmdStart)
    GDPowerSelect                            0x0000248d   Thumb Code    22  main.o(i.GDPowerSelect)
    IOinit                                   0x000024a9   Thumb Code   642  main.o(i.IOinit)
    Init_temp_parameter                      0x00002745   Thumb Code    20  main.o(i.Init_temp_parameter)
    Init_uart0_TO_GPIO                       0x00002769   Thumb Code    70  main.o(i.Init_uart0_TO_GPIO)
    LED_POWER                                0x000027b9   Thumb Code    22  main.o(i.LED_POWER)
    LED_SIGNAL                               0x000027d5   Thumb Code    22  main.o(i.LED_SIGNAL)
    LM005A_ADR_SET                           0x000027f1   Thumb Code    42  lm005a.o(i.LM005A_ADR_SET)
    LM005A_CLASS_SET                         0x00002845   Thumb Code    42  lm005a.o(i.LM005A_CLASS_SET)
    LM005A_Cmd                               0x0000289d   Thumb Code   184  lm005a.o(i.LM005A_Cmd)
    LM005A_DR_SET                            0x0000296d   Thumb Code    42  lm005a.o(i.LM005A_DR_SET)
    LM005A_JOIN_SET                          0x000029c1   Thumb Code    36  lm005a.o(i.LM005A_JOIN_SET)
    LM005A_MODE_SET                          0x00002a11   Thumb Code    42  lm005a.o(i.LM005A_MODE_SET)
    LM005A_POWER_SET                         0x00002a65   Thumb Code    42  lm005a.o(i.LM005A_POWER_SET)
    LM005A_SEND_DATA_Without_Receive         0x00002abd   Thumb Code    44  lm005a.o(i.LM005A_SEND_DATA_Without_Receive)
    LM005A_returnOK                          0x00002afd   Thumb Code   152  lm005a.o(i.LM005A_returnOK)
    LPTimer_IRQHandler                       0x00002b99   Thumb Code    14  main.o(i.LPTimer_IRQHandler)
    OnOrganizeData1                          0x00002cd9   Thumb Code   122  modbus.o(i.OnOrganizeData1)
    OnOrganizeData2                          0x00002d5d   Thumb Code   122  modbus.o(i.OnOrganizeData2)
    PORTC_PORTD_IRQHandler                   0x00002de1   Thumb Code    38  main.o(i.PORTC_PORTD_IRQHandler)
    RDBYTES                                  0x00002e11   Thumb Code    28  flash.o(i.RDBYTES)
    RTCBEGIN                                 0x00002e2d   Thumb Code    40  main.o(i.RTCBEGIN)
    RTC_DateTimeToSecond                     0x00002e5d   Thumb Code   118  mkl_lpo_rtc.o(i.RTC_DateTimeToSecond)
    RTC_GetTime                              0x00002ee1   Thumb Code    28  mkl_lpo_rtc.o(i.RTC_GetTime)
    RTC_IRQHandler                           0x00002f01   Thumb Code    24  main.o(i.RTC_IRQHandler)
    RTC_SecondToDateTime                     0x00002f1d   Thumb Code   176  mkl_lpo_rtc.o(i.RTC_SecondToDateTime)
    RTC_SetTime                              0x00002fdd   Thumb Code    50  mkl_lpo_rtc.o(i.RTC_SetTime)
    RxdByte_uart2                            0x00003015   Thumb Code   164  modbus.o(i.RxdByte_uart2)
    SEGGER_RTT_Write                         0x000030c9   Thumb Code    66  segger_rtt.o(i.SEGGER_RTT_Write)
    SEGGER_RTT_WriteNoLock                   0x00003111   Thumb Code   128  segger_rtt.o(i.SEGGER_RTT_WriteNoLock)
    SEGGER_RTT_printf                        0x00003195   Thumb Code    36  segger_rtt_printf.o(i.SEGGER_RTT_printf)
    SEGGER_RTT_vprintf                       0x000031b9   Thumb Code   536  segger_rtt_printf.o(i.SEGGER_RTT_vprintf)
    SystemCoreClockUpdate                    0x000033d1   Thumb Code   320  system8m.o(i.SystemCoreClockUpdate)
    SystemInit                               0x0000352d   Thumb Code   176  system8m.o(i.SystemInit)
    TPM1_IRQHandler                          0x000035fd   Thumb Code   194  main.o(i.TPM1_IRQHandler)
    TPM1_init                                0x000036e5   Thumb Code    64  main.o(i.TPM1_init)
    UART0_IRQHandler                         0x00003731   Thumb Code   126  modbus.o(i.UART0_IRQHandler)
    UART1_IRQHandler                         0x000037b9   Thumb Code    24  mkl_uart.o(i.UART1_IRQHandler)
    UART2_IRQHandler                         0x000037d5   Thumb Code   104  modbus.o(i.UART2_IRQHandler)
    USART_CMD_LM005A                         0x00003841   Thumb Code   186  lm005a.o(i.USART_CMD_LM005A)
    USART_CMD_LM005A_data                    0x00003905   Thumb Code   262  lm005a.o(i.USART_CMD_LM005A_data)
    WRBYTES                                  0x00003a1d   Thumb Code   142  flash.o(i.WRBYTES)
    __ARM_common_ll_muluu                    0x00003e71   Thumb Code    48  btod.o(i.__ARM_common_ll_muluu)
    __ARM_common_switch8                     0x00003ea1   Thumb Code    28  mkl_uart.o(i.__ARM_common_switch8)
    __ARM_fpclassify                         0x00003ebd   Thumb Code    40  fpclassify.o(i.__ARM_fpclassify)
    adcGetUint                               0x00003ee9   Thumb Code    22  mkl_adc.o(i.adcGetUint)
    adcInit                                  0x00003f05   Thumb Code    96  mkl_adc.o(i.adcInit)
    clockMonitor                             0x00003f75   Thumb Code    32  main.o(i.clockMonitor)
    enter_vlps                               0x00003f99   Thumb Code    58  main.o(i.enter_vlps)
    getModbusData1                           0x00003fdd   Thumb Code   442  modbus.o(i.getModbusData1)
    getModbusData2                           0x000041b5   Thumb Code   548  modbus.o(i.getModbusData2)
    getTelLength_uart2                       0x000043f5   Thumb Code    94  modbus.o(i.getTelLength_uart2)
    getTxdByte_uart0                         0x00004459   Thumb Code    48  modbus.o(i.getTxdByte_uart0)
    getTxdByte_uart2                         0x00004495   Thumb Code    48  modbus.o(i.getTxdByte_uart2)
    hasByteToTxd_uart0                       0x000044d1   Thumb Code    30  modbus.o(i.hasByteToTxd_uart0)
    hasByteToTxd_uart2                       0x000044f9   Thumb Code    30  modbus.o(i.hasByteToTxd_uart2)
    int_sqrt                                 0x00004521   Thumb Code    46  main.o(i.int_sqrt)
    isTelComplete_uart2                      0x00004551   Thumb Code    82  modbus.o(i.isTelComplete_uart2)
    isVaildTel_uart2                         0x000045ad   Thumb Code   182  modbus.o(i.isVaildTel_uart2)
    leftRxdTel_uart2                         0x000046ed   Thumb Code    52  modbus.o(i.leftRxdTel_uart2)
    loadConfig                               0x00004729   Thumb Code    60  flash.o(i.loadConfig)
    main                                     0x00004771   Thumb Code   896  main.o(i.main)
    pbe_pee                                  0x00004bb9   Thumb Code   204  mcg.o(i.pbe_pee)
    pitInit                                  0x00004c89   Thumb Code    48  mkl_pit.o(i.pitInit)
    receiveloop_uart2                        0x00004cc5   Thumb Code   126  modbus.o(i.receiveloop_uart2)
    reply_ack_uart2                          0x00004d49   Thumb Code    94  modbus.o(i.reply_ack_uart2)
    reply_adc_uart2                          0x00004db5   Thumb Code   120  modbus.o(i.reply_adc_uart2)
    reply_addr_uart2                         0x00004e39   Thumb Code   102  modbus.o(i.reply_addr_uart2)
    reply_crt_uart2                          0x00004ead   Thumb Code   120  modbus.o(i.reply_crt_uart2)
    reply_displacement_uart2                 0x00004f31   Thumb Code    94  modbus.o(i.reply_displacement_uart2)
    reply_lmd_uart2                          0x00004f9d   Thumb Code   120  modbus.o(i.reply_lmd_uart2)
    reply_measure_uart2                      0x00005021   Thumb Code   218  modbus.o(i.reply_measure_uart2)
    reply_rate_uart2                         0x00005109   Thumb Code   102  modbus.o(i.reply_rate_uart2)
    rtcInit                                  0x0000517d   Thumb Code   118  mkl_lpo_rtc.o(i.rtcInit)
    rtcIntConfig                             0x00005205   Thumb Code   146  main.o(i.rtcIntConfig)
    saveConfig                               0x0000529d   Thumb Code    26  flash.o(i.saveConfig)
    set_ack_uart2                            0x000052bd   Thumb Code    28  modbus.o(i.set_ack_uart2)
    set_adc_uart2                            0x000052e5   Thumb Code    68  modbus.o(i.set_adc_uart2)
    set_addr_uart2                           0x00005335   Thumb Code    36  modbus.o(i.set_addr_uart2)
    set_crt_uart2                            0x00005365   Thumb Code    68  modbus.o(i.set_crt_uart2)
    set_displacement_uart2                   0x000053b5   Thumb Code    28  modbus.o(i.set_displacement_uart2)
    set_lmd_uart2                            0x000053dd   Thumb Code    68  modbus.o(i.set_lmd_uart2)
    set_rate_uart2                           0x0000542d   Thumb Code    38  modbus.o(i.set_rate_uart2)
    startTxd_uart0                           0x00005461   Thumb Code    18  modbus.o(i.startTxd_uart0)
    startTxd_uart2                           0x00005473   Thumb Code    18  modbus.o(i.startTxd_uart2)
    time_delay_ms                            0x00005485   Thumb Code    66  mkl_lptmr.o(i.time_delay_ms)
    uart0GetChar                             0x000054d1   Thumb Code    18  mkl_uart.o(i.uart0GetChar)
    uart0Init                                0x000054e9   Thumb Code   324  mkl_uart.o(i.uart0Init)
    uart0SendChar                            0x0000563d   Thumb Code    18  mkl_uart.o(i.uart0SendChar)
    uart0TranControl                         0x00005655   Thumb Code    28  mkl_uart.o(i.uart0TranControl)
    uart1SendChar                            0x00005675   Thumb Code    18  mkl_uart.o(i.uart1SendChar)
    uart2GetChar                             0x0000568d   Thumb Code    18  mkl_uart.o(i.uart2GetChar)
    uart2Init                                0x000056a5   Thumb Code   204  mkl_uart.o(i.uart2Init)
    uart2SendChar                            0x00005781   Thumb Code    18  mkl_uart.o(i.uart2SendChar)
    uart2TranControl                         0x00005799   Thumb Code    28  mkl_uart.o(i.uart2TranControl)
    uart_send_data_uart0                     0x000057b9   Thumb Code    40  modbus.o(i.uart_send_data_uart0)
    uart_send_data_uart2                     0x000057ed   Thumb Code    40  modbus.o(i.uart_send_data_uart2)
    what_mcg_mode                            0x00005821   Thumb Code   388  mcg.o(i.what_mcg_mode)
    _get_lc_numeric                          0x000059a9   Thumb Code    44  lc_numeric_c.o(locale$$code)
    __aeabi_fadd                             0x000059d5   Thumb Code     0  faddsub.o(x$fpl$fadd)
    _fadd                                    0x000059d5   Thumb Code   134  faddsub.o(x$fpl$fadd)
    __aeabi_cfcmple                          0x00005a61   Thumb Code     0  flef.o(x$fpl$fleqf)
    _fcmple                                  0x00005a61   Thumb Code    78  flef.o(x$fpl$fleqf)
    __aeabi_fmul                             0x00005ab5   Thumb Code     0  fmul.o(x$fpl$fmul)
    _fmul                                    0x00005ab5   Thumb Code   172  fmul.o(x$fpl$fmul)
    __aeabi_cfrcmple                         0x00005b65   Thumb Code     0  frlef.o(x$fpl$frleqf)
    _frcmple                                 0x00005b65   Thumb Code    84  frlef.o(x$fpl$frleqf)
    __aeabi_fsub                             0x00005bbd   Thumb Code     0  faddsub.o(x$fpl$fsub)
    _fsub                                    0x00005bbd   Thumb Code   204  faddsub.o(x$fpl$fsub)
    _printf_fp_dec                           0x00005c8d   Thumb Code    16  printf1.o(x$fpl$printf1)
    __I$use$fp                               0x00005c9c   Number         0  usenofp.o(x$fpl$usenofp)
    auchCRCHi                                0x00005cd0   Data         256  modbus.o(.constdata)
    auchCRCLo                                0x00005dd0   Data         256  modbus.o(.constdata)
    Region$$Table$$Base                      0x00005fb4   Number         0  anon$$obj.o(Region$$Table)
    Region$$Table$$Limit                     0x00005fd4   Number         0  anon$$obj.o(Region$$Table)
    ZERO                                     0x1ffff800   Data           4  main.o(.data)
    AD_ZERO                                  0x1ffff808   Data           8  main.o(.data)
    AD_ASquare                               0x1ffff810   Data           4  main.o(.data)
    AD_VSquare                               0x1ffff814   Data           4  main.o(.data)
    AD_XSquare                               0x1ffff818   Data           4  main.o(.data)
    AD_Inter                                 0x1ffff820   Data           8  main.o(.data)
    AD_AInter                                0x1ffff828   Data           8  main.o(.data)
    AD_VInter                                0x1ffff830   Data           8  main.o(.data)
    AD_Adate                                 0x1ffff838   Data           8  main.o(.data)
    AD_Vdate                                 0x1ffff840   Data           8  main.o(.data)
    AD_Xdate                                 0x1ffff848   Data           8  main.o(.data)
    AD_add                                   0x1ffff850   Data           8  main.o(.data)
    COUNT                                    0x1ffff858   Data           2  main.o(.data)
    SHOWCOUNT                                0x1ffff85a   Data           2  main.o(.data)
    waitforreceivetime                       0x1ffff85c   Data           4  main.o(.data)
    FLASH_SIZE                               0x1ffff860   Data           4  main.o(.data)
    FLASH_WRADDR                             0x1ffff864   Data           4  main.o(.data)
    tx_condition                             0x1ffff868   Data           1  main.o(.data)
    TX_Time_counter                          0x1ffff86c   Data           4  main.o(.data)
    TX_pre_counter                           0x1ffff870   Data           4  main.o(.data)
    temp_data                                0x1ffff874   Data           4  main.o(.data)
    temp_data0                               0x1ffff878   Data           4  main.o(.data)
    temp                                     0x1ffff87c   Data           4  main.o(.data)
    GDConnect1                               0x1ffff880   Data           1  main.o(.data)
    GDConnect2                               0x1ffff881   Data           1  main.o(.data)
    SaveBuf                                  0x1ffff882   Data          20  main.o(.data)
    value                                    0x1ffff898   Data           4  main.o(.data)
    value1                                   0x1ffff89c   Data           4  main.o(.data)
    vvalue                                   0x1ffff8a0   Data           8  main.o(.data)
    xvalue                                   0x1ffff8a8   Data           8  main.o(.data)
    config                                   0x1ffff8b0   Data         288  main.o(.data)
    Parameter                                0x1ffff9d0   Data         440  main.o(.data)
    AdjustData                               0x1ffffb88   Data          48  main.o(.data)
    batteryCanboardtime                      0x1ffffbb8   Data           2  main.o(.data)
    currentboardtime                         0x1ffffbba   Data           2  main.o(.data)
    RMS_value                                0x1ffffbbc   Data           4  main.o(.data)
    RTC_SECONDS                              0x1ffffbc0   Data           4  main.o(.data)
    countter                                 0x1ffffbc4   Data           4  main.o(.data)
    measureFlag                              0x1ffffbc8   Data           1  main.o(.data)
    enterVLLSOflag                           0x1ffffbc9   Data           1  main.o(.data)
    mcg_clk_hz                               0x1ffffbcc   Data           4  main.o(.data)
    mcg_clk_khz                              0x1ffffbd0   Data           4  main.o(.data)
    core_clk_khz                             0x1ffffbd4   Data           4  main.o(.data)
    uart0_clk_khz                            0x1ffffbd8   Data           4  main.o(.data)
    fast_irc_freq                            0x1ffffbdc   Data           4  main.o(.data)
    slow_irc_freq                            0x1ffffbe0   Data           4  main.o(.data)
    df_table_num                             0x1ffffbe4   Data           4  main.o(.data)
    lastworkcycle                            0x1ffffbe8   Data           2  main.o(.data)
    boardtime                                0x1ffffbea   Data           2  main.o(.data)
    reference_voltage                        0x1ffffbec   Data           4  main.o(.data)
    temperature_voltage                      0x1ffffbf0   Data           4  main.o(.data)
    intervalclock                            0x1ffffbf4   Data           4  main.o(.data)
    nextclock                                0x1ffffbf8   Data           4  main.o(.data)
    vlpsstartclock                           0x1ffffbfc   Data           4  main.o(.data)
    intervalue                               0x1ffffc00   Data           8  main.o(.data)
    outsidenum                               0x1ffffc08   Data           4  main.o(.data)
    Resetflag                                0x1ffffc0c   Data           1  main.o(.data)
    InputIOtimer                             0x1ffffc10   Data           4  main.o(.data)
    config_addr                              0x1ffffc14   Data           2  main.o(.data)
    waitreceive_count                        0x1ffffc18   Data           4  main.o(.data)
    ATcmdLength                              0x1ffffc1c   Data           4  lm005a.o(.data)
    SystemCoreClock                          0x1ffffc20   Data           4  system8m.o(.data)
    SystemBusClock                           0x1ffffc24   Data           4  system8m.o(.data)
    TxdBytes_uart0                           0x1ffffc28   Data           1  modbus.o(.data)
    TxdBytes_uart2                           0x1ffffc29   Data           1  modbus.o(.data)
    TxdTelBytes_uart0                        0x1ffffc2a   Data           1  modbus.o(.data)
    TxdTelBytes_uart2                        0x1ffffc2b   Data           1  modbus.o(.data)
    TxdCmdBuf_uart0Length                    0x1ffffc2c   Data           1  modbus.o(.data)
    TxdCmdBuf_uart2Length                    0x1ffffc2d   Data           1  modbus.o(.data)
    ReceivedTel_uart0                        0x1ffffc2e   Data           1  modbus.o(.data)
    ReceivedTel_uart2                        0x1ffffc2f   Data           1  modbus.o(.data)
    RxdBytes_uart0                           0x1ffffc30   Data           1  modbus.o(.data)
    RxdBytes_uart2                           0x1ffffc31   Data           1  modbus.o(.data)
    RxdCmdBuf_uart0Length                    0x1ffffc32   Data           1  modbus.o(.data)
    RxdCmdBuf_uart2Length                    0x1ffffc33   Data           1  modbus.o(.data)
    s_flash_command_run                      0x1ffffc34   Data          14  flash.o(.data)
    s_flash_run_entry                        0x1ffffc44   Data           4  flash.o(.data)
    RDBuf                                    0x1ffffc48   Data          20  main.o(.bss)
    td                                       0x1ffffc5c   Data          12  main.o(.bss)
    ram_data                                 0x1ffffc68   Data         864  main.o(.bss)
    strLM005A_Fram_Record                    0x1fffffc8   Data         100  lm005a.o(.bss)
    ATcmd                                    0x2000002c   Data        1024  lm005a.o(.bss)
    TxdBuf_uart0                             0x2000042c   Data          32  modbus.o(.bss)
    TxdBuf_uart2                             0x2000044c   Data          32  modbus.o(.bss)
    TxdCmdBuf_uart0                          0x2000046c   Data          32  modbus.o(.bss)
    TxdCmdBuf_uart2                          0x2000048c   Data          32  modbus.o(.bss)
    RxdBuf_uart0                             0x200004ac   Data          32  modbus.o(.bss)
    RxdBuf_uart2                             0x200004cc   Data          32  modbus.o(.bss)
    RxdCmdBuf_uart0                          0x200004ec   Data          32  modbus.o(.bss)
    RxdCmdBuf_uart2                          0x2000050c   Data          32  modbus.o(.bss)
    _SEGGER_RTT                              0x2000052c   Data         168  segger_rtt.o(.bss)
    __libspace_start                         0x200009e4   Data          96  libspace.o(.bss)
    __temporary_stack_top$libspace           0x20000a44   Data           0  libspace.o(.bss)



==============================================================================

Memory Map of the image

  Image Entry point : 0x000000c1

  Load Region LR_IROM1 (Base: 0x00000000, Size: 0x00006438, Max: 0x00010000, ABSOLUTE, COMPRESSED[0x000060a8])

    Execution Region ER_IROM1 (Exec base: 0x00000000, Load base: 0x00000000, Size: 0x00005ff0, Max: 0x00010000, ABSOLUTE)

    Exec Addr    Load Addr    Size         Type   Attr      Idx    E Section Name        Object

    0x00000000   0x00000000   0x000000c0   Data   RO         1285    RESET               startup_mkl25z4.o
    0x000000c0   0x000000c0   0x00000008   Code   RO         2152  * !!!main             c_p.l(__main.o)
    0x000000c8   0x000000c8   0x0000003c   Code   RO         2414    !!!scatter          c_p.l(__scatter.o)
    0x00000104   0x00000104   0x0000001c   Code   RO         2416    !!handler_zi        c_p.l(__scatter_zi.o)
    0x00000120   0x00000120   0x00000002   Code   RO         2133    .ARM.Collect$$_printf_percent$$00000000  c_p.l(_printf_percent.o)
    0x00000122   0x00000122   0x0000000a   Code   RO         2132    .ARM.Collect$$_printf_percent$$00000003  c_p.l(_printf_f.o)
    0x0000012c   0x0000012c   0x0000000a   Code   RO         2131    .ARM.Collect$$_printf_percent$$00000009  c_p.l(_printf_d.o)
    0x00000136   0x00000136   0x0000000a   Code   RO         2130    .ARM.Collect$$_printf_percent$$00000014  c_p.l(_printf_s.o)
    0x00000140   0x00000140   0x00000004   Code   RO         2211    .ARM.Collect$$_printf_percent$$00000017  c_p.l(_printf_percent_end.o)
    0x00000144   0x00000144   0x00000002   Code   RO         2282    .ARM.Collect$$libinit$$00000000  c_p.l(libinit.o)
    0x00000146   0x00000146   0x00000000   Code   RO         2284    .ARM.Collect$$libinit$$00000002  c_p.l(libinit2.o)
    0x00000146   0x00000146   0x00000000   Code   RO         2286    .ARM.Collect$$libinit$$00000004  c_p.l(libinit2.o)
    0x00000146   0x00000146   0x00000000   Code   RO         2289    .ARM.Collect$$libinit$$0000000A  c_p.l(libinit2.o)
    0x00000146   0x00000146   0x00000000   Code   RO         2291    .ARM.Collect$$libinit$$0000000C  c_p.l(libinit2.o)
    0x00000146   0x00000146   0x00000000   Code   RO         2293    .ARM.Collect$$libinit$$0000000E  c_p.l(libinit2.o)
    0x00000146   0x00000146   0x00000006   Code   RO         2294    .ARM.Collect$$libinit$$0000000F  c_p.l(libinit2.o)
    0x0000014c   0x0000014c   0x00000000   Code   RO         2296    .ARM.Collect$$libinit$$00000011  c_p.l(libinit2.o)
    0x0000014c   0x0000014c   0x00000000   Code   RO         2298    .ARM.Collect$$libinit$$00000013  c_p.l(libinit2.o)
    0x0000014c   0x0000014c   0x00000000   Code   RO         2300    .ARM.Collect$$libinit$$00000015  c_p.l(libinit2.o)
    0x0000014c   0x0000014c   0x0000000a   Code   RO         2301    .ARM.Collect$$libinit$$00000016  c_p.l(libinit2.o)
    0x00000156   0x00000156   0x00000000   Code   RO         2302    .ARM.Collect$$libinit$$00000017  c_p.l(libinit2.o)
    0x00000156   0x00000156   0x00000000   Code   RO         2304    .ARM.Collect$$libinit$$00000019  c_p.l(libinit2.o)
    0x00000156   0x00000156   0x00000000   Code   RO         2306    .ARM.Collect$$libinit$$0000001B  c_p.l(libinit2.o)
    0x00000156   0x00000156   0x00000000   Code   RO         2308    .ARM.Collect$$libinit$$0000001D  c_p.l(libinit2.o)
    0x00000156   0x00000156   0x00000000   Code   RO         2310    .ARM.Collect$$libinit$$0000001F  c_p.l(libinit2.o)
    0x00000156   0x00000156   0x00000000   Code   RO         2312    .ARM.Collect$$libinit$$00000021  c_p.l(libinit2.o)
    0x00000156   0x00000156   0x00000000   Code   RO         2314    .ARM.Collect$$libinit$$00000023  c_p.l(libinit2.o)
    0x00000156   0x00000156   0x00000000   Code   RO         2316    .ARM.Collect$$libinit$$00000025  c_p.l(libinit2.o)
    0x00000156   0x00000156   0x00000000   Code   RO         2320    .ARM.Collect$$libinit$$0000002C  c_p.l(libinit2.o)
    0x00000156   0x00000156   0x00000000   Code   RO         2322    .ARM.Collect$$libinit$$0000002E  c_p.l(libinit2.o)
    0x00000156   0x00000156   0x00000000   Code   RO         2324    .ARM.Collect$$libinit$$00000030  c_p.l(libinit2.o)
    0x00000156   0x00000156   0x00000000   Code   RO         2326    .ARM.Collect$$libinit$$00000032  c_p.l(libinit2.o)
    0x00000156   0x00000156   0x00000002   Code   RO         2327    .ARM.Collect$$libinit$$00000033  c_p.l(libinit2.o)
    0x00000158   0x00000158   0x00000002   Code   RO         2377    .ARM.Collect$$libshutdown$$00000000  c_p.l(libshutdown.o)
    0x0000015a   0x0000015a   0x00000000   Code   RO         2395    .ARM.Collect$$libshutdown$$00000002  c_p.l(libshutdown2.o)
    0x0000015a   0x0000015a   0x00000000   Code   RO         2397    .ARM.Collect$$libshutdown$$00000004  c_p.l(libshutdown2.o)
    0x0000015a   0x0000015a   0x00000000   Code   RO         2400    .ARM.Collect$$libshutdown$$00000007  c_p.l(libshutdown2.o)
    0x0000015a   0x0000015a   0x00000000   Code   RO         2403    .ARM.Collect$$libshutdown$$0000000A  c_p.l(libshutdown2.o)
    0x0000015a   0x0000015a   0x00000000   Code   RO         2405    .ARM.Collect$$libshutdown$$0000000C  c_p.l(libshutdown2.o)
    0x0000015a   0x0000015a   0x00000000   Code   RO         2408    .ARM.Collect$$libshutdown$$0000000F  c_p.l(libshutdown2.o)
    0x0000015a   0x0000015a   0x00000002   Code   RO         2409    .ARM.Collect$$libshutdown$$00000010  c_p.l(libshutdown2.o)
    0x0000015c   0x0000015c   0x00000000   Code   RO         2194    .ARM.Collect$$rtentry$$00000000  c_p.l(__rtentry.o)
    0x0000015c   0x0000015c   0x00000000   Code   RO         2218    .ARM.Collect$$rtentry$$00000002  c_p.l(__rtentry2.o)
    0x0000015c   0x0000015c   0x00000006   Code   RO         2230    .ARM.Collect$$rtentry$$00000004  c_p.l(__rtentry4.o)
    0x00000162   0x00000162   0x00000000   Code   RO         2220    .ARM.Collect$$rtentry$$00000009  c_p.l(__rtentry2.o)
    0x00000162   0x00000162   0x00000004   Code   RO         2221    .ARM.Collect$$rtentry$$0000000A  c_p.l(__rtentry2.o)
    0x00000166   0x00000166   0x00000000   Code   RO         2223    .ARM.Collect$$rtentry$$0000000C  c_p.l(__rtentry2.o)
    0x00000166   0x00000166   0x00000008   Code   RO         2224    .ARM.Collect$$rtentry$$0000000D  c_p.l(__rtentry2.o)
    0x0000016e   0x0000016e   0x00000002   Code   RO         2331    .ARM.Collect$$rtexit$$00000000  c_p.l(rtexit.o)
    0x00000170   0x00000170   0x00000000   Code   RO         2346    .ARM.Collect$$rtexit$$00000002  c_p.l(rtexit2.o)
    0x00000170   0x00000170   0x00000004   Code   RO         2347    .ARM.Collect$$rtexit$$00000003  c_p.l(rtexit2.o)
    0x00000174   0x00000174   0x00000006   Code   RO         2348    .ARM.Collect$$rtexit$$00000004  c_p.l(rtexit2.o)
    0x0000017a   0x0000017a   0x00000002   PAD
    0x0000017c   0x0000017c   0x00000038   Code   RO         2140    .emb_text           c_p.l(rt_memcpy.o)
    0x000001b4   0x000001b4   0x00000034   Code   RO         1287    .text               startup_mkl25z4.o
    0x000001e8   0x000001e8   0x00000030   Code   RO         2094    .text               c_p.l(llmul.o)
    0x00000218   0x00000218   0x00000028   Code   RO         2100    .text               c_p.l(noretval__2sprintf.o)
    0x00000240   0x00000240   0x00000038   Code   RO         2102    .text               c_p.l(noretval__2snprintf.o)
    0x00000278   0x00000278   0x0000006c   Code   RO         2104    .text               c_p.l(__printf.o)
    0x000002e4   0x000002e4   0x00000052   Code   RO         2106    .text               c_p.l(_printf_str.o)
    0x00000336   0x00000336   0x00000002   PAD
    0x00000338   0x00000338   0x0000006c   Code   RO         2108    .text               c_p.l(_printf_dec.o)
    0x000003a4   0x000003a4   0x00000028   Code   RO         2134    .text               c_p.l(strstr.o)
    0x000003cc   0x000003cc   0x00000006   Code   RO         2150    .text               c_p.l(heapauxi.o)
    0x000003d2   0x000003d2   0x0000000a   Code   RO         2205    .text               c_p.l(_sputc.o)
    0x000003dc   0x000003dc   0x00000010   Code   RO         2207    .text               c_p.l(_snputc.o)
    0x000003ec   0x000003ec   0x00000008   Code   RO         2237    .text               c_p.l(rt_locale_intlibspace.o)
    0x000003f4   0x000003f4   0x00000008   Code   RO         2263    .text               c_p.l(libspace.o)
    0x000003fc   0x000003fc   0x00000002   Code   RO         2364    .text               c_p.l(use_no_semi.o)
    0x000003fe   0x000003fe   0x00000000   Code   RO         2366    .text               c_p.l(indicate_semi.o)
    0x000003fe   0x000003fe   0x00000002   Code   RO         1295    i.NMI_Handler       system8m.o
    0x00000400   0x00000400   0x00000010   Code   RO         1286    .ARM.__at_0x400     startup_mkl25z4.o
    0x00000410   0x00000410   0x0000004c   Code   RO         2136    .text               c_p.l(strcpy.o)
    0x0000045c   0x0000045c   0x00000082   Code   RO         2141    .text               c_p.l(rt_memcpy.o)
    0x000004de   0x000004de   0x00000040   Code   RO         2144    .text               c_p.l(rt_memclr.o)
    0x0000051e   0x0000051e   0x0000015a   Code   RO         2146    .text               c_p.l(aeabi_sdiv.o)
    0x00000678   0x00000678   0x0000007c   Code   RO         2154    .text               fz_ps.l(d2f.o)
    0x000006f4   0x000006f4   0x00000358   Code   RO         2156    .text               fz_ps.l(daddsub.o)
    0x00000a4c   0x00000a4c   0x00000048   Code   RO         2163    .text               fz_ps.l(dfixui.o)
    0x00000a94   0x00000a94   0x00000248   Code   RO         2167    .text               fz_ps.l(dmul.o)
    0x00000cdc   0x00000cdc   0x00000054   Code   RO         2169    .text               fz_ps.l(f2d.o)
    0x00000d30   0x00000d30   0x00000160   Code   RO         2177    .text               fz_ps.l(fdiv.o)
    0x00000e90   0x00000e90   0x0000005e   Code   RO         2184    .text               fz_ps.l(fflti.o)
    0x00000eee   0x00000eee   0x000000b0   Code   RO         2199    .text               c_p.l(_printf_intcommon.o)
    0x00000f9e   0x00000f9e   0x00000002   PAD
    0x00000fa0   0x00000fa0   0x00000418   Code   RO         2201    .text               c_p.l(_printf_fp_dec.o)
    0x000013b8   0x000013b8   0x00000030   Code   RO         2203    .text               c_p.l(_printf_char_common.o)
    0x000013e8   0x000013e8   0x0000002e   Code   RO         2209    .text               c_p.l(_printf_char.o)
    0x00001416   0x00001416   0x00000028   Code   RO         2212    .text               c_p.l(rtudiv10.o)
    0x0000143e   0x0000143e   0x00000002   PAD
    0x00001440   0x00001440   0x00000064   Code   RO         2214    .text               fz_ps.l(fcmpin.o)
    0x000014a4   0x000014a4   0x0000007a   Code   RO         2239    .text               c_p.l(lludiv10.o)
    0x0000151e   0x0000151e   0x00000002   PAD
    0x00001520   0x00001520   0x00000088   Code   RO         2241    .text               c_p.l(_printf_fp_infnan.o)
    0x000015a8   0x000015a8   0x000000d8   Code   RO         2245    .text               c_p.l(bigflt0.o)
    0x00001680   0x00001680   0x00000580   Code   RO         2248    .text               c_p.l(btod.o)
    0x00001c00   0x00001c00   0x0000002e   Code   RO         2255    .text               fz_ps.l(cmpret.o)
    0x00001c2e   0x00001c2e   0x00000002   PAD
    0x00001c30   0x00001c30   0x00000010   Code   RO         2257    .text               fz_ps.l(fnan2.o)
    0x00001c40   0x00001c40   0x0000003e   Code   RO         2266    .text               c_p.l(sys_stackheap_outer.o)
    0x00001c7e   0x00001c7e   0x00000010   Code   RO         2269    .text               c_p.l(exit.o)
    0x00001c8e   0x00001c8e   0x00000002   PAD
    0x00001c90   0x00001c90   0x00000088   Code   RO         2275    .text               c_p.l(strcmp.o)
    0x00001d18   0x00001d18   0x0000005e   Code   RO         2328    .text               fz_ps.l(retnan.o)
    0x00001d76   0x00001d76   0x00000002   PAD
    0x00001d78   0x00001d78   0x0000000c   Code   RO         2343    .text               c_p.l(sys_exit.o)
    0x00001d84   0x00001d84   0x00000056   Code   RO         2412    .text               c_p.l(__dczerorl2.o)
    0x00001dda   0x00001dda   0x00000002   PAD
    0x00001ddc   0x00001ddc   0x00000014   Code   RO            3    i.ADBEGIN           main.o
    0x00001df0   0x00001df0   0x000001fc   Code   RO            4    i.ADC0_IRQHandler   main.o
    0x00001fec   0x00001fec   0x0000000a   Code   RO            5    i.ADOVER            main.o
    0x00001ff6   0x00001ff6   0x00000002   PAD
    0x00001ff8   0x00001ff8   0x0000001c   Code   RO            6    i.ADPowerSelect     main.o
    0x00002014   0x00002014   0x0000003c   Code   RO            7    i.ADanalogyinit     main.o
    0x00002050   0x00002050   0x00000038   Code   RO         1339    i.CRC16ISR0         modbus.o
    0x00002088   0x00002088   0x00000038   Code   RO         1340    i.CRC16ISR1         modbus.o
    0x000020c0   0x000020c0   0x00000038   Code   RO         1829    i.Clog_Float        clog.o
    0x000020f8   0x000020f8   0x00000008   Code   RO         1724    i.Configinit        flash.o
    0x00002100   0x00002100   0x00000034   Code   RO            8    i.ConnectIndication  main.o
    0x00002134   0x00002134   0x00000034   Code   RO            9    i.Connectfail       main.o
    0x00002168   0x00002168   0x00000010   Code   RO         1341    i.Disable485TXD_uart0  modbus.o
    0x00002178   0x00002178   0x00000010   Code   RO         1342    i.Disable485TXD_uart2  modbus.o
    0x00002188   0x00002188   0x000001e8   Code   RO           10    i.EMU               main.o
    0x00002370   0x00002370   0x00000098   Code   RO           11    i.ENTER_VLPS        main.o
    0x00002408   0x00002408   0x00000010   Code   RO         1343    i.Enable485TXD_uart0  modbus.o
    0x00002418   0x00002418   0x00000010   Code   RO         1344    i.Enable485TXD_uart2  modbus.o
    0x00002428   0x00002428   0x00000030   Code   RO         1725    i.FLASH_EraseSector  flash.o
    0x00002458   0x00002458   0x00000034   Code   RO         1730    i.FlashCmdStart     flash.o
    0x0000248c   0x0000248c   0x0000001c   Code   RO           13    i.GDPowerSelect     main.o
    0x000024a8   0x000024a8   0x0000029c   Code   RO           14    i.IOinit            main.o
    0x00002744   0x00002744   0x00000024   Code   RO           15    i.Init_temp_parameter  main.o
    0x00002768   0x00002768   0x00000050   Code   RO           16    i.Init_uart0_TO_GPIO  main.o
    0x000027b8   0x000027b8   0x0000001c   Code   RO           17    i.LED_POWER         main.o
    0x000027d4   0x000027d4   0x0000001c   Code   RO           18    i.LED_SIGNAL        main.o
    0x000027f0   0x000027f0   0x00000054   Code   RO          397    i.LM005A_ADR_SET    lm005a.o
    0x00002844   0x00002844   0x00000058   Code   RO          399    i.LM005A_CLASS_SET  lm005a.o
    0x0000289c   0x0000289c   0x000000d0   Code   RO          400    i.LM005A_Cmd        lm005a.o
    0x0000296c   0x0000296c   0x00000054   Code   RO          401    i.LM005A_DR_SET     lm005a.o
    0x000029c0   0x000029c0   0x00000050   Code   RO          402    i.LM005A_JOIN_SET   lm005a.o
    0x00002a10   0x00002a10   0x00000054   Code   RO          403    i.LM005A_MODE_SET   lm005a.o
    0x00002a64   0x00002a64   0x00000058   Code   RO          404    i.LM005A_POWER_SET  lm005a.o
    0x00002abc   0x00002abc   0x00000040   Code   RO          408    i.LM005A_SEND_DATA_Without_Receive  lm005a.o
    0x00002afc   0x00002afc   0x0000009c   Code   RO          411    i.LM005A_returnOK   lm005a.o
    0x00002b98   0x00002b98   0x00000014   Code   RO           20    i.LPTimer_IRQHandler  main.o
    0x00002bac   0x00002bac   0x00000014   Code   RO           21    i.NVIC_DisableIRQ   main.o
    0x00002bc0   0x00002bc0   0x00000014   Code   RO           22    i.NVIC_EnableIRQ    main.o
    0x00002bd4   0x00002bd4   0x00000014   Code   RO          707    i.NVIC_EnableIRQ    mkl_uart.o
    0x00002be8   0x00002be8   0x00000078   Code   RO           23    i.NVIC_SetPriority  main.o
    0x00002c60   0x00002c60   0x00000078   Code   RO          708    i.NVIC_SetPriority  mkl_uart.o
    0x00002cd8   0x00002cd8   0x00000084   Code   RO         1345    i.OnOrganizeData1   modbus.o
    0x00002d5c   0x00002d5c   0x00000084   Code   RO         1346    i.OnOrganizeData2   modbus.o
    0x00002de0   0x00002de0   0x00000030   Code   RO           24    i.PORTC_PORTD_IRQHandler  main.o
    0x00002e10   0x00002e10   0x0000001c   Code   RO         1731    i.RDBYTES           flash.o
    0x00002e2c   0x00002e2c   0x00000030   Code   RO           25    i.RTCBEGIN          main.o
    0x00002e5c   0x00002e5c   0x00000084   Code   RO          899    i.RTC_DateTimeToSecond  mkl_lpo_rtc.o
    0x00002ee0   0x00002ee0   0x00000020   Code   RO          904    i.RTC_GetTime       mkl_lpo_rtc.o
    0x00002f00   0x00002f00   0x0000001c   Code   RO           26    i.RTC_IRQHandler    main.o
    0x00002f1c   0x00002f1c   0x000000c0   Code   RO          906    i.RTC_SecondToDateTime  mkl_lpo_rtc.o
    0x00002fdc   0x00002fdc   0x00000038   Code   RO          910    i.RTC_SetTime       mkl_lpo_rtc.o
    0x00003014   0x00003014   0x000000b4   Code   RO         1348    i.RxdByte_uart2     modbus.o
    0x000030c8   0x000030c8   0x00000048   Code   RO         1885    i.SEGGER_RTT_Write  segger_rtt.o
    0x00003110   0x00003110   0x00000084   Code   RO         1886    i.SEGGER_RTT_WriteNoLock  segger_rtt.o
    0x00003194   0x00003194   0x00000024   Code   RO         2058    i.SEGGER_RTT_printf  segger_rtt_printf.o
    0x000031b8   0x000031b8   0x00000218   Code   RO         2059    i.SEGGER_RTT_vprintf  segger_rtt_printf.o
    0x000033d0   0x000033d0   0x0000015c   Code   RO         1296    i.SystemCoreClockUpdate  system8m.o
    0x0000352c   0x0000352c   0x000000d0   Code   RO         1297    i.SystemInit        system8m.o
    0x000035fc   0x000035fc   0x000000e8   Code   RO           27    i.TPM1_IRQHandler   main.o
    0x000036e4   0x000036e4   0x0000004c   Code   RO           28    i.TPM1_init         main.o
    0x00003730   0x00003730   0x00000088   Code   RO         1349    i.UART0_IRQHandler  modbus.o
    0x000037b8   0x000037b8   0x0000001c   Code   RO          709    i.UART1_IRQHandler  mkl_uart.o
    0x000037d4   0x000037d4   0x0000006c   Code   RO         1350    i.UART2_IRQHandler  modbus.o
    0x00003840   0x00003840   0x000000c4   Code   RO          412    i.USART_CMD_LM005A  lm005a.o
    0x00003904   0x00003904   0x00000118   Code   RO          413    i.USART_CMD_LM005A_data  lm005a.o
    0x00003a1c   0x00003a1c   0x00000094   Code   RO         1732    i.WRBYTES           flash.o
    0x00003ab0   0x00003ab0   0x00000070   Code   RO         1890    i._DoInit           segger_rtt.o
    0x00003b20   0x00003b20   0x0000001c   Code   RO         1891    i._GetAvailWriteSpace  segger_rtt.o
    0x00003b3c   0x00003b3c   0x0000010e   Code   RO         2060    i._PrintInt         segger_rtt_printf.o
    0x00003c4a   0x00003c4a   0x00000002   PAD
    0x00003c4c   0x00003c4c   0x0000011c   Code   RO         2061    i._PrintUnsigned    segger_rtt_printf.o
    0x00003d68   0x00003d68   0x00000044   Code   RO         2062    i._StoreChar        segger_rtt_printf.o
    0x00003dac   0x00003dac   0x0000007a   Code   RO         1893    i._WriteBlocking    segger_rtt.o
    0x00003e26   0x00003e26   0x0000004a   Code   RO         1894    i._WriteNoCheck     segger_rtt.o
    0x00003e70   0x00003e70   0x00000030   Code   RO         2250    i.__ARM_common_ll_muluu  c_p.l(btod.o)
    0x00003ea0   0x00003ea0   0x0000001c   Code   RO          833    i.__ARM_common_switch8  mkl_uart.o
    0x00003ebc   0x00003ebc   0x0000002c   Code   RO         2261    i.__ARM_fpclassify  m_ps.l(fpclassify.o)
    0x00003ee8   0x00003ee8   0x0000001c   Code   RO          527    i.adcGetUint        mkl_adc.o
    0x00003f04   0x00003f04   0x00000070   Code   RO          528    i.adcInit           mkl_adc.o
    0x00003f74   0x00003f74   0x00000024   Code   RO           31    i.clockMonitor      main.o
    0x00003f98   0x00003f98   0x00000044   Code   RO           32    i.enter_vlps        main.o
    0x00003fdc   0x00003fdc   0x000001d8   Code   RO         1351    i.getModbusData1    modbus.o
    0x000041b4   0x000041b4   0x00000240   Code   RO         1352    i.getModbusData2    modbus.o
    0x000043f4   0x000043f4   0x00000064   Code   RO         1354    i.getTelLength_uart2  modbus.o
    0x00004458   0x00004458   0x0000003c   Code   RO         1355    i.getTxdByte_uart0  modbus.o
    0x00004494   0x00004494   0x0000003c   Code   RO         1356    i.getTxdByte_uart2  modbus.o
    0x000044d0   0x000044d0   0x00000028   Code   RO         1357    i.hasByteToTxd_uart0  modbus.o
    0x000044f8   0x000044f8   0x00000028   Code   RO         1358    i.hasByteToTxd_uart2  modbus.o
    0x00004520   0x00004520   0x0000002e   Code   RO           33    i.int_sqrt          main.o
    0x0000454e   0x0000454e   0x00000002   PAD
    0x00004550   0x00004550   0x0000005c   Code   RO         1360    i.isTelComplete_uart2  modbus.o
    0x000045ac   0x000045ac   0x000000c0   Code   RO         1362    i.isVaildTel_uart2  modbus.o
    0x0000466c   0x0000466c   0x00000080   Code   RO          414    i.itoa              lm005a.o
    0x000046ec   0x000046ec   0x0000003c   Code   RO         1364    i.leftRxdTel_uart2  modbus.o
    0x00004728   0x00004728   0x00000048   Code   RO         1734    i.loadConfig        flash.o
    0x00004770   0x00004770   0x00000448   Code   RO           34    i.main              main.o
    0x00004bb8   0x00004bb8   0x000000d0   Code   RO         1067    i.pbe_pee           mcg.o
    0x00004c88   0x00004c88   0x0000003c   Code   RO          843    i.pitInit           mkl_pit.o
    0x00004cc4   0x00004cc4   0x00000084   Code   RO         1366    i.receiveloop_uart2  modbus.o
    0x00004d48   0x00004d48   0x0000006c   Code   RO         1367    i.reply_ack_uart2   modbus.o
    0x00004db4   0x00004db4   0x00000084   Code   RO         1368    i.reply_adc_uart2   modbus.o
    0x00004e38   0x00004e38   0x00000074   Code   RO         1369    i.reply_addr_uart2  modbus.o
    0x00004eac   0x00004eac   0x00000084   Code   RO         1370    i.reply_crt_uart2   modbus.o
    0x00004f30   0x00004f30   0x0000006c   Code   RO         1371    i.reply_displacement_uart2  modbus.o
    0x00004f9c   0x00004f9c   0x00000084   Code   RO         1372    i.reply_lmd_uart2   modbus.o
    0x00005020   0x00005020   0x000000e8   Code   RO         1373    i.reply_measure_uart2  modbus.o
    0x00005108   0x00005108   0x00000074   Code   RO         1374    i.reply_rate_uart2  modbus.o
    0x0000517c   0x0000517c   0x00000088   Code   RO          911    i.rtcInit           mkl_lpo_rtc.o
    0x00005204   0x00005204   0x00000098   Code   RO           35    i.rtcIntConfig      main.o
    0x0000529c   0x0000529c   0x00000020   Code   RO         1736    i.saveConfig        flash.o
    0x000052bc   0x000052bc   0x00000028   Code   RO         1375    i.set_ack_uart2     modbus.o
    0x000052e4   0x000052e4   0x00000050   Code   RO         1376    i.set_adc_uart2     modbus.o
    0x00005334   0x00005334   0x00000030   Code   RO         1377    i.set_addr_uart2    modbus.o
    0x00005364   0x00005364   0x00000050   Code   RO         1378    i.set_crt_uart2     modbus.o
    0x000053b4   0x000053b4   0x00000028   Code   RO         1379    i.set_displacement_uart2  modbus.o
    0x000053dc   0x000053dc   0x00000050   Code   RO         1380    i.set_lmd_uart2     modbus.o
    0x0000542c   0x0000542c   0x00000034   Code   RO         1381    i.set_rate_uart2    modbus.o
    0x00005460   0x00005460   0x00000012   Code   RO         1382    i.startTxd_uart0    modbus.o
    0x00005472   0x00005472   0x00000012   Code   RO         1383    i.startTxd_uart2    modbus.o
    0x00005484   0x00005484   0x0000004c   Code   RO          864    i.time_delay_ms     mkl_lptmr.o
    0x000054d0   0x000054d0   0x00000018   Code   RO          711    i.uart0GetChar      mkl_uart.o
    0x000054e8   0x000054e8   0x00000154   Code   RO          712    i.uart0Init         mkl_uart.o
    0x0000563c   0x0000563c   0x00000018   Code   RO          713    i.uart0SendChar     mkl_uart.o
    0x00005654   0x00005654   0x00000020   Code   RO          715    i.uart0TranControl  mkl_uart.o
    0x00005674   0x00005674   0x00000018   Code   RO          718    i.uart1SendChar     mkl_uart.o
    0x0000568c   0x0000568c   0x00000018   Code   RO          721    i.uart2GetChar      mkl_uart.o
    0x000056a4   0x000056a4   0x000000dc   Code   RO          722    i.uart2Init         mkl_uart.o
    0x00005780   0x00005780   0x00000018   Code   RO          723    i.uart2SendChar     mkl_uart.o
    0x00005798   0x00005798   0x00000020   Code   RO          725    i.uart2TranControl  mkl_uart.o
    0x000057b8   0x000057b8   0x00000034   Code   RO         1384    i.uart_send_data_uart0  modbus.o
    0x000057ec   0x000057ec   0x00000034   Code   RO         1385    i.uart_send_data_uart2  modbus.o
    0x00005820   0x00005820   0x00000188   Code   RO         1070    i.what_mcg_mode     mcg.o
    0x000059a8   0x000059a8   0x0000002c   Code   RO         2253    locale$$code        c_p.l(lc_numeric_c.o)
    0x000059d4   0x000059d4   0x0000008c   Code   RO         2171    x$fpl$fadd          fz_ps.l(faddsub.o)
    0x00005a60   0x00005a60   0x00000054   Code   RO         2186    x$fpl$fleqf         fz_ps.l(flef.o)
    0x00005ab4   0x00005ab4   0x000000b0   Code   RO         2188    x$fpl$fmul          fz_ps.l(fmul.o)
    0x00005b64   0x00005b64   0x00000058   Code   RO         2190    x$fpl$frleqf        fz_ps.l(frlef.o)
    0x00005bbc   0x00005bbc   0x000000d0   Code   RO         2173    x$fpl$fsub          fz_ps.l(faddsub.o)
    0x00005c8c   0x00005c8c   0x00000010   Code   RO         2192    x$fpl$printf1       fz_ps.l(printf1.o)
    0x00005c9c   0x00005c9c   0x00000000   Code   RO         2216    x$fpl$usenofp       fz_ps.l(usenofp.o)
    0x00005c9c   0x00005c9c   0x00000034   Data   RO          913    .constdata          mkl_lpo_rtc.o
    0x00005cd0   0x00005cd0   0x00000200   Data   RO         1387    .constdata          modbus.o
    0x00005ed0   0x00005ed0   0x00000010   Data   RO         2063    .constdata          segger_rtt_printf.o
    0x00005ee0   0x00005ee0   0x00000040   Data   RO         2178    .constdata          fz_ps.l(fdiv.o)
    0x00005f20   0x00005f20   0x00000094   Data   RO         2246    .constdata          c_p.l(bigflt0.o)
    0x00005fb4   0x00005fb4   0x00000020   Data   RO         2410    Region$$Table       anon$$obj.o
    0x00005fd4   0x00005fd4   0x0000001c   Data   RO         2252    locale$$data        c_p.l(lc_numeric_c.o)


    Execution Region RW_IRAM1 (Exec base: 0x1ffff800, Load base: 0x00005ff0, Size: 0x00001a48, Max: 0x00002000, ABSOLUTE, COMPRESSED[0x000000b8])

    Exec Addr    Load Addr    Size         Type   Attr      Idx    E Section Name        Object

    0x1ffff800   COMPRESSED   0x0000041c   Data   RW           39    .data               main.o
    0x1ffffc1c   COMPRESSED   0x00000004   Data   RW          416    .data               lm005a.o
    0x1ffffc20   COMPRESSED   0x00000008   Data   RW         1298    .data               system8m.o
    0x1ffffc28   COMPRESSED   0x0000000c   Data   RW         1388    .data               modbus.o
    0x1ffffc34   COMPRESSED   0x00000014   Data   RW         1739    .data               flash.o
    0x1ffffc48        -       0x00000380   Zero   RW           37    .bss                main.o
    0x1fffffc8        -       0x00000464   Zero   RW          415    .bss                lm005a.o
    0x2000042c        -       0x00000100   Zero   RW         1386    .bss                modbus.o
    0x2000052c        -       0x000004b8   Zero   RW         1895    .bss                segger_rtt.o
    0x200009e4        -       0x00000060   Zero   RW         2264    .bss                c_p.l(libspace.o)
    0x20000a44   COMPRESSED   0x00000004   PAD
    0x20000a48        -       0x00000000   Zero   RW         1284    HEAP                startup_mkl25z4.o
    0x20000a48        -       0x00000800   Zero   RW         1283    STACK               startup_mkl25z4.o


==============================================================================

Image component sizes


      Code (inc. data)   RO Data    RW Data    ZI Data      Debug   Object Name

        56         12          0          0          0        613   clog.o
       388         40          0         20          0       5087   flash.o
      1540        344          0          4       1124      16151   lm005a.o
      4248        610          0       1052        896      37420   main.o
       600          8          0          0          0       1390   mcg.o
       140         22          0          0          0     158195   mkl_adc.o
       548         58         52          0          0       3640   mkl_lpo_rtc.o
        76         10          0          0          0        488   mkl_lptmr.o
        60         12          0          0          0        398   mkl_pit.o
       940        100          0          0          0      12263   mkl_uart.o
      4324        488        512         12        256      24249   modbus.o
       540         48          0          0       1208       8002   segger_rtt.o
      1194          4         16          0          0       5681   segger_rtt_printf.o
        68         38        192          0       2048        816   startup_mkl25z4.o
       558         70          0          8          0       1856   system8m.o

    ----------------------------------------------------------------------
     15286       1864        804       1096       5532     276249   Object Totals
         0          0         32          0          0          0   (incl. Generated)
         6          0          0          0          0          0   (incl. Padding)

    ----------------------------------------------------------------------

      Code (inc. data)   RO Data    RW Data    ZI Data      Debug   Library Member Name

        86          0          0          0          0          0   __dczerorl2.o
         8          0          0          0          0         68   __main.o
       108          0          0          0          0         76   __printf.o
         0          0          0          0          0          0   __rtentry.o
        12          0          0          0          0          0   __rtentry2.o
         6          0          0          0          0          0   __rtentry4.o
        60          8          0          0          0          0   __scatter.o
        28          0          0          0          0          0   __scatter_zi.o
        46          0          0          0          0        100   _printf_char.o
        48          6          0          0          0         88   _printf_char_common.o
        10          0          0          0          0          0   _printf_d.o
       108         18          0          0          0         76   _printf_dec.o
        10          0          0          0          0          0   _printf_f.o
      1048         14          0          0          0        176   _printf_fp_dec.o
       136         16          0          0          0         76   _printf_fp_infnan.o
       176          0          0          0          0         84   _printf_intcommon.o
         2          0          0          0          0          0   _printf_percent.o
         4          0          0          0          0          0   _printf_percent_end.o
        10          0          0          0          0          0   _printf_s.o
        82          0          0          0          0         72   _printf_str.o
        16          0          0          0          0         60   _snputc.o
        10          0          0          0          0         60   _sputc.o
       346          0          0          0          0         92   aeabi_sdiv.o
       216          6        148          0          0         80   bigflt0.o
      1456         30          0          0          0        336   btod.o
        16          0          0          0          0         68   exit.o
         6          0          0          0          0        136   heapauxi.o
         0          0          0          0          0          0   indicate_semi.o
        44         10         28          0          0         76   lc_numeric_c.o
         2          0          0          0          0          0   libinit.o
        18          0          0          0          0          0   libinit2.o
         2          0          0          0          0          0   libshutdown.o
         2          0          0          0          0          0   libshutdown2.o
         8          4          0          0         96         68   libspace.o
        48          0          0          0          0         72   llmul.o
       122          0          0          0          0         72   lludiv10.o
        56          6          0          0          0         84   noretval__2snprintf.o
        40          4          0          0          0         84   noretval__2sprintf.o
         8          4          0          0          0         68   rt_locale_intlibspace.o
        64          0          0          0          0        108   rt_memclr.o
       186          0          0          0          0        144   rt_memcpy.o
         2          0          0          0          0          0   rtexit.o
        10          0          0          0          0          0   rtexit2.o
        40          0          0          0          0         60   rtudiv10.o
       136          4          0          0          0         72   strcmp.o
        76          6          0          0          0         72   strcpy.o
        40          0          0          0          0         72   strstr.o
        12          4          0          0          0         60   sys_exit.o
        62          0          0          0          0         80   sys_stackheap_outer.o
         2          0          0          0          0         68   use_no_semi.o
        46          0          0          0          0         60   cmpret.o
       124          4          0          0          0         72   d2f.o
       856         20          0          0          0        208   daddsub.o
        72          4          0          0          0         68   dfixui.o
       584         26          0          0          0         84   dmul.o
        84          4          0          0          0         60   f2d.o
       348          8          0          0          0        160   faddsub.o
       100          4          0          0          0         68   fcmpin.o
       352         10         64          0          0         92   fdiv.o
        94          0          0          0          0         92   fflti.o
        84          4          0          0          0         76   flef.o
       176          4          0          0          0         80   fmul.o
        16          6          0          0          0         68   fnan2.o
        88          4          0          0          0         76   frlef.o
        16          4          0          0          0         76   printf1.o
        94          0          0          0          0         68   retnan.o
         0          0          0          0          0          0   usenofp.o
        44          4          0          0          0         60   fpclassify.o

    ----------------------------------------------------------------------
      8230        246        240          0        100       4376   Library Totals
        18          0          0          0          4          0   (incl. Padding)

    ----------------------------------------------------------------------

      Code (inc. data)   RO Data    RW Data    ZI Data      Debug   Library Name

      5034        140        176          0         96       2908   c_p.l
      3134        102         64          0          0       1408   fz_ps.l
        44          4          0          0          0         60   m_ps.l

    ----------------------------------------------------------------------
      8230        246        240          0        100       4376   Library Totals

    ----------------------------------------------------------------------

==============================================================================


      Code (inc. data)   RO Data    RW Data    ZI Data      Debug   

     23516       2110       1044       1096       5632     273021   Grand Totals
     23516       2110       1044        184       5632     273021   ELF Image Totals (compressed)
     23516       2110       1044        184          0          0   ROM Totals

==============================================================================

    Total RO  Size (Code + RO Data)                24560 (  23.98kB)
    Total RW  Size (RW Data + ZI Data)              6728 (   6.57kB)
    Total ROM Size (Code + RO Data + RW Data)      24744 (  24.16kB)

==============================================================================

