Component: ARM Compiler 5.06 update 6 (build 750) Tool: armlink [4d35ed]

==============================================================================

Section Cross References

    main.o(i.ADBEGIN) refers to main.o(i.NVIC_EnableIRQ) for NVIC_EnableIRQ
    main.o(i.ADBEGIN) refers to main.o(.data) for COUNT
    main.o(i.ADC0_IRQHandler) refers to mkl_adc.o(i.adcGetUint) for adcGetUint
    main.o(i.ADC0_IRQHandler) refers to llmul.o(.text) for __aeabi_lmul
    main.o(i.ADC0_IRQHandler) refers to main.o(.data) for value
    main.o(i.ADOVER) refers to main.o(i.NVIC_DisableIRQ) for NVIC_DisableIRQ
    main.o(i.ADanalogyinit) refers to mkl_adc.o(i.adcInit) for adcInit
    main.o(i.ADanalogyinit) refers to mkl_pit.o(i.pitInit) for pitInit
    main.o(i.ADanalogyinit) refers to main.o(i.NVIC_SetPriority) for NVIC_SetPriority
    main.o(i.ConnectIndication) refers to main.o(i.LED_SIGNAL) for LED_SIGNAL
    main.o(i.ConnectIndication) refers to mkl_lptmr.o(i.time_delay_ms) for time_delay_ms
    main.o(i.Connectfail) refers to main.o(i.LED_POWER) for LED_POWER
    main.o(i.Connectfail) refers to mkl_lptmr.o(i.time_delay_ms) for time_delay_ms
    main.o(i.EMU) refers to main.o(i.int_sqrt) for int_sqrt
    main.o(i.EMU) refers to fflti.o(.text) for __aeabi_ui2f
    main.o(i.EMU) refers to f2d.o(.text) for __aeabi_f2d
    main.o(i.EMU) refers to dmul.o(.text) for __aeabi_dmul
    main.o(i.EMU) refers to d2f.o(.text) for __aeabi_d2f
    main.o(i.EMU) refers to fmul.o(x$fpl$fmul) for __aeabi_fmul
    main.o(i.EMU) refers to fdiv.o(.text) for __aeabi_fdiv
    main.o(i.EMU) refers to main.o(.data) for AD_ASquare
    main.o(i.ENTER_VLPS) refers to main.o(i.enter_vlps) for enter_vlps
    main.o(i.ENTER_VLPS) refers to mcg.o(i.what_mcg_mode) for what_mcg_mode
    main.o(i.ENTER_VLPS) refers to mcg.o(i.pbe_pee) for pbe_pee
    main.o(i.ENTER_VLPS) refers to main.o(i.clockMonitor) for clockMonitor
    main.o(i.ENTER_VLPS) refers to main.o(.data) for mcg_clk_hz
    main.o(i.IOinit) refers to main.o(i.NVIC_EnableIRQ) for NVIC_EnableIRQ
    main.o(i.Init_temp_parameter) refers to main.o(.data) for tx_condition
    main.o(i.LPTMR_init) refers to main.o(i.NVIC_EnableIRQ) for NVIC_EnableIRQ
    main.o(i.PORTC_PORTD_IRQHandler) refers to main.o(.data) for temp_data
    main.o(i.RTCBEGIN) refers to mkl_lpo_rtc.o(i.rtcInit) for rtcInit
    main.o(i.RTCBEGIN) refers to mkl_lpo_rtc.o(i.RTC_SetTime) for RTC_SetTime
    main.o(i.RTCBEGIN) refers to main.o(.bss) for td
    main.o(i.TPM1_IRQHandler) refers to fflti.o(.text) for __aeabi_ui2f
    main.o(i.TPM1_IRQHandler) refers to fdiv.o(.text) for __aeabi_fdiv
    main.o(i.TPM1_IRQHandler) refers to fmul.o(x$fpl$fmul) for __aeabi_fmul
    main.o(i.TPM1_IRQHandler) refers to faddsub.o(x$fpl$fsub) for __aeabi_fsub
    main.o(i.TPM1_IRQHandler) refers to main.o(.data) for outsidenum
    main.o(i.TPM1_init) refers to main.o(i.NVIC_EnableIRQ) for NVIC_EnableIRQ
    main.o(i.W25Qinit) refers to main.o(i.spigpioInit) for spigpioInit
    main.o(i.W25Qinit) refers to mkl_spi.o(i.spiInit) for spiInit
    main.o(i.WRW32Q128) refers to fmul.o(x$fpl$fmul) for __aeabi_fmul
    main.o(i.WRW32Q128) refers to f2d.o(.text) for __aeabi_f2d
    main.o(i.WRW32Q128) refers to daddsub.o(.text) for __aeabi_dadd
    main.o(i.WRW32Q128) refers to dfixui.o(.text) for __aeabi_d2uiz
    main.o(i.WRW32Q128) refers to mkl_lpo_rtc.o(i.RTC_GetTime) for RTC_GetTime
    main.o(i.WRW32Q128) refers to w25qxx.o(i.flash_write_data) for flash_write_data
    main.o(i.WRW32Q128) refers to flash.o(i.saveConfig) for saveConfig
    main.o(i.WRW32Q128) refers to main.o(.data) for Parameter
    main.o(i.WRW32Q128) refers to main.o(.bss) for td
    main.o(i.main) refers to system8m.o(i.SystemCoreClockUpdate) for SystemCoreClockUpdate
    main.o(i.main) refers to main.o(i.IOinit) for IOinit
    main.o(i.main) refers to main.o(i.LED_POWER) for LED_POWER
    main.o(i.main) refers to flash.o(i.Configinit) for Configinit
    main.o(i.main) refers to main.o(i.ADanalogyinit) for ADanalogyinit
    main.o(i.main) refers to main.o(i.TPM1_init) for TPM1_init
    main.o(i.main) refers to mkl_uart.o(i.uart0Init) for uart0Init
    main.o(i.main) refers to mkl_uart.o(i.uart2Init) for uart2Init
    main.o(i.main) refers to main.o(i.RTCBEGIN) for RTCBEGIN
    main.o(i.main) refers to main.o(i.ADPowerSelect) for ADPowerSelect
    main.o(i.main) refers to main.o(i.GDPowerSelect) for GDPowerSelect
    main.o(i.main) refers to lm005a.o(i.LM005A_ADR_SET) for LM005A_ADR_SET
    main.o(i.main) refers to lm005a.o(i.LM005A_DR_SET) for LM005A_DR_SET
    main.o(i.main) refers to lm005a.o(i.LM005A_MODE_SET) for LM005A_MODE_SET
    main.o(i.main) refers to lm005a.o(i.LM005A_CLASS_SET) for LM005A_CLASS_SET
    main.o(i.main) refers to lm005a.o(i.LM005A_POWER_SET) for LM005A_POWER_SET
    main.o(i.main) refers to main.o(i.Connectfail) for Connectfail
    main.o(i.main) refers to mkl_lptmr.o(i.time_delay_ms) for time_delay_ms
[...]
    dc.s                                     0x00000000   Number         0  dc.o ABSOLUTE
    system8M.c                               0x00000000   Number         0  system8m.o ABSOLUTE
    system8M.c                               0x00000000   Number         0  system8m.o ABSOLUTE
    !!!main                                  0x000000c0   Section        8  __main.o(!!!main)
    !!!scatter                               0x000000c8   Section       60  __scatter.o(!!!scatter)
    !!handler_zi                             0x00000104   Section       28  __scatter_zi.o(!!handler_zi)
    .ARM.Collect$$_printf_percent$$00000000  0x00000120   Section        2  _printf_percent.o(.ARM.Collect$$_printf_percent$$00000000)
    .ARM.Collect$$_printf_percent$$00000009  0x00000122   Section       10  _printf_d.o(.ARM.Collect$$_printf_percent$$00000009)
    .ARM.Collect$$_printf_percent$$00000017  0x0000012c   Section        4  _printf_percent_end.o(.ARM.Collect$$_printf_percent$$00000017)
    .ARM.Collect$$libinit$$00000000          0x00000130   Section        2  libinit.o(.ARM.Collect$$libinit$$00000000)
    .ARM.Collect$$libinit$$00000002          0x00000132   Section        0  libinit2.o(.ARM.Collect$$libinit$$00000002)
    .ARM.Collect$$libinit$$00000004          0x00000132   Section        0  libinit2.o(.ARM.Collect$$libinit$$00000004)
    .ARM.Collect$$libinit$$0000000A          0x00000132   Section        0  libinit2.o(.ARM.Collect$$libinit$$0000000A)
    .ARM.Collect$$libinit$$0000000C          0x00000132   Section        0  libinit2.o(.ARM.Collect$$libinit$$0000000C)
    .ARM.Collect$$libinit$$0000000E          0x00000132   Section        0  libinit2.o(.ARM.Collect$$libinit$$0000000E)
    .ARM.Collect$$libinit$$00000011          0x00000132   Section        0  libinit2.o(.ARM.Collect$$libinit$$00000011)
    .ARM.Collect$$libinit$$00000013          0x00000132   Section        0  libinit2.o(.ARM.Collect$$libinit$$00000013)
    .ARM.Collect$$libinit$$00000015          0x00000132   Section        0  libinit2.o(.ARM.Collect$$libinit$$00000015)
    .ARM.Collect$$libinit$$00000017          0x00000132   Section        0  libinit2.o(.ARM.Collect$$libinit$$00000017)
    .ARM.Collect$$libinit$$00000019          0x00000132   Section        0  libinit2.o(.ARM.Collect$$libinit$$00000019)
    .ARM.Collect$$libinit$$0000001B          0x00000132   Section        0  libinit2.o(.ARM.Collect$$libinit$$0000001B)
    .ARM.Collect$$libinit$$0000001D          0x00000132   Section        0  libinit2.o(.ARM.Collect$$libinit$$0000001D)
    .ARM.Collect$$libinit$$0000001F          0x00000132   Section        0  libinit2.o(.ARM.Collect$$libinit$$0000001F)
    .ARM.Collect$$libinit$$00000021          0x00000132   Section        0  libinit2.o(.ARM.Collect$$libinit$$00000021)
    .ARM.Collect$$libinit$$00000023          0x00000132   Section        0  libinit2.o(.ARM.Collect$$libinit$$00000023)
    .ARM.Collect$$libinit$$00000025          0x00000132   Section        0  libinit2.o(.ARM.Collect$$libinit$$00000025)
    .ARM.Collect$$libinit$$0000002C          0x00000132   Section        0  libinit2.o(.ARM.Collect$$libinit$$0000002C)
    .ARM.Collect$$libinit$$0000002E          0x00000132   Section        0  libinit2.o(.ARM.Collect$$libinit$$0000002E)
    .ARM.Collect$$libinit$$00000030          0x00000132   Section        0  libinit2.o(.ARM.Collect$$libinit$$00000030)
    .ARM.Collect$$libinit$$00000032          0x00000132   Section        0  libinit2.o(.ARM.Collect$$libinit$$00000032)
    .ARM.Collect$$libinit$$00000033          0x00000132   Section        2  libinit2.o(.ARM.Collect$$libinit$$00000033)
    .ARM.Collect$$libshutdown$$00000000      0x00000134   Section        2  libshutdown.o(.ARM.Collect$$libshutdown$$00000000)
    .ARM.Collect$$libshutdown$$00000002      0x00000136   Section        0  libshutdown2.o(.ARM.Collect$$libshutdown$$00000002)
    .ARM.Collect$$libshutdown$$00000004      0x00000136   Section        0  libshutdown2.o(.ARM.Collect$$libshutdown$$00000004)
    .ARM.Collect$$libshutdown$$00000007      0x00000136   Section        0  libshutdown2.o(.ARM.Collect$$libshutdown$$00000007)
    .ARM.Collect$$libshutdown$$0000000A      0x00000136   Section        0  libshutdown2.o(.ARM.Collect$$libshutdown$$0000000A)
    .ARM.Collect$$libshutdown$$0000000C      0x00000136   Section        0  libshutdown2.o(.ARM.Collect$$libshutdown$$0000000C)
    .ARM.Collect$$libshutdown$$0000000F      0x00000136   Section        0  libshutdown2.o(.ARM.Collect$$libshutdown$$0000000F)
    .ARM.Collect$$libshutdown$$00000010      0x00000136   Section        2  libshutdown2.o(.ARM.Collect$$libshutdown$$00000010)
    .ARM.Collect$$rtentry$$00000000          0x00000138   Section        0  __rtentry.o(.ARM.Collect$$rtentry$$00000000)
    .ARM.Collect$$rtentry$$00000002          0x00000138   Section        0  __rtentry2.o(.ARM.Collect$$rtentry$$00000002)
    .ARM.Collect$$rtentry$$00000004          0x00000138   Section        6  __rtentry4.o(.ARM.Collect$$rtentry$$00000004)
    .ARM.Collect$$rtentry$$00000009          0x0000013e   Section        0  __rtentry2.o(.ARM.Collect$$rtentry$$00000009)
    .ARM.Collect$$rtentry$$0000000A          0x0000013e   Section        4  __rtentry2.o(.ARM.Collect$$rtentry$$0000000A)
    .ARM.Collect$$rtentry$$0000000C          0x00000142   Section        0  __rtentry2.o(.ARM.Collect$$rtentry$$0000000C)
    .ARM.Collect$$rtentry$$0000000D          0x00000142   Section        8  __rtentry2.o(.ARM.Collect$$rtentry$$0000000D)
    .ARM.Collect$$rtexit$$00000000           0x0000014a   Section        2  rtexit.o(.ARM.Collect$$rtexit$$00000000)
    .ARM.Collect$$rtexit$$00000002           0x0000014c   Section        0  rtexit2.o(.ARM.Collect$$rtexit$$00000002)
    .ARM.Collect$$rtexit$$00000003           0x0000014c   Section        4  rtexit2.o(.ARM.Collect$$rtexit$$00000003)
    .ARM.Collect$$rtexit$$00000004           0x00000150   Section        6  rtexit2.o(.ARM.Collect$$rtexit$$00000004)
    .text                                    0x00000158   Section       52  startup_mkl25z4.o(.text)
    .text                                    0x0000018c   Section        0  llmul.o(.text)
    .text                                    0x000001bc   Section        0  noretval__2sprintf.o(.text)
    .text                                    0x000001e4   Section        0  __printf.o(.text)
    .text                                    0x00000250   Section        0  _printf_dec.o(.text)
    .text                                    0x000002bc   Section        0  strstr.o(.text)
    .text                                    0x000002e4   Section        0  rt_memclr.o(.text)
    .text                                    0x00000324   Section        0  heapauxi.o(.text)
    .text                                    0x0000032c   Section        0  d2f.o(.text)
    .text                                    0x000003a8   Section        0  dfixui.o(.text)
    .text                                    0x000003f0   Section        0  _sputc.o(.text)
    .text                                    0x000003fa   Section        2  use_no_semi.o(.text)
    .text                                    0x000003fc   Section        0  indicate_semi.o(.text)
    i.NMI_Handler                            0x000003fc   Section        0  system8m.o(i.NMI_Handler)
    x$fpl$usenofp                            0x000003fe   Section        0  usenofp.o(x$fpl$usenofp)
    .ARM.__at_0x400                          0x00000400   Section       16  startup_mkl25z4.o(.ARM.__at_0x400)
    .text                                    0x00000410   Section      346  aeabi_sdiv.o(.text)
    .text                                    0x0000056c   Section        0  daddsub.o(.text)
    _dadd1                                   0x0000056d   Thumb Code   290  daddsub.o(.text)
    _dsub1                                   0x0000068f   Thumb Code   470  daddsub.o(.text)
    .text                                    0x000008c4   Section        0  dmul.o(.text)
    .text                                    0x00000b0c   Section        0  f2d.o(.text)
    .text                                    0x00000b60   Section        0  fdiv.o(.text)
    .text                                    0x00000cc0   Section        0  fflti.o(.text)
    .text                                    0x00000d1e   Section        0  _printf_intcommon.o(.text)
    .text                                    0x00000dd0   Section        0  _printf_char_common.o(.text)
    _printf_input_char                       0x00000dd1   Thumb Code    10  _printf_char_common.o(.text)
    .text                                    0x00000e00   Section        0  rtudiv10.o(.text)
    .text                                    0x00000e28   Section        0  fcmpin.o(.text)
    .text                                    0x00000e8c   Section        0  cmpret.o(.text)
    .text                                    0x00000ebc   Section        0  fnan2.o(.text)
    .text                                    0x00000ecc   Section       62  sys_stackheap_outer.o(.text)
    .text                                    0x00000f0a   Section        0  exit.o(.text)
    .text                                    0x00000f1a   Section        0  retnan.o(.text)
    .text                                    0x00000f78   Section        8  libspace.o(.text)
    .text                                    0x00000f80   Section        0  sys_exit.o(.text)
    .text                                    0x00000f8c   Section        0  __dczerorl2.o(.text)
    i.ADBEGIN                                0x00000fe4   Section        0  main.o(i.ADBEGIN)
    i.ADC0_IRQHandler                        0x00000ff8   Section        0  main.o(i.ADC0_IRQHandler)
    i.ADOVER                                 0x000011f4   Section        0  main.o(i.ADOVER)
    i.ADPowerSelect                          0x00001200   Section        0  main.o(i.ADPowerSelect)
    i.ADanalogyinit                          0x0000121c   Section        0  main.o(i.ADanalogyinit)
    i.CRC16ISR0                              0x00001258   Section        0  modbus.o(i.CRC16ISR0)
    i.CRC16ISR1                              0x00001290   Section        0  modbus.o(i.CRC16ISR1)
    i.Configinit                             0x000012c8   Section        0  flash.o(i.Configinit)
    i.ConnectIndication                      0x000012d0   Section        0  main.o(i.ConnectIndication)
    i.Connectfail                            0x00001304   Section        0  main.o(i.Connectfail)
    i.Disable485TXD_uart0                    0x00001338   Section        0  modbus.o(i.Disable485TXD_uart0)
    i.Disable485TXD_uart2                    0x00001348   Section        0  modbus.o(i.Disable485TXD_uart2)
    i.EMU                                    0x00001358   Section        0  main.o(i.EMU)
    i.ENTER_VLPS                             0x000014e8   Section        0  main.o(i.ENTER_VLPS)
    i.Enable485TXD_uart0                     0x00001568   Section        0  modbus.o(i.Enable485TXD_uart0)
    i.Enable485TXD_uart2                     0x00001578   Section        0  modbus.o(i.Enable485TXD_uart2)
    i.FLASH_EraseSector                      0x00001588   Section        0  flash.o(i.FLASH_EraseSector)
    i.FlashCmdStart                          0x000015b8   Section        0  flash.o(i.FlashCmdStart)
    i.GDPowerSelect                          0x000015ec   Section        0  main.o(i.GDPowerSelect)
    i.IOinit                                 0x00001608   Section        0  main.o(i.IOinit)
    i.Init_temp_parameter                    0x0000171c   Section        0  main.o(i.Init_temp_parameter)
    i.Init_uart0_TO_GPIO                     0x00001740   Section        0  main.o(i.Init_uart0_TO_GPIO)
    i.LED_POWER                              0x00001790   Section        0  main.o(i.LED_POWER)
    i.LED_SIGNAL                             0x000017ac   Section        0  main.o(i.LED_SIGNAL)
    i.LM005A_ADR_SET                         0x000017c8   Section        0  lm005a.o(i.LM005A_ADR_SET)
    i.LM005A_CLASS_SET                       0x00001808   Section        0  lm005a.o(i.LM005A_CLASS_SET)
    i.LM005A_Cmd                             0x00001848   Section        0  lm005a.o(i.LM005A_Cmd)
    i.LM005A_DR_SET                          0x00001904   Section        0  lm005a.o(i.LM005A_DR_SET)
    i.LM005A_JOIN_SET                        0x00001944   Section        0  lm005a.o(i.LM005A_JOIN_SET)
    i.LM005A_MODE_SET                        0x00001980   Section        0  lm005a.o(i.LM005A_MODE_SET)
    i.LM005A_POWER_SET                       0x000019c0   Section        0  lm005a.o(i.LM005A_POWER_SET)
    i.LM005A_SEND_DATA_Without_Receive       0x00001a00   Section        0  lm005a.o(i.LM005A_SEND_DATA_Without_Receive)
    i.LM005A_returnOK                        0x00001a40   Section        0  lm005a.o(i.LM005A_returnOK)
    i.LPTimer_IRQHandler                     0x00001adc   Section        0  main.o(i.LPTimer_IRQHandler)
    i.NVIC_DisableIRQ                        0x00001af0   Section        0  main.o(i.NVIC_DisableIRQ)
    NVIC_DisableIRQ                          0x00001af1   Thumb Code    14  main.o(i.NVIC_DisableIRQ)
    i.NVIC_EnableIRQ                         0x00001b04   Section        0  main.o(i.NVIC_EnableIRQ)
    NVIC_EnableIRQ                           0x00001b05   Thumb Code    14  main.o(i.NVIC_EnableIRQ)
    i.NVIC_EnableIRQ                         0x00001b18   Section        0  mkl_uart.o(i.NVIC_EnableIRQ)
    NVIC_EnableIRQ                           0x00001b19   Thumb Code    14  mkl_uart.o(i.NVIC_EnableIRQ)
    i.NVIC_SetPriority                       0x00001b2c   Section        0  main.o(i.NVIC_SetPriority)
    NVIC_SetPriority                         0x00001b2d   Thumb Code   110  main.o(i.NVIC_SetPriority)
    i.NVIC_SetPriority                       0x00001ba4   Section        0  mkl_uart.o(i.NVIC_SetPriority)
    NVIC_SetPriority                         0x00001ba5   Thumb Code   110  mkl_uart.o(i.NVIC_SetPriority)
    i.OnOrganizeData1                        0x00001c1c   Section        0  modbus.o(i.OnOrganizeData1)
    i.OnOrganizeData2                        0x00001ca0   Section        0  modbus.o(i.OnOrganizeData2)
    i.PORTC_PORTD_IRQHandler                 0x00001d24   Section        0  main.o(i.PORTC_PORTD_IRQHandler)
    i.RDBYTES                                0x00001d54   Section        0  flash.o(i.RDBYTES)
    i.RTCBEGIN                               0x00001d70   Section        0  main.o(i.RTCBEGIN)
    i.RTC_DateTimeToSecond                   0x00001da0   Section        0  mkl_lpo_rtc.o(i.RTC_DateTimeToSecond)
    i.RTC_GetTime                            0x00001e24   Section        0  mkl_lpo_rtc.o(i.RTC_GetTime)
    i.RTC_IRQHandler                         0x00001e44   Section        0  main.o(i.RTC_IRQHandler)
    i.RTC_SecondToDateTime                   0x00001e60   Section        0  mkl_lpo_rtc.o(i.RTC_SecondToDateTime)
    i.RTC_SetTime                            0x00001f20   Section        0  mkl_lpo_rtc.o(i.RTC_SetTime)
    i.RxdByte_uart2                          0x00001f58   Section        0  modbus.o(i.RxdByte_uart2)
    i.SystemCoreClockUpdate                  0x0000200c   Section        0  system8m.o(i.SystemCoreClockUpdate)
    i.SystemInit                             0x00002168   Section        0  system8m.o(i.SystemInit)
    i.TPM1_IRQHandler                        0x00002238   Section        0  main.o(i.TPM1_IRQHandler)
    i.TPM1_init                              0x00002320   Section        0  main.o(i.TPM1_init)
    i.UART0_IRQHandler                       0x0000236c   Section        0  modbus.o(i.UART0_IRQHandler)
    i.UART1_IRQHandler                       0x000023f4   Section        0  mkl_uart.o(i.UART1_IRQHandler)
    i.UART2_IRQHandler                       0x00002410   Section        0  modbus.o(i.UART2_IRQHandler)
    i.USART_CMD_LM005A                       0x0000247c   Section        0  lm005a.o(i.USART_CMD_LM005A)
    i.USART_CMD_LM005A_data                  0x00002540   Section        0  lm005a.o(i.USART_CMD_LM005A_data)
    i.WRBYTES                                0x00002658   Section        0  flash.o(i.WRBYTES)
    i.__ARM_common_switch8                   0x000026ec   Section        0  mkl_uart.o(i.__ARM_common_switch8)
    i.adcGetUint                             0x00002708   Section        0  mkl_adc.o(i.adcGetUint)
    i.adcInit                                0x00002724   Section        0  mkl_adc.o(i.adcInit)
    i.clockMonitor                           0x00002794   Section        0  main.o(i.clockMonitor)
    i.enter_vlps                             0x000027b8   Section        0  main.o(i.enter_vlps)
    i.getModbusData1                         0x000027fc   Section        0  modbus.o(i.getModbusData1)
    i.getModbusData2                         0x000029d4   Section        0  modbus.o(i.getModbusData2)
    i.getTelLength_uart2                     0x00002c14   Section        0  modbus.o(i.getTelLength_uart2)
    i.getTxdByte_uart0                       0x00002c78   Section        0  modbus.o(i.getTxdByte_uart0)
    i.getTxdByte_uart2                       0x00002cb4   Section        0  modbus.o(i.getTxdByte_uart2)
    i.hasByteToTxd_uart0                     0x00002cf0   Section        0  modbus.o(i.hasByteToTxd_uart0)
    i.hasByteToTxd_uart2                     0x00002d18   Section        0  modbus.o(i.hasByteToTxd_uart2)
    i.int_sqrt                               0x00002d40   Section        0  main.o(i.int_sqrt)
    i.isTelComplete_uart2                    0x00002d70   Section        0  modbus.o(i.isTelComplete_uart2)
    i.isVaildTel_uart2                       0x00002dcc   Section        0  modbus.o(i.isVaildTel_uart2)
    i.itoa                                   0x00002e8c   Section        0  lm005a.o(i.itoa)
    itoa                                     0x00002e8d   Thumb Code   122  lm005a.o(i.itoa)
    i.leftRxdTel_uart2                       0x00002f0c   Section        0  modbus.o(i.leftRxdTel_uart2)
    i.loadConfig                             0x00002f48   Section        0  flash.o(i.loadConfig)
    i.main                                   0x00002f90   Section        0  main.o(i.main)
    i.pbe_pee                                0x00003338   Section        0  mcg.o(i.pbe_pee)
    i.pitInit                                0x00003408   Section        0  mkl_pit.o(i.pitInit)
    i.receiveloop_uart2                      0x00003444   Section        0  modbus.o(i.receiveloop_uart2)
    i.reply_ack_uart2                        0x000034c8   Section        0  modbus.o(i.reply_ack_uart2)
    i.reply_adc_uart2                        0x00003534   Section        0  modbus.o(i.reply_adc_uart2)
    i.reply_addr_uart2                       0x000035b8   Section        0  modbus.o(i.reply_addr_uart2)
    i.reply_crt_uart2                        0x0000362c   Section        0  modbus.o(i.reply_crt_uart2)
    i.reply_displacement_uart2               0x000036b0   Section        0  modbus.o(i.reply_displacement_uart2)
    i.reply_lmd_uart2                        0x0000371c   Section        0  modbus.o(i.reply_lmd_uart2)
    i.reply_measure_uart2                    0x000037a0   Section        0  modbus.o(i.reply_measure_uart2)
    i.reply_rate_uart2                       0x00003888   Section        0  modbus.o(i.reply_rate_uart2)
    i.rtcInit                                0x000038fc   Section        0  mkl_lpo_rtc.o(i.rtcInit)
    i.rtcIntConfig                           0x00003984   Section        0  main.o(i.rtcIntConfig)
    i.saveConfig                             0x00003a1c   Section        0  flash.o(i.saveConfig)
    i.set_ack_uart2                          0x00003a3c   Section        0  modbus.o(i.set_ack_uart2)
    i.set_adc_uart2                          0x00003a64   Section        0  modbus.o(i.set_adc_uart2)
    i.set_addr_uart2                         0x00003ab4   Section        0  modbus.o(i.set_addr_uart2)
    i.set_crt_uart2                          0x00003ae4   Section        0  modbus.o(i.set_crt_uart2)
    i.set_displacement_uart2                 0x00003b34   Section        0  modbus.o(i.set_displacement_uart2)
    i.set_lmd_uart2                          0x00003b5c   Section        0  modbus.o(i.set_lmd_uart2)
    i.set_rate_uart2                         0x00003bac   Section        0  modbus.o(i.set_rate_uart2)
    i.startTxd_uart0                         0x00003be0   Section        0  modbus.o(i.startTxd_uart0)
    i.startTxd_uart2                         0x00003bf2   Section        0  modbus.o(i.startTxd_uart2)
    i.time_delay_ms                          0x00003c04   Section        0  mkl_lptmr.o(i.time_delay_ms)
    i.uart0GetChar                           0x00003c50   Section        0  mkl_uart.o(i.uart0GetChar)
    i.uart0Init                              0x00003c68   Section        0  mkl_uart.o(i.uart0Init)
    i.uart0SendChar                          0x00003dbc   Section        0  mkl_uart.o(i.uart0SendChar)
    i.uart0TranControl                       0x00003dd4   Section        0  mkl_uart.o(i.uart0TranControl)
    i.uart1SendChar                          0x00003df4   Section        0  mkl_uart.o(i.uart1SendChar)
    i.uart2GetChar                           0x00003e0c   Section        0  mkl_uart.o(i.uart2GetChar)
    i.uart2Init                              0x00003e24   Section        0  mkl_uart.o(i.uart2Init)
    i.uart2SendChar                          0x00003f00   Section        0  mkl_uart.o(i.uart2SendChar)
    i.uart2TranControl                       0x00003f18   Section        0  mkl_uart.o(i.uart2TranControl)
    i.uart_send_data_uart0                   0x00003f38   Section        0  modbus.o(i.uart_send_data_uart0)
    i.uart_send_data_uart2                   0x00003f6c   Section        0  modbus.o(i.uart_send_data_uart2)
    i.what_mcg_mode                          0x00003fa0   Section        0  mcg.o(i.what_mcg_mode)
    x$fpl$fadd                               0x00004128   Section      140  faddsub.o(x$fpl$fadd)
    _fadd1                                   0x00004135   Thumb Code     0  faddsub.o(x$fpl$fadd)
    x$fpl$fleqf                              0x000041b4   Section       84  flef.o(x$fpl$fleqf)
    x$fpl$fmul                               0x00004208   Section      176  fmul.o(x$fpl$fmul)
    x$fpl$frleqf                             0x000042b8   Section       88  frlef.o(x$fpl$frleqf)
    x$fpl$fsub                               0x00004310   Section      208  faddsub.o(x$fpl$fsub)
    _fsub1                                   0x0000431d   Thumb Code     0  faddsub.o(x$fpl$fsub)
    .constdata                               0x000043e0   Section       52  mkl_lpo_rtc.o(.constdata)
    ULY                                      0x000043e0   Data          13  mkl_lpo_rtc.o(.constdata)
    LY                                       0x000043ed   Data          13  mkl_lpo_rtc.o(.constdata)
    MONTH_DAYS                               0x000043fa   Data          26  mkl_lpo_rtc.o(.constdata)
    .constdata                               0x00004414   Section      512  modbus.o(.constdata)
    .constdata                               0x00004614   Section       64  fdiv.o(.constdata)
    fdiv_tab                                 0x00004614   Data          64  fdiv.o(.constdata)
    .data                                    0x1ffff800   Section     1052  main.o(.data)
    .data                                    0x1ffffc1c   Section        4  lm005a.o(.data)
    .data                                    0x1ffffc20   Section        8  system8m.o(.data)
    .data                                    0x1ffffc28   Section       12  modbus.o(.data)
    .data                                    0x1ffffc34   Section       20  flash.o(.data)
    .bss                                     0x1ffffc48   Section      896  main.o(.bss)
    .bss                                     0x1fffffc8   Section     1124  lm005a.o(.bss)
    .bss                                     0x2000042c   Section      256  modbus.o(.bss)
    .bss                                     0x2000052c   Section       96  libspace.o(.bss)
    HEAP                                     0x20000590   Section        0  startup_mkl25z4.o(HEAP)
    STACK                                    0x20000590   Section     2048  startup_mkl25z4.o(STACK)
    Heap_Mem                                 0x20000590   Data           0  startup_mkl25z4.o(HEAP)
    Stack_Mem                                0x20000590   Data        2048  startup_mkl25z4.o(STACK)
    __initial_sp                             0x20000d90   Data           0  startup_mkl25z4.o(STACK)

    Global Symbols

    Symbol Name                              Value     Ov Type        Size  Object(Section)

    BuildAttributes$$THM_ISAv3M$S$PE$A:L22$X:L11$S22$IEEE1$IW$USESV6$~STKCKD$USESV7$~SHL$OSPACE$ROPI$EBA8$UX$STANDARDLIB$REQ8$PRES8$EABIv2 0x00000000   Number         0  anon$$obj.o ABSOLUTE
    __ARM_use_no_argv                        0x00000000   Number         0  main.o ABSOLUTE
    __Vectors                                0x00000000   Data           4  startup_mkl25z4.o(RESET)
    __ARM_exceptions_init                     - Undefined Weak Reference
    __alloca_initialize                       - Undefined Weak Reference
    __arm_preinit_                            - Undefined Weak Reference
    __cpp_initialize__aeabi_                  - Undefined Weak Reference
    __cxa_finalize                            - Undefined Weak Reference
    __rt_locale                               - Undefined Weak Reference
    __sigvec_lookup                           - Undefined Weak Reference
    _atexit_init                              - Undefined Weak Reference
    _call_atexit_fns                          - Undefined Weak Reference
    _clock_init                               - Undefined Weak Reference
    _fp_trap_init                             - Undefined Weak Reference
    _fp_trap_shutdown                         - Undefined Weak Reference
    _get_lc_collate                           - Undefined Weak Reference
    _get_lc_ctype                             - Undefined Weak Reference
    _get_lc_monetary                          - Undefined Weak Reference
    _get_lc_numeric                           - Undefined Weak Reference
    _get_lc_time                              - Undefined Weak Reference
    _getenv_init                              - Undefined Weak Reference
    _handle_redirection                       - Undefined Weak Reference
    _init_alloc                               - Undefined Weak Reference
    _init_user_alloc                          - Undefined Weak Reference
    _initio                                   - Undefined Weak Reference
    _printf_mbtowc                            - Undefined Weak Reference
    _printf_post_padding                      - Undefined Weak Reference
    _printf_pre_padding                       - Undefined Weak Reference
    _printf_truncate_signed                   - Undefined Weak Reference
    _printf_truncate_unsigned                 - Undefined Weak Reference
    _rand_init                                - Undefined Weak Reference
    _signal_finish                            - Undefined Weak Reference
    _signal_init                              - Undefined Weak Reference
    _terminate_alloc                          - Undefined Weak Reference
    _terminate_user_alloc                     - Undefined Weak Reference
    _terminateio                              - Undefined Weak Reference
    __Vectors_End                            0x000000c0   Data           0  startup_mkl25z4.o(RESET)
    __Vectors_Size                           0x000000c0   Number         0  startup_mkl25z4.o ABSOLUTE
    __main                                   0x000000c1   Thumb Code     8  __main.o(!!!main)
    __scatterload                            0x000000c9   Thumb Code     0  __scatter.o(!!!scatter)
    __scatterload_rt2                        0x000000c9   Thumb Code    52  __scatter.o(!!!scatter)
    __scatterload_rt2_thumb_only             0x000000c9   Thumb Code     0  __scatter.o(!!!scatter)
    __scatterload_null                       0x000000d9   Thumb Code     0  __scatter.o(!!!scatter)
    __scatterload_zeroinit                   0x00000105   Thumb Code    28  __scatter_zi.o(!!handler_zi)
    _printf_percent                          0x00000121   Thumb Code     0  _printf_percent.o(.ARM.Collect$$_printf_percent$$00000000)
    _printf_d                                0x00000123   Thumb Code     0  _printf_d.o(.ARM.Collect$$_printf_percent$$00000009)
    _printf_percent_end                      0x0000012d   Thumb Code     0  _printf_percent_end.o(.ARM.Collect$$_printf_percent$$00000017)
    __rt_lib_init                            0x00000131   Thumb Code     0  libinit.o(.ARM.Collect$$libinit$$00000000)
    __rt_lib_init_alloca_1                   0x00000133   Thumb Code     0  libinit2.o(.ARM.Collect$$libinit$$0000002E)
    __rt_lib_init_argv_1                     0x00000133   Thumb Code     0  libinit2.o(.ARM.Collect$$libinit$$0000002C)
    __rt_lib_init_atexit_1                   0x00000133   Thumb Code     0  libinit2.o(.ARM.Collect$$libinit$$0000001B)
    __rt_lib_init_clock_1                    0x00000133   Thumb Code     0  libinit2.o(.ARM.Collect$$libinit$$00000021)
    __rt_lib_init_cpp_1                      0x00000133   Thumb Code     0  libinit2.o(.ARM.Collect$$libinit$$00000032)
    __rt_lib_init_exceptions_1               0x00000133   Thumb Code     0  libinit2.o(.ARM.Collect$$libinit$$00000030)
    __rt_lib_init_fp_1                       0x00000133   Thumb Code     0  libinit2.o(.ARM.Collect$$libinit$$00000002)
    __rt_lib_init_fp_trap_1                  0x00000133   Thumb Code     0  libinit2.o(.ARM.Collect$$libinit$$0000001F)
    __rt_lib_init_getenv_1                   0x00000133   Thumb Code     0  libinit2.o(.ARM.Collect$$libinit$$00000023)
    __rt_lib_init_heap_1                     0x00000133   Thumb Code     0  libinit2.o(.ARM.Collect$$libinit$$0000000A)
    __rt_lib_init_lc_collate_1               0x00000133   Thumb Code     0  libinit2.o(.ARM.Collect$$libinit$$00000011)
    __rt_lib_init_lc_ctype_1                 0x00000133   Thumb Code     0  libinit2.o(.ARM.Collect$$libinit$$00000013)
    __rt_lib_init_lc_monetary_1              0x00000133   Thumb Code     0  libinit2.o(.ARM.Collect$$libinit$$00000015)
    __rt_lib_init_lc_numeric_1               0x00000133   Thumb Code     0  libinit2.o(.ARM.Collect$$libinit$$00000017)
    __rt_lib_init_lc_time_1                  0x00000133   Thumb Code     0  libinit2.o(.ARM.Collect$$libinit$$00000019)
    __rt_lib_init_preinit_1                  0x00000133   Thumb Code     0  libinit2.o(.ARM.Collect$$libinit$$00000004)
    __rt_lib_init_rand_1                     0x00000133   Thumb Code     0  libinit2.o(.ARM.Collect$$libinit$$0000000E)
    __rt_lib_init_return                     0x00000133   Thumb Code     0  libinit2.o(.ARM.Collect$$libinit$$00000033)
    __rt_lib_init_signal_1                   0x00000133   Thumb Code     0  libinit2.o(.ARM.Collect$$libinit$$0000001D)
    __rt_lib_init_stdio_1                    0x00000133   Thumb Code     0  libinit2.o(.ARM.Collect$$libinit$$00000025)
    __rt_lib_init_user_alloc_1               0x00000133   Thumb Code     0  libinit2.o(.ARM.Collect$$libinit$$0000000C)
    __rt_lib_shutdown                        0x00000135   Thumb Code     0  libshutdown.o(.ARM.Collect$$libshutdown$$00000000)
    __rt_lib_shutdown_cpp_1                  0x00000137   Thumb Code     0  libshutdown2.o(.ARM.Collect$$libshutdown$$00000002)
    __rt_lib_shutdown_fp_trap_1              0x00000137   Thumb Code     0  libshutdown2.o(.ARM.Collect$$libshutdown$$00000007)
    __rt_lib_shutdown_heap_1                 0x00000137   Thumb Code     0  libshutdown2.o(.ARM.Collect$$libshutdown$$0000000F)
    __rt_lib_shutdown_return                 0x00000137   Thumb Code     0  libshutdown2.o(.ARM.Collect$$libshutdown$$00000010)
    __rt_lib_shutdown_signal_1               0x00000137   Thumb Code     0  libshutdown2.o(.ARM.Collect$$libshutdown$$0000000A)
    __rt_lib_shutdown_stdio_1                0x00000137   Thumb Code     0  libshutdown2.o(.ARM.Collect$$libshutdown$$00000004)
    __rt_lib_shutdown_user_alloc_1           0x00000137   Thumb Code     0  libshutdown2.o(.ARM.Collect$$libshutdown$$0000000C)
    __rt_entry                               0x00000139   Thumb Code     0  __rtentry.o(.ARM.Collect$$rtentry$$00000000)
    __rt_entry_presh_1                       0x00000139   Thumb Code     0  __rtentry2.o(.ARM.Collect$$rtentry$$00000002)
    __rt_entry_sh                            0x00000139   Thumb Code     0  __rtentry4.o(.ARM.Collect$$rtentry$$00000004)
    __rt_entry_li                            0x0000013f   Thumb Code     0  __rtentry2.o(.ARM.Collect$$rtentry$$0000000A)
    __rt_entry_postsh_1                      0x0000013f   Thumb Code     0  __rtentry2.o(.ARM.Collect$$rtentry$$00000009)
    __rt_entry_main                          0x00000143   Thumb Code     0  __rtentry2.o(.ARM.Collect$$rtentry$$0000000D)
    __rt_entry_postli_1                      0x00000143   Thumb Code     0  __rtentry2.o(.ARM.Collect$$rtentry$$0000000C)
    __rt_exit                                0x0000014b   Thumb Code     0  rtexit.o(.ARM.Collect$$rtexit$$00000000)
    __rt_exit_ls                             0x0000014d   Thumb Code     0  rtexit2.o(.ARM.Collect$$rtexit$$00000003)
    __rt_exit_prels_1                        0x0000014d   Thumb Code     0  rtexit2.o(.ARM.Collect$$rtexit$$00000002)
    __rt_exit_exit                           0x00000151   Thumb Code     0  rtexit2.o(.ARM.Collect$$rtexit$$00000004)
    Reset_Handler                            0x00000159   Thumb Code     8  startup_mkl25z4.o(.text)
    HardFault_Handler                        0x00000163   Thumb Code     2  startup_mkl25z4.o(.text)
    SVC_Handler                              0x00000165   Thumb Code     2  startup_mkl25z4.o(.text)
    PendSV_Handler                           0x00000167   Thumb Code     2  startup_mkl25z4.o(.text)
    SysTick_Handler                          0x00000169   Thumb Code     2  startup_mkl25z4.o(.text)
    CMP0_IRQHandler                          0x0000016b   Thumb Code     0  startup_mkl25z4.o(.text)
    DAC0_IRQHandler                          0x0000016b   Thumb Code     0  startup_mkl25z4.o(.text)
    DMA0_IRQHandler                          0x0000016b   Thumb Code     0  startup_mkl25z4.o(.text)
    DMA1_IRQHandler                          0x0000016b   Thumb Code     0  startup_mkl25z4.o(.text)
    DMA2_IRQHandler                          0x0000016b   Thumb Code     0  startup_mkl25z4.o(.text)
    DMA3_IRQHandler                          0x0000016b   Thumb Code     0  startup_mkl25z4.o(.text)
    DefaultISR                               0x0000016b   Thumb Code     0  startup_mkl25z4.o(.text)
    FTFA_IRQHandler                          0x0000016b   Thumb Code     0  startup_mkl25z4.o(.text)
    I2C0_IRQHandler                          0x0000016b   Thumb Code     0  startup_mkl25z4.o(.text)
    I2C1_IRQHandler                          0x0000016b   Thumb Code     0  startup_mkl25z4.o(.text)
    I2S_IRQHandler                           0x0000016b   Thumb Code     0  startup_mkl25z4.o(.text)
    LLW_IRQHandler                           0x0000016b   Thumb Code     0  startup_mkl25z4.o(.text)
    LVD_LVW_IRQHandler                       0x0000016b   Thumb Code     0  startup_mkl25z4.o(.text)
    MCG_IRQHandler                           0x0000016b   Thumb Code     0  startup_mkl25z4.o(.text)
    PIT_IRQHandler                           0x0000016b   Thumb Code     0  startup_mkl25z4.o(.text)
    PORTA_IRQHandler                         0x0000016b   Thumb Code     0  startup_mkl25z4.o(.text)
    RTC_Seconds_IRQHandler                   0x0000016b   Thumb Code     0  startup_mkl25z4.o(.text)
    Reserved20_IRQHandler                    0x0000016b   Thumb Code     0  startup_mkl25z4.o(.text)
    Reserved45_IRQHandler                    0x0000016b   Thumb Code     0  startup_mkl25z4.o(.text)
    SPI0_IRQHandler                          0x0000016b   Thumb Code     0  startup_mkl25z4.o(.text)
    SPI1_IRQHandler                          0x0000016b   Thumb Code     0  startup_mkl25z4.o(.text)
    TPM0_IRQHandler                          0x0000016b   Thumb Code     0  startup_mkl25z4.o(.text)
    TPM2_IRQHandler                          0x0000016b   Thumb Code     0  startup_mkl25z4.o(.text)
    TSI0_IRQHandler                          0x0000016b   Thumb Code     0  startup_mkl25z4.o(.text)
    USB0_IRQHandler                          0x0000016b   Thumb Code     0  startup_mkl25z4.o(.text)
    __user_initial_stackheap                 0x0000016d   Thumb Code     0  startup_mkl25z4.o(.text)
    __aeabi_lmul                             0x0000018d   Thumb Code    48  llmul.o(.text)
    _ll_mul                                  0x0000018d   Thumb Code     0  llmul.o(.text)
    __2sprintf                               0x000001bd   Thumb Code    36  noretval__2sprintf.o(.text)
    __printf                                 0x000001e5   Thumb Code   108  __printf.o(.text)
    _printf_int_dec                          0x00000251   Thumb Code    90  _printf_dec.o(.text)
    strstr                                   0x000002bd   Thumb Code    40  strstr.o(.text)
    _memset_w                                0x000002e5   Thumb Code    26  rt_memclr.o(.text)
    _memset                                  0x000002ff   Thumb Code    30  rt_memclr.o(.text)
    __aeabi_memclr                           0x0000031d   Thumb Code     4  rt_memclr.o(.text)
    __rt_memclr                              0x0000031d   Thumb Code     0  rt_memclr.o(.text)
    __aeabi_memclr4                          0x00000321   Thumb Code     0  rt_memclr.o(.text)
    __aeabi_memclr8                          0x00000321   Thumb Code     0  rt_memclr.o(.text)
    __rt_memclr_w                            0x00000321   Thumb Code     4  rt_memclr.o(.text)
    __use_two_region_memory                  0x00000325   Thumb Code     2  heapauxi.o(.text)
    __rt_heap_escrow$2region                 0x00000327   Thumb Code     2  heapauxi.o(.text)
    __rt_heap_expand$2region                 0x00000329   Thumb Code     2  heapauxi.o(.text)
    __aeabi_d2f                              0x0000032d   Thumb Code     0  d2f.o(.text)
    _d2f                                     0x0000032d   Thumb Code   120  d2f.o(.text)
    __aeabi_d2uiz                            0x000003a9   Thumb Code     0  dfixui.o(.text)
    _dfixu                                   0x000003a9   Thumb Code    68  dfixui.o(.text)
    _sputc                                   0x000003f1   Thumb Code    10  _sputc.o(.text)
    __I$use$semihosting                      0x000003fb   Thumb Code     0  use_no_semi.o(.text)
    __use_no_semihosting_swi                 0x000003fb   Thumb Code     2  use_no_semi.o(.text)
    NMI_Handler                              0x000003fd   Thumb Code     2  system8m.o(i.NMI_Handler)
    __semihosting_library_function           0x000003fd   Thumb Code     0  indicate_semi.o(.text)
    __I$use$fp                               0x000003fe   Number         0  usenofp.o(x$fpl$usenofp)
    __aeabi_uidiv                            0x00000411   Thumb Code     0  aeabi_sdiv.o(.text)
    __aeabi_uidivmod                         0x00000411   Thumb Code    20  aeabi_sdiv.o(.text)
    __aeabi_idiv                             0x00000425   Thumb Code     0  aeabi_sdiv.o(.text)
    __aeabi_idivmod                          0x00000425   Thumb Code   326  aeabi_sdiv.o(.text)
    __aeabi_dadd                             0x00000865   Thumb Code     0  daddsub.o(.text)
    _dadd                                    0x00000865   Thumb Code    26  daddsub.o(.text)
    __aeabi_dsub                             0x0000087f   Thumb Code     0  daddsub.o(.text)
    _dsub                                    0x0000087f   Thumb Code    22  daddsub.o(.text)
    __aeabi_drsub                            0x00000895   Thumb Code     0  daddsub.o(.text)
    _drsb                                    0x00000895   Thumb Code    28  daddsub.o(.text)
    __aeabi_dmul                             0x000008c5   Thumb Code     0  dmul.o(.text)
    _dmul                                    0x000008c5   Thumb Code   558  dmul.o(.text)
    __aeabi_f2d                              0x00000b0d   Thumb Code     0  f2d.o(.text)
    _f2d                                     0x00000b0d   Thumb Code    80  f2d.o(.text)
    __aeabi_fdiv                             0x00000b61   Thumb Code     0  fdiv.o(.text)
    _fdiv                                    0x00000b61   Thumb Code   334  fdiv.o(.text)
    _frdiv                                   0x00000caf   Thumb Code     8  fdiv.o(.text)
    __aeabi_i2f_normalise                    0x00000cc1   Thumb Code    72  fflti.o(.text)
    __aeabi_i2f                              0x00000d09   Thumb Code    16  fflti.o(.text)
    _fflt                                    0x00000d09   Thumb Code     0  fflti.o(.text)
    __aeabi_ui2f                             0x00000d19   Thumb Code     6  fflti.o(.text)
    _ffltu                                   0x00000d19   Thumb Code     0  fflti.o(.text)
    _printf_int_common                       0x00000d1f   Thumb Code   176  _printf_intcommon.o(.text)
    _printf_char_common                      0x00000ddb   Thumb Code    32  _printf_char_common.o(.text)
    __rt_udiv10                              0x00000e01   Thumb Code    40  rtudiv10.o(.text)
    __fpl_fcmp_InfNaN                        0x00000e29   Thumb Code    96  fcmpin.o(.text)
    __fpl_cmpreturn                          0x00000e8d   Thumb Code    46  cmpret.o(.text)
    __fpl_fcheck_NaN2                        0x00000ebd   Thumb Code    10  fnan2.o(.text)
    __user_setup_stackheap                   0x00000ecd   Thumb Code    62  sys_stackheap_outer.o(.text)
    exit                                     0x00000f0b   Thumb Code    16  exit.o(.text)
    __fpl_return_NaN                         0x00000f1b   Thumb Code    94  retnan.o(.text)
    __user_libspace                          0x00000f79   Thumb Code     8  libspace.o(.text)
    __user_perproc_libspace                  0x00000f79   Thumb Code     0  libspace.o(.text)
    __user_perthread_libspace                0x00000f79   Thumb Code     0  libspace.o(.text)
    _sys_exit                                0x00000f81   Thumb Code     8  sys_exit.o(.text)
    __decompress                             0x00000f8d   Thumb Code     0  __dczerorl2.o(.text)
    __decompress1                            0x00000f8d   Thumb Code    86  __dczerorl2.o(.text)
    ADBEGIN                                  0x00000fe5   Thumb Code    16  main.o(i.ADBEGIN)
    ADC0_IRQHandler                          0x00000ff9   Thumb Code   446  main.o(i.ADC0_IRQHandler)
    ADOVER                                   0x000011f5   Thumb Code    10  main.o(i.ADOVER)
    ADPowerSelect                            0x00001201   Thumb Code    22  main.o(i.ADPowerSelect)
    ADanalogyinit                            0x0000121d   Thumb Code    56  main.o(i.ADanalogyinit)
    CRC16ISR0                                0x00001259   Thumb Code    46  modbus.o(i.CRC16ISR0)
    CRC16ISR1                                0x00001291   Thumb Code    46  modbus.o(i.CRC16ISR1)
    Configinit                               0x000012c9   Thumb Code     8  flash.o(i.Configinit)
    ConnectIndication                        0x000012d1   Thumb Code    52  main.o(i.ConnectIndication)
    Connectfail                              0x00001305   Thumb Code    52  main.o(i.Connectfail)
    Disable485TXD_uart0                      0x00001339   Thumb Code    12  modbus.o(i.Disable485TXD_uart0)
    Disable485TXD_uart2                      0x00001349   Thumb Code    12  modbus.o(i.Disable485TXD_uart2)
    EMU                                      0x00001359   Thumb Code   346  main.o(i.EMU)
    ENTER_VLPS                               0x000014e9   Thumb Code   112  main.o(i.ENTER_VLPS)
    Enable485TXD_uart0                       0x00001569   Thumb Code    12  modbus.o(i.Enable485TXD_uart0)
    Enable485TXD_uart2                       0x00001579   Thumb Code    12  modbus.o(i.Enable485TXD_uart2)
    FLASH_EraseSector                        0x00001589   Thumb Code    44  flash.o(i.FLASH_EraseSector)
    FlashCmdStart                            0x000015b9   Thumb Code    40  flash.o(i.FlashCmdStart)
    GDPowerSelect                            0x000015ed   Thumb Code    22  main.o(i.GDPowerSelect)
    IOinit                                   0x00001609   Thumb Code   258  main.o(i.IOinit)
    Init_temp_parameter                      0x0000171d   Thumb Code    20  main.o(i.Init_temp_parameter)
    Init_uart0_TO_GPIO                       0x00001741   Thumb Code    70  main.o(i.Init_uart0_TO_GPIO)
    LED_POWER                                0x00001791   Thumb Code    22  main.o(i.LED_POWER)
    LED_SIGNAL                               0x000017ad   Thumb Code    22  main.o(i.LED_SIGNAL)
    LM005A_ADR_SET                           0x000017c9   Thumb Code    34  lm005a.o(i.LM005A_ADR_SET)
    LM005A_CLASS_SET                         0x00001809   Thumb Code    34  lm005a.o(i.LM005A_CLASS_SET)
    LM005A_Cmd                               0x00001849   Thumb Code   174  lm005a.o(i.LM005A_Cmd)
    LM005A_DR_SET                            0x00001905   Thumb Code    34  lm005a.o(i.LM005A_DR_SET)
    LM005A_JOIN_SET                          0x00001945   Thumb Code    28  lm005a.o(i.LM005A_JOIN_SET)
    LM005A_MODE_SET                          0x00001981   Thumb Code    34  lm005a.o(i.LM005A_MODE_SET)
    LM005A_POWER_SET                         0x000019c1   Thumb Code    34  lm005a.o(i.LM005A_POWER_SET)
    LM005A_SEND_DATA_Without_Receive         0x00001a01   Thumb Code    44  lm005a.o(i.LM005A_SEND_DATA_Without_Receive)
    LM005A_returnOK                          0x00001a41   Thumb Code   152  lm005a.o(i.LM005A_returnOK)
    LPTimer_IRQHandler                       0x00001add   Thumb Code    14  main.o(i.LPTimer_IRQHandler)
    OnOrganizeData1                          0x00001c1d   Thumb Code   122  modbus.o(i.OnOrganizeData1)
    OnOrganizeData2                          0x00001ca1   Thumb Code   122  modbus.o(i.OnOrganizeData2)
    PORTC_PORTD_IRQHandler                   0x00001d25   Thumb Code    38  main.o(i.PORTC_PORTD_IRQHandler)
    RDBYTES                                  0x00001d55   Thumb Code    28  flash.o(i.RDBYTES)
    RTCBEGIN                                 0x00001d71   Thumb Code    40  main.o(i.RTCBEGIN)
    RTC_DateTimeToSecond                     0x00001da1   Thumb Code   118  mkl_lpo_rtc.o(i.RTC_DateTimeToSecond)
    RTC_GetTime                              0x00001e25   Thumb Code    28  mkl_lpo_rtc.o(i.RTC_GetTime)
    RTC_IRQHandler                           0x00001e45   Thumb Code    24  main.o(i.RTC_IRQHandler)
    RTC_SecondToDateTime                     0x00001e61   Thumb Code   176  mkl_lpo_rtc.o(i.RTC_SecondToDateTime)
    RTC_SetTime                              0x00001f21   Thumb Code    50  mkl_lpo_rtc.o(i.RTC_SetTime)
    RxdByte_uart2                            0x00001f59   Thumb Code   164  modbus.o(i.RxdByte_uart2)
    SystemCoreClockUpdate                    0x0000200d   Thumb Code   320  system8m.o(i.SystemCoreClockUpdate)
    SystemInit                               0x00002169   Thumb Code   176  system8m.o(i.SystemInit)
    TPM1_IRQHandler                          0x00002239   Thumb Code   194  main.o(i.TPM1_IRQHandler)
    TPM1_init                                0x00002321   Thumb Code    64  main.o(i.TPM1_init)
    UART0_IRQHandler                         0x0000236d   Thumb Code   126  modbus.o(i.UART0_IRQHandler)
    UART1_IRQHandler                         0x000023f5   Thumb Code    24  mkl_uart.o(i.UART1_IRQHandler)
    UART2_IRQHandler                         0x00002411   Thumb Code   104  modbus.o(i.UART2_IRQHandler)
    USART_CMD_LM005A                         0x0000247d   Thumb Code   186  lm005a.o(i.USART_CMD_LM005A)
    USART_CMD_LM005A_data                    0x00002541   Thumb Code   262  lm005a.o(i.USART_CMD_LM005A_data)
    WRBYTES                                  0x00002659   Thumb Code   142  flash.o(i.WRBYTES)
    __ARM_common_switch8                     0x000026ed   Thumb Code    28  mkl_uart.o(i.__ARM_common_switch8)
    adcGetUint                               0x00002709   Thumb Code    22  mkl_adc.o(i.adcGetUint)
    adcInit                                  0x00002725   Thumb Code    96  mkl_adc.o(i.adcInit)
    clockMonitor                             0x00002795   Thumb Code    32  main.o(i.clockMonitor)
    enter_vlps                               0x000027b9   Thumb Code    58  main.o(i.enter_vlps)
    getModbusData1                           0x000027fd   Thumb Code   442  modbus.o(i.getModbusData1)
    getModbusData2                           0x000029d5   Thumb Code   548  modbus.o(i.getModbusData2)
    getTelLength_uart2                       0x00002c15   Thumb Code    94  modbus.o(i.getTelLength_uart2)
    getTxdByte_uart0                         0x00002c79   Thumb Code    48  modbus.o(i.getTxdByte_uart0)
    getTxdByte_uart2                         0x00002cb5   Thumb Code    48  modbus.o(i.getTxdByte_uart2)
    hasByteToTxd_uart0                       0x00002cf1   Thumb Code    30  modbus.o(i.hasByteToTxd_uart0)
    hasByteToTxd_uart2                       0x00002d19   Thumb Code    30  modbus.o(i.hasByteToTxd_uart2)
    int_sqrt                                 0x00002d41   Thumb Code    46  main.o(i.int_sqrt)
    isTelComplete_uart2                      0x00002d71   Thumb Code    82  modbus.o(i.isTelComplete_uart2)
    isVaildTel_uart2                         0x00002dcd   Thumb Code   182  modbus.o(i.isVaildTel_uart2)
    leftRxdTel_uart2                         0x00002f0d   Thumb Code    52  modbus.o(i.leftRxdTel_uart2)
    loadConfig                               0x00002f49   Thumb Code    60  flash.o(i.loadConfig)
    main                                     0x00002f91   Thumb Code   838  main.o(i.main)
    pbe_pee                                  0x00003339   Thumb Code   204  mcg.o(i.pbe_pee)
    pitInit                                  0x00003409   Thumb Code    48  mkl_pit.o(i.pitInit)
    receiveloop_uart2                        0x00003445   Thumb Code   126  modbus.o(i.receiveloop_uart2)
    reply_ack_uart2                          0x000034c9   Thumb Code    94  modbus.o(i.reply_ack_uart2)
    reply_adc_uart2                          0x00003535   Thumb Code   120  modbus.o(i.reply_adc_uart2)
    reply_addr_uart2                         0x000035b9   Thumb Code   102  modbus.o(i.reply_addr_uart2)
    reply_crt_uart2                          0x0000362d   Thumb Code   120  modbus.o(i.reply_crt_uart2)
    reply_displacement_uart2                 0x000036b1   Thumb Code    94  modbus.o(i.reply_displacement_uart2)
    reply_lmd_uart2                          0x0000371d   Thumb Code   120  modbus.o(i.reply_lmd_uart2)
    reply_measure_uart2                      0x000037a1   Thumb Code   218  modbus.o(i.reply_measure_uart2)
    reply_rate_uart2                         0x00003889   Thumb Code   102  modbus.o(i.reply_rate_uart2)
    rtcInit                                  0x000038fd   Thumb Code   118  mkl_lpo_rtc.o(i.rtcInit)
    rtcIntConfig                             0x00003985   Thumb Code   146  main.o(i.rtcIntConfig)
    saveConfig                               0x00003a1d   Thumb Code    26  flash.o(i.saveConfig)
    set_ack_uart2                            0x00003a3d   Thumb Code    28  modbus.o(i.set_ack_uart2)
    set_adc_uart2                            0x00003a65   Thumb Code    68  modbus.o(i.set_adc_uart2)
    set_addr_uart2                           0x00003ab5   Thumb Code    36  modbus.o(i.set_addr_uart2)
    set_crt_uart2                            0x00003ae5   Thumb Code    68  modbus.o(i.set_crt_uart2)
    set_displacement_uart2                   0x00003b35   Thumb Code    28  modbus.o(i.set_displacement_uart2)
    set_lmd_uart2                            0x00003b5d   Thumb Code    68  modbus.o(i.set_lmd_uart2)
    set_rate_uart2                           0x00003bad   Thumb Code    38  modbus.o(i.set_rate_uart2)
    startTxd_uart0                           0x00003be1   Thumb Code    18  modbus.o(i.startTxd_uart0)
    startTxd_uart2                           0x00003bf3   Thumb Code    18  modbus.o(i.startTxd_uart2)
    time_delay_ms                            0x00003c05   Thumb Code    66  mkl_lptmr.o(i.time_delay_ms)
    uart0GetChar                             0x00003c51   Thumb Code    18  mkl_uart.o(i.uart0GetChar)
    uart0Init                                0x00003c69   Thumb Code   324  mkl_uart.o(i.uart0Init)
    uart0SendChar                            0x00003dbd   Thumb Code    18  mkl_uart.o(i.uart0SendChar)
    uart0TranControl                         0x00003dd5   Thumb Code    28  mkl_uart.o(i.uart0TranControl)
    uart1SendChar                            0x00003df5   Thumb Code    18  mkl_uart.o(i.uart1SendChar)
    uart2GetChar                             0x00003e0d   Thumb Code    18  mkl_uart.o(i.uart2GetChar)
    uart2Init                                0x00003e25   Thumb Code   204  mkl_uart.o(i.uart2Init)
    uart2SendChar                            0x00003f01   Thumb Code    18  mkl_uart.o(i.uart2SendChar)
    uart2TranControl                         0x00003f19   Thumb Code    28  mkl_uart.o(i.uart2TranControl)
    uart_send_data_uart0                     0x00003f39   Thumb Code    40  modbus.o(i.uart_send_data_uart0)
    uart_send_data_uart2                     0x00003f6d   Thumb Code    40  modbus.o(i.uart_send_data_uart2)
    what_mcg_mode                            0x00003fa1   Thumb Code   388  mcg.o(i.what_mcg_mode)
    __aeabi_fadd                             0x00004129   Thumb Code     0  faddsub.o(x$fpl$fadd)
    _fadd                                    0x00004129   Thumb Code   134  faddsub.o(x$fpl$fadd)
    __aeabi_cfcmple                          0x000041b5   Thumb Code     0  flef.o(x$fpl$fleqf)
    _fcmple                                  0x000041b5   Thumb Code    78  flef.o(x$fpl$fleqf)
    __aeabi_fmul                             0x00004209   Thumb Code     0  fmul.o(x$fpl$fmul)
    _fmul                                    0x00004209   Thumb Code   172  fmul.o(x$fpl$fmul)
    __aeabi_cfrcmple                         0x000042b9   Thumb Code     0  frlef.o(x$fpl$frleqf)
    _frcmple                                 0x000042b9   Thumb Code    84  frlef.o(x$fpl$frleqf)
    __aeabi_fsub                             0x00004311   Thumb Code     0  faddsub.o(x$fpl$fsub)
    _fsub                                    0x00004311   Thumb Code   204  faddsub.o(x$fpl$fsub)
    auchCRCHi                                0x00004414   Data         256  modbus.o(.constdata)
    auchCRCLo                                0x00004514   Data         256  modbus.o(.constdata)
    Region$$Table$$Base                      0x00004654   Number         0  anon$$obj.o(Region$$Table)
    Region$$Table$$Limit                     0x00004674   Number         0  anon$$obj.o(Region$$Table)
    ZERO                                     0x1ffff800   Data           4  main.o(.data)
    AD_ZERO                                  0x1ffff808   Data           8  main.o(.data)
    AD_ASquare                               0x1ffff810   Data           4  main.o(.data)
    AD_VSquare                               0x1ffff814   Data           4  main.o(.data)
    AD_XSquare                               0x1ffff818   Data           4  main.o(.data)
    AD_Inter                                 0x1ffff820   Data           8  main.o(.data)
    AD_AInter                                0x1ffff828   Data           8  main.o(.data)
    AD_VInter                                0x1ffff830   Data           8  main.o(.data)
    AD_Adate                                 0x1ffff838   Data           8  main.o(.data)
    AD_Vdate                                 0x1ffff840   Data           8  main.o(.data)
    AD_Xdate                                 0x1ffff848   Data           8  main.o(.data)
    AD_add                                   0x1ffff850   Data           8  main.o(.data)
    COUNT                                    0x1ffff858   Data           2  main.o(.data)
    SHOWCOUNT                                0x1ffff85a   Data           2  main.o(.data)
    waitforreceivetime                       0x1ffff85c   Data           4  main.o(.data)
    FLASH_SIZE                               0x1ffff860   Data           4  main.o(.data)
    FLASH_WRADDR                             0x1ffff864   Data           4  main.o(.data)
    tx_condition                             0x1ffff868   Data           1  main.o(.data)
    TX_Time_counter                          0x1ffff86c   Data           4  main.o(.data)
    TX_pre_counter                           0x1ffff870   Data           4  main.o(.data)
    temp_data                                0x1ffff874   Data           4  main.o(.data)
    temp_data0                               0x1ffff878   Data           4  main.o(.data)
    temp                                     0x1ffff87c   Data           4  main.o(.data)
    GDConnect1                               0x1ffff880   Data           1  main.o(.data)
    GDConnect2                               0x1ffff881   Data           1  main.o(.data)
    SaveBuf                                  0x1ffff882   Data          20  main.o(.data)
    value                                    0x1ffff898   Data           4  main.o(.data)
    value1                                   0x1ffff89c   Data           4  main.o(.data)
    vvalue                                   0x1ffff8a0   Data           8  main.o(.data)
    xvalue                                   0x1ffff8a8   Data           8  main.o(.data)
    config                                   0x1ffff8b0   Data         288  main.o(.data)
    Parameter                                0x1ffff9d0   Data         440  main.o(.data)
    AdjustData                               0x1ffffb88   Data          48  main.o(.data)
    batteryCanboardtime                      0x1ffffbb8   Data           2  main.o(.data)
    currentboardtime                         0x1ffffbba   Data           2  main.o(.data)
    RMS_value                                0x1ffffbbc   Data           4  main.o(.data)
    RTC_SECONDS                              0x1ffffbc0   Data           4  main.o(.data)
    countter                                 0x1ffffbc4   Data           4  main.o(.data)
    measureFlag                              0x1ffffbc8   Data           1  main.o(.data)
    enterVLLSOflag                           0x1ffffbc9   Data           1  main.o(.data)
    mcg_clk_hz                               0x1ffffbcc   Data           4  main.o(.data)
    mcg_clk_khz                              0x1ffffbd0   Data           4  main.o(.data)
    core_clk_khz                             0x1ffffbd4   Data           4  main.o(.data)
    uart0_clk_khz                            0x1ffffbd8   Data           4  main.o(.data)
    fast_irc_freq                            0x1ffffbdc   Data           4  main.o(.data)
    slow_irc_freq                            0x1ffffbe0   Data           4  main.o(.data)
    df_table_num                             0x1ffffbe4   Data           4  main.o(.data)
    lastworkcycle                            0x1ffffbe8   Data           2  main.o(.data)
    boardtime                                0x1ffffbea   Data           2  main.o(.data)
    reference_voltage                        0x1ffffbec   Data           4  main.o(.data)
    temperature_voltage                      0x1ffffbf0   Data           4  main.o(.data)
    intervalclock                            0x1ffffbf4   Data           4  main.o(.data)
    nextclock                                0x1ffffbf8   Data           4  main.o(.data)
    vlpsstartclock                           0x1ffffbfc   Data           4  main.o(.data)
    intervalue                               0x1ffffc00   Data           8  main.o(.data)
    outsidenum                               0x1ffffc08   Data           4  main.o(.data)
    Resetflag                                0x1ffffc0c   Data           1  main.o(.data)
    InputIOtimer                             0x1ffffc10   Data           4  main.o(.data)
    config_addr                              0x1ffffc14   Data           2  main.o(.data)
    waitreceive_count                        0x1ffffc18   Data           4  main.o(.data)
    ATcmdLength                              0x1ffffc1c   Data           4  lm005a.o(.data)
    SystemCoreClock                          0x1ffffc20   Data           4  system8m.o(.data)
    SystemBusClock                           0x1ffffc24   Data           4  system8m.o(.data)
    TxdBytes_uart0                           0x1ffffc28   Data           1  modbus.o(.data)
    TxdBytes_uart2                           0x1ffffc29   Data           1  modbus.o(.data)
    TxdTelBytes_uart0                        0x1ffffc2a   Data           1  modbus.o(.data)
    TxdTelBytes_uart2                        0x1ffffc2b   Data           1  modbus.o(.data)
    TxdCmdBuf_uart0Length                    0x1ffffc2c   Data           1  modbus.o(.data)
    TxdCmdBuf_uart2Length                    0x1ffffc2d   Data           1  modbus.o(.data)
    ReceivedTel_uart0                        0x1ffffc2e   Data           1  modbus.o(.data)
    ReceivedTel_uart2                        0x1ffffc2f   Data           1  modbus.o(.data)
    RxdBytes_uart0                           0x1ffffc30   Data           1  modbus.o(.data)
    RxdBytes_uart2                           0x1ffffc31   Data           1  modbus.o(.data)
    RxdCmdBuf_uart0Length                    0x1ffffc32   Data           1  modbus.o(.data)
    RxdCmdBuf_uart2Length                    0x1ffffc33   Data           1  modbus.o(.data)
    s_flash_command_run                      0x1ffffc34   Data          14  flash.o(.data)
    s_flash_run_entry                        0x1ffffc44   Data           4  flash.o(.data)
    RDBuf                                    0x1ffffc48   Data          20  main.o(.bss)
    td                                       0x1ffffc5c   Data          12  main.o(.bss)
    ram_data                                 0x1ffffc68   Data         864  main.o(.bss)
    strLM005A_Fram_Record                    0x1fffffc8   Data         100  lm005a.o(.bss)
    ATcmd                                    0x2000002c   Data        1024  lm005a.o(.bss)
    TxdBuf_uart0                             0x2000042c   Data          32  modbus.o(.bss)
    TxdBuf_uart2                             0x2000044c   Data          32  modbus.o(.bss)
    TxdCmdBuf_uart0                          0x2000046c   Data          32  modbus.o(.bss)
    TxdCmdBuf_uart2                          0x2000048c   Data          32  modbus.o(.bss)
    RxdBuf_uart0                             0x200004ac   Data          32  modbus.o(.bss)
    RxdBuf_uart2                             0x200004cc   Data          32  modbus.o(.bss)
    RxdCmdBuf_uart0                          0x200004ec   Data          32  modbus.o(.bss)
    RxdCmdBuf_uart2                          0x2000050c   Data          32  modbus.o(.bss)
    __libspace_start                         0x2000052c   Data          96  libspace.o(.bss)
    __temporary_stack_top$libspace           0x2000058c   Data           0  libspace.o(.bss)



==============================================================================

Memory Map of the image

  Image Entry point : 0x000000c1

  Load Region LR_IROM1 (Base: 0x00000000, Size: 0x00004abc, Max: 0x00010000, ABSOLUTE, COMPRESSED[0x0000472c])

    Execution Region ER_IROM1 (Exec base: 0x00000000, Load base: 0x00000000, Size: 0x00004674, Max: 0x00010000, ABSOLUTE)

    Exec Addr    Load Addr    Size         Type   Attr      Idx    E Section Name        Object

    0x00000000   0x00000000   0x000000c0   Data   RO         1276    RESET               startup_mkl25z4.o
    0x000000c0   0x000000c0   0x00000008   Code   RO         1867  * !!!main             c_p.l(__main.o)
    0x000000c8   0x000000c8   0x0000003c   Code   RO         2098    !!!scatter          c_p.l(__scatter.o)
    0x00000104   0x00000104   0x0000001c   Code   RO         2100    !!handler_zi        c_p.l(__scatter_zi.o)
    0x00000120   0x00000120   0x00000002   Code   RO         1856    .ARM.Collect$$_printf_percent$$00000000  c_p.l(_printf_percent.o)
    0x00000122   0x00000122   0x0000000a   Code   RO         1855    .ARM.Collect$$_printf_percent$$00000009  c_p.l(_printf_d.o)
    0x0000012c   0x0000012c   0x00000004   Code   RO         1920    .ARM.Collect$$_printf_percent$$00000017  c_p.l(_printf_percent_end.o)
    0x00000130   0x00000130   0x00000002   Code   RO         1963    .ARM.Collect$$libinit$$00000000  c_p.l(libinit.o)
    0x00000132   0x00000132   0x00000000   Code   RO         1979    .ARM.Collect$$libinit$$00000002  c_p.l(libinit2.o)
    0x00000132   0x00000132   0x00000000   Code   RO         1981    .ARM.Collect$$libinit$$00000004  c_p.l(libinit2.o)
    0x00000132   0x00000132   0x00000000   Code   RO         1984    .ARM.Collect$$libinit$$0000000A  c_p.l(libinit2.o)
    0x00000132   0x00000132   0x00000000   Code   RO         1986    .ARM.Collect$$libinit$$0000000C  c_p.l(libinit2.o)
    0x00000132   0x00000132   0x00000000   Code   RO         1988    .ARM.Collect$$libinit$$0000000E  c_p.l(libinit2.o)
    0x00000132   0x00000132   0x00000000   Code   RO         1991    .ARM.Collect$$libinit$$00000011  c_p.l(libinit2.o)
    0x00000132   0x00000132   0x00000000   Code   RO         1993    .ARM.Collect$$libinit$$00000013  c_p.l(libinit2.o)
    0x00000132   0x00000132   0x00000000   Code   RO         1995    .ARM.Collect$$libinit$$00000015  c_p.l(libinit2.o)
    0x00000132   0x00000132   0x00000000   Code   RO         1997    .ARM.Collect$$libinit$$00000017  c_p.l(libinit2.o)
    0x00000132   0x00000132   0x00000000   Code   RO         1999    .ARM.Collect$$libinit$$00000019  c_p.l(libinit2.o)
    0x00000132   0x00000132   0x00000000   Code   RO         2001    .ARM.Collect$$libinit$$0000001B  c_p.l(libinit2.o)
    0x00000132   0x00000132   0x00000000   Code   RO         2003    .ARM.Collect$$libinit$$0000001D  c_p.l(libinit2.o)
    0x00000132   0x00000132   0x00000000   Code   RO         2005    .ARM.Collect$$libinit$$0000001F  c_p.l(libinit2.o)
    0x00000132   0x00000132   0x00000000   Code   RO         2007    .ARM.Collect$$libinit$$00000021  c_p.l(libinit2.o)
    0x00000132   0x00000132   0x00000000   Code   RO         2009    .ARM.Collect$$libinit$$00000023  c_p.l(libinit2.o)
    0x00000132   0x00000132   0x00000000   Code   RO         2011    .ARM.Collect$$libinit$$00000025  c_p.l(libinit2.o)
    0x00000132   0x00000132   0x00000000   Code   RO         2015    .ARM.Collect$$libinit$$0000002C  c_p.l(libinit2.o)
    0x00000132   0x00000132   0x00000000   Code   RO         2017    .ARM.Collect$$libinit$$0000002E  c_p.l(libinit2.o)
    0x00000132   0x00000132   0x00000000   Code   RO         2019    .ARM.Collect$$libinit$$00000030  c_p.l(libinit2.o)
    0x00000132   0x00000132   0x00000000   Code   RO         2021    .ARM.Collect$$libinit$$00000032  c_p.l(libinit2.o)
    0x00000132   0x00000132   0x00000002   Code   RO         2022    .ARM.Collect$$libinit$$00000033  c_p.l(libinit2.o)
    0x00000134   0x00000134   0x00000002   Code   RO         2053    .ARM.Collect$$libshutdown$$00000000  c_p.l(libshutdown.o)
    0x00000136   0x00000136   0x00000000   Code   RO         2079    .ARM.Collect$$libshutdown$$00000002  c_p.l(libshutdown2.o)
    0x00000136   0x00000136   0x00000000   Code   RO         2081    .ARM.Collect$$libshutdown$$00000004  c_p.l(libshutdown2.o)
    0x00000136   0x00000136   0x00000000   Code   RO         2084    .ARM.Collect$$libshutdown$$00000007  c_p.l(libshutdown2.o)
    0x00000136   0x00000136   0x00000000   Code   RO         2087    .ARM.Collect$$libshutdown$$0000000A  c_p.l(libshutdown2.o)
    0x00000136   0x00000136   0x00000000   Code   RO         2089    .ARM.Collect$$libshutdown$$0000000C  c_p.l(libshutdown2.o)
    0x00000136   0x00000136   0x00000000   Code   RO         2092    .ARM.Collect$$libshutdown$$0000000F  c_p.l(libshutdown2.o)
    0x00000136   0x00000136   0x00000002   Code   RO         2093    .ARM.Collect$$libshutdown$$00000010  c_p.l(libshutdown2.o)
    0x00000138   0x00000138   0x00000000   Code   RO         1907    .ARM.Collect$$rtentry$$00000000  c_p.l(__rtentry.o)
    0x00000138   0x00000138   0x00000000   Code   RO         1927    .ARM.Collect$$rtentry$$00000002  c_p.l(__rtentry2.o)
    0x00000138   0x00000138   0x00000006   Code   RO         1939    .ARM.Collect$$rtentry$$00000004  c_p.l(__rtentry4.o)
    0x0000013e   0x0000013e   0x00000000   Code   RO         1929    .ARM.Collect$$rtentry$$00000009  c_p.l(__rtentry2.o)
    0x0000013e   0x0000013e   0x00000004   Code   RO         1930    .ARM.Collect$$rtentry$$0000000A  c_p.l(__rtentry2.o)
    0x00000142   0x00000142   0x00000000   Code   RO         1932    .ARM.Collect$$rtentry$$0000000C  c_p.l(__rtentry2.o)
    0x00000142   0x00000142   0x00000008   Code   RO         1933    .ARM.Collect$$rtentry$$0000000D  c_p.l(__rtentry2.o)
    0x0000014a   0x0000014a   0x00000002   Code   RO         1970    .ARM.Collect$$rtexit$$00000000  c_p.l(rtexit.o)
    0x0000014c   0x0000014c   0x00000000   Code   RO         2026    .ARM.Collect$$rtexit$$00000002  c_p.l(rtexit2.o)
    0x0000014c   0x0000014c   0x00000004   Code   RO         2027    .ARM.Collect$$rtexit$$00000003  c_p.l(rtexit2.o)
    0x00000150   0x00000150   0x00000006   Code   RO         2028    .ARM.Collect$$rtexit$$00000004  c_p.l(rtexit2.o)
    0x00000156   0x00000156   0x00000002   PAD
    0x00000158   0x00000158   0x00000034   Code   RO         1278    .text               startup_mkl25z4.o
    0x0000018c   0x0000018c   0x00000030   Code   RO         1822    .text               c_p.l(llmul.o)
    0x000001bc   0x000001bc   0x00000028   Code   RO         1826    .text               c_p.l(noretval__2sprintf.o)
    0x000001e4   0x000001e4   0x0000006c   Code   RO         1828    .text               c_p.l(__printf.o)
    0x00000250   0x00000250   0x0000006c   Code   RO         1832    .text               c_p.l(_printf_dec.o)
    0x000002bc   0x000002bc   0x00000028   Code   RO         1857    .text               c_p.l(strstr.o)
    0x000002e4   0x000002e4   0x00000040   Code   RO         1859    .text               c_p.l(rt_memclr.o)
    0x00000324   0x00000324   0x00000006   Code   RO         1865    .text               c_p.l(heapauxi.o)
    0x0000032a   0x0000032a   0x00000002   PAD
    0x0000032c   0x0000032c   0x0000007c   Code   RO         1869    .text               fz_ps.l(d2f.o)
    0x000003a8   0x000003a8   0x00000048   Code   RO         1878    .text               fz_ps.l(dfixui.o)
    0x000003f0   0x000003f0   0x0000000a   Code   RO         1916    .text               c_p.l(_sputc.o)
    0x000003fa   0x000003fa   0x00000002   Code   RO         2042    .text               c_p.l(use_no_semi.o)
    0x000003fc   0x000003fc   0x00000000   Code   RO         2044    .text               c_p.l(indicate_semi.o)
    0x000003fc   0x000003fc   0x00000002   Code   RO         1286    i.NMI_Handler       system8m.o
    0x000003fe   0x000003fe   0x00000000   Code   RO         1925    x$fpl$usenofp       fz_ps.l(usenofp.o)
    0x000003fe   0x000003fe   0x00000002   PAD
    0x00000400   0x00000400   0x00000010   Code   RO         1277    .ARM.__at_0x400     startup_mkl25z4.o
    0x00000410   0x00000410   0x0000015a   Code   RO         1861    .text               c_p.l(aeabi_sdiv.o)
    0x0000056a   0x0000056a   0x00000002   PAD
    0x0000056c   0x0000056c   0x00000358   Code   RO         1871    .text               fz_ps.l(daddsub.o)
    0x000008c4   0x000008c4   0x00000248   Code   RO         1882    .text               fz_ps.l(dmul.o)
    0x00000b0c   0x00000b0c   0x00000054   Code   RO         1884    .text               fz_ps.l(f2d.o)
    0x00000b60   0x00000b60   0x00000160   Code   RO         1892    .text               fz_ps.l(fdiv.o)
    0x00000cc0   0x00000cc0   0x0000005e   Code   RO         1899    .text               fz_ps.l(fflti.o)
    0x00000d1e   0x00000d1e   0x000000b0   Code   RO         1912    .text               c_p.l(_printf_intcommon.o)
    0x00000dce   0x00000dce   0x00000002   PAD
    0x00000dd0   0x00000dd0   0x00000030   Code   RO         1914    .text               c_p.l(_printf_char_common.o)
    0x00000e00   0x00000e00   0x00000028   Code   RO         1921    .text               c_p.l(rtudiv10.o)
    0x00000e28   0x00000e28   0x00000064   Code   RO         1923    .text               fz_ps.l(fcmpin.o)
    0x00000e8c   0x00000e8c   0x0000002e   Code   RO         1945    .text               fz_ps.l(cmpret.o)
    0x00000eba   0x00000eba   0x00000002   PAD
    0x00000ebc   0x00000ebc   0x00000010   Code   RO         1947    .text               fz_ps.l(fnan2.o)
    0x00000ecc   0x00000ecc   0x0000003e   Code   RO         1949    .text               c_p.l(sys_stackheap_outer.o)
    0x00000f0a   0x00000f0a   0x00000010   Code   RO         1952    .text               c_p.l(exit.o)
    0x00000f1a   0x00000f1a   0x0000005e   Code   RO         1964    .text               fz_ps.l(retnan.o)
    0x00000f78   0x00000f78   0x00000008   Code   RO         1966    .text               c_p.l(libspace.o)
    0x00000f80   0x00000f80   0x0000000c   Code   RO         2023    .text               c_p.l(sys_exit.o)
    0x00000f8c   0x00000f8c   0x00000056   Code   RO         2096    .text               c_p.l(__dczerorl2.o)
    0x00000fe2   0x00000fe2   0x00000002   PAD
    0x00000fe4   0x00000fe4   0x00000014   Code   RO            3    i.ADBEGIN           main.o
    0x00000ff8   0x00000ff8   0x000001fc   Code   RO            4    i.ADC0_IRQHandler   main.o
    0x000011f4   0x000011f4   0x0000000a   Code   RO            5    i.ADOVER            main.o
    0x000011fe   0x000011fe   0x00000002   PAD
    0x00001200   0x00001200   0x0000001c   Code   RO            6    i.ADPowerSelect     main.o
    0x0000121c   0x0000121c   0x0000003c   Code   RO            7    i.ADanalogyinit     main.o
    0x00001258   0x00001258   0x00000038   Code   RO         1330    i.CRC16ISR0         modbus.o
    0x00001290   0x00001290   0x00000038   Code   RO         1331    i.CRC16ISR1         modbus.o
    0x000012c8   0x000012c8   0x00000008   Code   RO         1715    i.Configinit        flash.o
    0x000012d0   0x000012d0   0x00000034   Code   RO            8    i.ConnectIndication  main.o
    0x00001304   0x00001304   0x00000034   Code   RO            9    i.Connectfail       main.o
    0x00001338   0x00001338   0x00000010   Code   RO         1332    i.Disable485TXD_uart0  modbus.o
    0x00001348   0x00001348   0x00000010   Code   RO         1333    i.Disable485TXD_uart2  modbus.o
    0x00001358   0x00001358   0x00000190   Code   RO           10    i.EMU               main.o
    0x000014e8   0x000014e8   0x00000080   Code   RO           11    i.ENTER_VLPS        main.o
    0x00001568   0x00001568   0x00000010   Code   RO         1334    i.Enable485TXD_uart0  modbus.o
    0x00001578   0x00001578   0x00000010   Code   RO         1335    i.Enable485TXD_uart2  modbus.o
    0x00001588   0x00001588   0x00000030   Code   RO         1716    i.FLASH_EraseSector  flash.o
    0x000015b8   0x000015b8   0x00000034   Code   RO         1721    i.FlashCmdStart     flash.o
    0x000015ec   0x000015ec   0x0000001c   Code   RO           13    i.GDPowerSelect     main.o
    0x00001608   0x00001608   0x00000114   Code   RO           14    i.IOinit            main.o
    0x0000171c   0x0000171c   0x00000024   Code   RO           15    i.Init_temp_parameter  main.o
    0x00001740   0x00001740   0x00000050   Code   RO           16    i.Init_uart0_TO_GPIO  main.o
    0x00001790   0x00001790   0x0000001c   Code   RO           17    i.LED_POWER         main.o
    0x000017ac   0x000017ac   0x0000001c   Code   RO           18    i.LED_SIGNAL        main.o
    0x000017c8   0x000017c8   0x00000040   Code   RO          381    i.LM005A_ADR_SET    lm005a.o
    0x00001808   0x00001808   0x00000040   Code   RO          383    i.LM005A_CLASS_SET  lm005a.o
    0x00001848   0x00001848   0x000000bc   Code   RO          384    i.LM005A_Cmd        lm005a.o
    0x00001904   0x00001904   0x00000040   Code   RO          385    i.LM005A_DR_SET     lm005a.o
    0x00001944   0x00001944   0x0000003c   Code   RO          386    i.LM005A_JOIN_SET   lm005a.o
    0x00001980   0x00001980   0x00000040   Code   RO          387    i.LM005A_MODE_SET   lm005a.o
    0x000019c0   0x000019c0   0x00000040   Code   RO          388    i.LM005A_POWER_SET  lm005a.o
    0x00001a00   0x00001a00   0x00000040   Code   RO          392    i.LM005A_SEND_DATA_Without_Receive  lm005a.o
    0x00001a40   0x00001a40   0x0000009c   Code   RO          395    i.LM005A_returnOK   lm005a.o
    0x00001adc   0x00001adc   0x00000014   Code   RO           20    i.LPTimer_IRQHandler  main.o
    0x00001af0   0x00001af0   0x00000014   Code   RO           21    i.NVIC_DisableIRQ   main.o
    0x00001b04   0x00001b04   0x00000014   Code   RO           22    i.NVIC_EnableIRQ    main.o
    0x00001b18   0x00001b18   0x00000014   Code   RO          698    i.NVIC_EnableIRQ    mkl_uart.o
    0x00001b2c   0x00001b2c   0x00000078   Code   RO           23    i.NVIC_SetPriority  main.o
    0x00001ba4   0x00001ba4   0x00000078   Code   RO          699    i.NVIC_SetPriority  mkl_uart.o
    0x00001c1c   0x00001c1c   0x00000084   Code   RO         1336    i.OnOrganizeData1   modbus.o
    0x00001ca0   0x00001ca0   0x00000084   Code   RO         1337    i.OnOrganizeData2   modbus.o
    0x00001d24   0x00001d24   0x00000030   Code   RO           24    i.PORTC_PORTD_IRQHandler  main.o
    0x00001d54   0x00001d54   0x0000001c   Code   RO         1722    i.RDBYTES           flash.o
    0x00001d70   0x00001d70   0x00000030   Code   RO           25    i.RTCBEGIN          main.o
    0x00001da0   0x00001da0   0x00000084   Code   RO          890    i.RTC_DateTimeToSecond  mkl_lpo_rtc.o
    0x00001e24   0x00001e24   0x00000020   Code   RO          895    i.RTC_GetTime       mkl_lpo_rtc.o
    0x00001e44   0x00001e44   0x0000001c   Code   RO           26    i.RTC_IRQHandler    main.o
    0x00001e60   0x00001e60   0x000000c0   Code   RO          897    i.RTC_SecondToDateTime  mkl_lpo_rtc.o
    0x00001f20   0x00001f20   0x00000038   Code   RO          901    i.RTC_SetTime       mkl_lpo_rtc.o
    0x00001f58   0x00001f58   0x000000b4   Code   RO         1339    i.RxdByte_uart2     modbus.o
    0x0000200c   0x0000200c   0x0000015c   Code   RO         1287    i.SystemCoreClockUpdate  system8m.o
    0x00002168   0x00002168   0x000000d0   Code   RO         1288    i.SystemInit        system8m.o
    0x00002238   0x00002238   0x000000e8   Code   RO           27    i.TPM1_IRQHandler   main.o
    0x00002320   0x00002320   0x0000004c   Code   RO           28    i.TPM1_init         main.o
    0x0000236c   0x0000236c   0x00000088   Code   RO         1340    i.UART0_IRQHandler  modbus.o
    0x000023f4   0x000023f4   0x0000001c   Code   RO          700    i.UART1_IRQHandler  mkl_uart.o
    0x00002410   0x00002410   0x0000006c   Code   RO         1341    i.UART2_IRQHandler  modbus.o
    0x0000247c   0x0000247c   0x000000c4   Code   RO          396    i.USART_CMD_LM005A  lm005a.o
    0x00002540   0x00002540   0x00000118   Code   RO          397    i.USART_CMD_LM005A_data  lm005a.o
    0x00002658   0x00002658   0x00000094   Code   RO         1723    i.WRBYTES           flash.o
    0x000026ec   0x000026ec   0x0000001c   Code   RO          824    i.__ARM_common_switch8  mkl_uart.o
    0x00002708   0x00002708   0x0000001c   Code   RO          518    i.adcGetUint        mkl_adc.o
    0x00002724   0x00002724   0x00000070   Code   RO          519    i.adcInit           mkl_adc.o
    0x00002794   0x00002794   0x00000024   Code   RO           31    i.clockMonitor      main.o
    0x000027b8   0x000027b8   0x00000044   Code   RO           32    i.enter_vlps        main.o
    0x000027fc   0x000027fc   0x000001d8   Code   RO         1342    i.getModbusData1    modbus.o
    0x000029d4   0x000029d4   0x00000240   Code   RO         1343    i.getModbusData2    modbus.o
    0x00002c14   0x00002c14   0x00000064   Code   RO         1345    i.getTelLength_uart2  modbus.o
    0x00002c78   0x00002c78   0x0000003c   Code   RO         1346    i.getTxdByte_uart0  modbus.o
    0x00002cb4   0x00002cb4   0x0000003c   Code   RO         1347    i.getTxdByte_uart2  modbus.o
    0x00002cf0   0x00002cf0   0x00000028   Code   RO         1348    i.hasByteToTxd_uart0  modbus.o
    0x00002d18   0x00002d18   0x00000028   Code   RO         1349    i.hasByteToTxd_uart2  modbus.o
    0x00002d40   0x00002d40   0x0000002e   Code   RO           33    i.int_sqrt          main.o
    0x00002d6e   0x00002d6e   0x00000002   PAD
    0x00002d70   0x00002d70   0x0000005c   Code   RO         1351    i.isTelComplete_uart2  modbus.o
    0x00002dcc   0x00002dcc   0x000000c0   Code   RO         1353    i.isVaildTel_uart2  modbus.o
    0x00002e8c   0x00002e8c   0x00000080   Code   RO          398    i.itoa              lm005a.o
    0x00002f0c   0x00002f0c   0x0000003c   Code   RO         1355    i.leftRxdTel_uart2  modbus.o
    0x00002f48   0x00002f48   0x00000048   Code   RO         1725    i.loadConfig        flash.o
    0x00002f90   0x00002f90   0x000003a8   Code   RO           34    i.main              main.o
    0x00003338   0x00003338   0x000000d0   Code   RO         1058    i.pbe_pee           mcg.o
    0x00003408   0x00003408   0x0000003c   Code   RO          834    i.pitInit           mkl_pit.o
    0x00003444   0x00003444   0x00000084   Code   RO         1357    i.receiveloop_uart2  modbus.o
    0x000034c8   0x000034c8   0x0000006c   Code   RO         1358    i.reply_ack_uart2   modbus.o
    0x00003534   0x00003534   0x00000084   Code   RO         1359    i.reply_adc_uart2   modbus.o
    0x000035b8   0x000035b8   0x00000074   Code   RO         1360    i.reply_addr_uart2  modbus.o
    0x0000362c   0x0000362c   0x00000084   Code   RO         1361    i.reply_crt_uart2   modbus.o
    0x000036b0   0x000036b0   0x0000006c   Code   RO         1362    i.reply_displacement_uart2  modbus.o
    0x0000371c   0x0000371c   0x00000084   Code   RO         1363    i.reply_lmd_uart2   modbus.o
    0x000037a0   0x000037a0   0x000000e8   Code   RO         1364    i.reply_measure_uart2  modbus.o
    0x00003888   0x00003888   0x00000074   Code   RO         1365    i.reply_rate_uart2  modbus.o
    0x000038fc   0x000038fc   0x00000088   Code   RO          902    i.rtcInit           mkl_lpo_rtc.o
    0x00003984   0x00003984   0x00000098   Code   RO           35    i.rtcIntConfig      main.o
    0x00003a1c   0x00003a1c   0x00000020   Code   RO         1727    i.saveConfig        flash.o
    0x00003a3c   0x00003a3c   0x00000028   Code   RO         1366    i.set_ack_uart2     modbus.o
    0x00003a64   0x00003a64   0x00000050   Code   RO         1367    i.set_adc_uart2     modbus.o
    0x00003ab4   0x00003ab4   0x00000030   Code   RO         1368    i.set_addr_uart2    modbus.o
    0x00003ae4   0x00003ae4   0x00000050   Code   RO         1369    i.set_crt_uart2     modbus.o
    0x00003b34   0x00003b34   0x00000028   Code   RO         1370    i.set_displacement_uart2  modbus.o
    0x00003b5c   0x00003b5c   0x00000050   Code   RO         1371    i.set_lmd_uart2     modbus.o
    0x00003bac   0x00003bac   0x00000034   Code   RO         1372    i.set_rate_uart2    modbus.o
    0x00003be0   0x00003be0   0x00000012   Code   RO         1373    i.startTxd_uart0    modbus.o
    0x00003bf2   0x00003bf2   0x00000012   Code   RO         1374    i.startTxd_uart2    modbus.o
    0x00003c04   0x00003c04   0x0000004c   Code   RO          855    i.time_delay_ms     mkl_lptmr.o
    0x00003c50   0x00003c50   0x00000018   Code   RO          702    i.uart0GetChar      mkl_uart.o
    0x00003c68   0x00003c68   0x00000154   Code   RO          703    i.uart0Init         mkl_uart.o
    0x00003dbc   0x00003dbc   0x00000018   Code   RO          704    i.uart0SendChar     mkl_uart.o
    0x00003dd4   0x00003dd4   0x00000020   Code   RO          706    i.uart0TranControl  mkl_uart.o
    0x00003df4   0x00003df4   0x00000018   Code   RO          709    i.uart1SendChar     mkl_uart.o
    0x00003e0c   0x00003e0c   0x00000018   Code   RO          712    i.uart2GetChar      mkl_uart.o
    0x00003e24   0x00003e24   0x000000dc   Code   RO          713    i.uart2Init         mkl_uart.o
    0x00003f00   0x00003f00   0x00000018   Code   RO          714    i.uart2SendChar     mkl_uart.o
    0x00003f18   0x00003f18   0x00000020   Code   RO          716    i.uart2TranControl  mkl_uart.o
    0x00003f38   0x00003f38   0x00000034   Code   RO         1375    i.uart_send_data_uart0  modbus.o
    0x00003f6c   0x00003f6c   0x00000034   Code   RO         1376    i.uart_send_data_uart2  modbus.o
    0x00003fa0   0x00003fa0   0x00000188   Code   RO         1061    i.what_mcg_mode     mcg.o
    0x00004128   0x00004128   0x0000008c   Code   RO         1886    x$fpl$fadd          fz_ps.l(faddsub.o)
    0x000041b4   0x000041b4   0x00000054   Code   RO         1901    x$fpl$fleqf         fz_ps.l(flef.o)
    0x00004208   0x00004208   0x000000b0   Code   RO         1903    x$fpl$fmul          fz_ps.l(fmul.o)
    0x000042b8   0x000042b8   0x00000058   Code   RO         1905    x$fpl$frleqf        fz_ps.l(frlef.o)
    0x00004310   0x00004310   0x000000d0   Code   RO         1888    x$fpl$fsub          fz_ps.l(faddsub.o)
    0x000043e0   0x000043e0   0x00000034   Data   RO          904    .constdata          mkl_lpo_rtc.o
    0x00004414   0x00004414   0x00000200   Data   RO         1378    .constdata          modbus.o
    0x00004614   0x00004614   0x00000040   Data   RO         1893    .constdata          fz_ps.l(fdiv.o)
    0x00004654   0x00004654   0x00000020   Data   RO         2094    Region$$Table       anon$$obj.o


    Execution Region RW_IRAM1 (Exec base: 0x1ffff800, Load base: 0x00004674, Size: 0x00001590, Max: 0x00002000, ABSOLUTE, COMPRESSED[0x000000b8])

    Exec Addr    Load Addr    Size         Type   Attr      Idx    E Section Name        Object

    0x1ffff800   COMPRESSED   0x0000041c   Data   RW           39    .data               main.o
    0x1ffffc1c   COMPRESSED   0x00000004   Data   RW          400    .data               lm005a.o
    0x1ffffc20   COMPRESSED   0x00000008   Data   RW         1289    .data               system8m.o
    0x1ffffc28   COMPRESSED   0x0000000c   Data   RW         1379    .data               modbus.o
    0x1ffffc34   COMPRESSED   0x00000014   Data   RW         1730    .data               flash.o
    0x1ffffc48        -       0x00000380   Zero   RW           37    .bss                main.o
    0x1fffffc8        -       0x00000464   Zero   RW          399    .bss                lm005a.o
    0x2000042c        -       0x00000100   Zero   RW         1377    .bss                modbus.o
    0x2000052c        -       0x00000060   Zero   RW         1967    .bss                c_p.l(libspace.o)
    0x2000058c   COMPRESSED   0x00000004   PAD
    0x20000590        -       0x00000000   Zero   RW         1275    HEAP                startup_mkl25z4.o
    0x20000590        -       0x00000800   Zero   RW         1274    STACK               startup_mkl25z4.o


==============================================================================

Image component sizes


      Code (inc. data)   RO Data    RW Data    ZI Data      Debug   Object Name

       388         40          0         20          0       5087   flash.o
      1392        254          0          4       1124      16659   lm005a.o
      3584        426          0       1052        896      36660   main.o
       600          8          0          0          0       1390   mcg.o
       140         22          0          0          0     158195   mkl_adc.o
       548         58         52          0          0       3640   mkl_lpo_rtc.o
        76         10          0          0          0        488   mkl_lptmr.o
        60         12          0          0          0        398   mkl_pit.o
       940        100          0          0          0      12263   mkl_uart.o
      4324        488        512         12        256      24249   modbus.o
        68         38        192          0       2048        816   startup_mkl25z4.o
       558         70          0          8          0       1856   system8m.o

    ----------------------------------------------------------------------
     12682       1526        788       1096       4324     261701   Object Totals
         0          0         32          0          0          0   (incl. Generated)
         4          0          0          0          0          0   (incl. Padding)

    ----------------------------------------------------------------------

      Code (inc. data)   RO Data    RW Data    ZI Data      Debug   Library Member Name

        86          0          0          0          0          0   __dczerorl2.o
         8          0          0          0          0         68   __main.o
       108          0          0          0          0         76   __printf.o
         0          0          0          0          0          0   __rtentry.o
        12          0          0          0          0          0   __rtentry2.o
         6          0          0          0          0          0   __rtentry4.o
        60          8          0          0          0          0   __scatter.o
        28          0          0          0          0          0   __scatter_zi.o
        48          6          0          0          0         88   _printf_char_common.o
        10          0          0          0          0          0   _printf_d.o
       108         18          0          0          0         76   _printf_dec.o
       176          0          0          0          0         84   _printf_intcommon.o
         2          0          0          0          0          0   _printf_percent.o
         4          0          0          0          0          0   _printf_percent_end.o
        10          0          0          0          0         60   _sputc.o
       346          0          0          0          0         92   aeabi_sdiv.o
        16          0          0          0          0         68   exit.o
         6          0          0          0          0        136   heapauxi.o
         0          0          0          0          0          0   indicate_semi.o
         2          0          0          0          0          0   libinit.o
         2          0          0          0          0          0   libinit2.o
         2          0          0          0          0          0   libshutdown.o
         2          0          0          0          0          0   libshutdown2.o
         8          4          0          0         96         68   libspace.o
        48          0          0          0          0         72   llmul.o
        40          4          0          0          0         84   noretval__2sprintf.o
        64          0          0          0          0        108   rt_memclr.o
         2          0          0          0          0          0   rtexit.o
        10          0          0          0          0          0   rtexit2.o
        40          0          0          0          0         60   rtudiv10.o
        40          0          0          0          0         72   strstr.o
        12          4          0          0          0         60   sys_exit.o
        62          0          0          0          0         80   sys_stackheap_outer.o
         2          0          0          0          0         68   use_no_semi.o
        46          0          0          0          0         60   cmpret.o
       124          4          0          0          0         72   d2f.o
       856         20          0          0          0        208   daddsub.o
        72          4          0          0          0         68   dfixui.o
       584         26          0          0          0         84   dmul.o
        84          4          0          0          0         60   f2d.o
       348          8          0          0          0        160   faddsub.o
       100          4          0          0          0         68   fcmpin.o
       352         10         64          0          0         92   fdiv.o
        94          0          0          0          0         92   fflti.o
        84          4          0          0          0         76   flef.o
       176          4          0          0          0         80   fmul.o
        16          6          0          0          0         68   fnan2.o
        88          4          0          0          0         76   frlef.o
        94          0          0          0          0         68   retnan.o
         0          0          0          0          0          0   usenofp.o

    ----------------------------------------------------------------------
      4502        142         64          0        100       2752   Library Totals
        14          0          0          0          4          0   (incl. Padding)

    ----------------------------------------------------------------------

      Code (inc. data)   RO Data    RW Data    ZI Data      Debug   Library Name

      1370         44          0          0         96       1420   c_p.l
      3118         98         64          0          0       1332   fz_ps.l

    ----------------------------------------------------------------------
      4502        142         64          0        100       2752   Library Totals

    ----------------------------------------------------------------------

==============================================================================


      Code (inc. data)   RO Data    RW Data    ZI Data      Debug   

     17184       1668        852       1096       4424     258245   Grand Totals
     17184       1668        852        184       4424     258245   ELF Image Totals (compressed)
     17184       1668        852        184          0          0   ROM Totals

==============================================================================

    Total RO  Size (Code + RO Data)                18036 (  17.61kB)
    Total RW  Size (RW Data + ZI Data)              5520 (   5.39kB)
    Total ROM Size (Code + RO Data + RW Data)      18220 (  17.79kB)

==============================================================================

